当前日期: 2020/05/12 周二 
输入新日期: (年月日)  

当前时间: 19:35:19.40
输入新时间: 

主机名:           DESKTOP-K2ANNVH
OS 名称:          Microsoft Windows 10 专业版
OS 版本:          10.0.18363 暂缺 Build 18363
OS 制造商:        Microsoft Corporation
OS 配置:          独立工作站
OS 构件类型:      Multiprocessor Free
注册的所有人:     745046275@qq.com
注册的组织:       
产品 ID:          00331-10000-00001-AA630
初始安装日期:     2020/4/29, 8:59:55
系统启动时间:     2020/5/9, 13:56:30
系统制造商:       LENOVO
系统型号:         80WW
系统类型:         x64-based PC
处理器:           安装了 1 个处理器。
                  [01]: Intel64 Family 6 Model 158 Stepping 9 GenuineIntel ~2500 Mhz
BIOS 版本:        LENOVO 4KCN30WW, 2017/8/31
Windows 目录:     C:\Windows
系统目录:         C:\Windows\system32
启动设备:         \Device\HarddiskVolume3
系统区域设置:     zh-cn;中文(中国)
输入法区域设置:   zh-cn;中文(中国)
时区:             (UTC+08:00) 北京，重庆，香港特别行政区，乌鲁木齐
物理内存总量:     16,259 MB
可用的物理内存:   9,599 MB
虚拟内存: 最大值: 18,691 MB
虚拟内存: 可用:   9,490 MB
虚拟内存: 使用中: 9,201 MB
页面文件位置:     C:\pagefile.sys
域:               WORKGROUP
登录服务器:       \\DESKTOP-K2ANNVH
修补程序:         安装了 8 个修补程序。
                  [01]: KB4537572
                  [02]: KB4513661
                  [03]: KB4516115
                  [04]: KB4517245
                  [05]: KB4528759
                  [06]: KB4537759
                  [07]: KB4552152
                  [08]: KB4549951
网卡:             安装了 6 个 NIC。
                  [01]: Realtek 8821AE Wireless LAN 802.11ac PCI-E NIC
                      连接名:      WLAN
                      启用 DHCP:   是
                      DHCP 服务器: 192.168.0.1
                      IP 地址
                        [01]: 192.168.0.110
                        [02]: fe80::b939:f91c:283d:bd9c
                  [02]: Realtek PCIe GbE Family Controller
                      连接名:      以太网
                      状态:        媒体连接已中断
                  [03]: Bluetooth Device (Personal Area Network)
                      连接名:      蓝牙网络连接
                      状态:        媒体连接已中断
                  [04]: Sangfor SSL VPN CS Support System VNIC
                      连接名:      以太网 2
                      状态:        媒体连接已中断
                  [05]: VMware Virtual Ethernet Adapter for VMnet1
                      连接名:      VMware Network Adapter VMnet1
                      启用 DHCP:   是
                      DHCP 服务器: 192.168.73.254
                      IP 地址
                        [01]: 192.168.73.1
                        [02]: fe80::edaa:b14f:ef57:9dae
                  [06]: VMware Virtual Ethernet Adapter for VMnet8
                      连接名:      VMware Network Adapter VMnet8
                      启用 DHCP:   是
                      DHCP 服务器: 192.168.182.254
                      IP 地址
                        [01]: 192.168.182.1
                        [02]: fe80::284b:7bb3:c819:101c
Hyper-V 要求:     虚拟机监视器模式扩展: 是
                  固件中已启用虚拟化: 是
                  二级地址转换: 是
                  数据执行保护可用: 是

===========================================================================
接口列表
  4...54 e1 ad a2 c8 78 ......Realtek PCIe GbE Family Controller
 11...00 ff 69 0e ab 23 ......Sangfor SSL VPN CS Support System VNIC
 15...62 14 b3 ba c8 8d ......Microsoft Wi-Fi Direct Virtual Adapter
 16...60 14 b3 ba c8 8d ......Microsoft Wi-Fi Direct Virtual Adapter #2
 17...00 50 56 c0 00 01 ......VMware Virtual Ethernet Adapter for VMnet1
 18...00 50 56 c0 00 08 ......VMware Virtual Ethernet Adapter for VMnet8
  3...60 14 b3 ba c8 8d ......Realtek 8821AE Wireless LAN 802.11ac PCI-E NIC
  9...60 14 b3 ba c8 8e ......Bluetooth Device (Personal Area Network)
  1...........................Software Loopback Interface 1
===========================================================================

IPv4 路由表
===========================================================================
活动路由:
网络目标        网络掩码          网关       接口   跃点数
          0.0.0.0          0.0.0.0      192.168.0.1    192.168.0.110     35
        127.0.0.0        255.0.0.0            在链路上         127.0.0.1    331
        127.0.0.1  255.255.255.255            在链路上         127.0.0.1    331
  127.255.255.255  255.255.255.255            在链路上         127.0.0.1    331
      192.168.0.0    255.255.255.0            在链路上     192.168.0.110    291
    192.168.0.110  255.255.255.255            在链路上     192.168.0.110    291
    192.168.0.255  255.255.255.255            在链路上     192.168.0.110    291
     192.168.73.0    255.255.255.0            在链路上      192.168.73.1    291
     192.168.73.1  255.255.255.255            在链路上      192.168.73.1    291
   192.168.73.255  255.255.255.255            在链路上      192.168.73.1    291
    192.168.182.0    255.255.255.0            在链路上     192.168.182.1    291
    192.168.182.1  255.255.255.255            在链路上     192.168.182.1    291
  192.168.182.255  255.255.255.255            在链路上     192.168.182.1    291
        224.0.0.0        240.0.0.0            在链路上         127.0.0.1    331
        224.0.0.0        240.0.0.0            在链路上     192.168.0.110    291
        224.0.0.0        240.0.0.0            在链路上      192.168.73.1    291
        224.0.0.0        240.0.0.0            在链路上     192.168.182.1    291
  255.255.255.255  255.255.255.255            在链路上         127.0.0.1    331
  255.255.255.255  255.255.255.255            在链路上     192.168.0.110    291
  255.255.255.255  255.255.255.255            在链路上      192.168.73.1    291
  255.255.255.255  255.255.255.255            在链路上     192.168.182.1    291
===========================================================================
永久路由:
  无

IPv6 路由表
===========================================================================
活动路由:
 接口跃点数网络目标                网关
  1    331 ::1/128                  在链路上
  3    291 fe80::/64                在链路上
 17    291 fe80::/64                在链路上
 18    291 fe80::/64                在链路上
 18    291 fe80::284b:7bb3:c819:101c/128
                                    在链路上
  3    291 fe80::b939:f91c:283d:bd9c/128
                                    在链路上
 17    291 fe80::edaa:b14f:ef57:9dae/128
                                    在链路上
  1    331 ff00::/8                 在链路上
  3    291 ff00::/8                 在链路上
 17    291 ff00::/8                 在链路上
 18    291 ff00::/8                 在链路上
===========================================================================
永久路由:
  无
 

接口: 192.168.0.110 --- 0x3
  Internet 地址         物理地址              类型
  192.168.0.1           0c-4b-54-24-16-46     动态        
  192.168.0.103         4c-49-e3-59-1c-84     动态        
  192.168.0.104         04-e5-36-cf-1d-68     动态        
  192.168.0.105         a8-8e-24-49-57-78     动态        
  192.168.0.255         ff-ff-ff-ff-ff-ff     静态        
  224.0.0.2             01-00-5e-00-00-02     静态        
  224.0.0.22            01-00-5e-00-00-16     静态        
  224.0.0.251           01-00-5e-00-00-fb     静态        
  224.0.0.252           01-00-5e-00-00-fc     静态        
  239.192.152.143       01-00-5e-40-98-8f     静态        
  239.255.255.250       01-00-5e-7f-ff-fa     静态        
  255.255.255.255       ff-ff-ff-ff-ff-ff     静态        

接口: 192.168.73.1 --- 0x11
  Internet 地址         物理地址              类型
  192.168.73.254        00-50-56-e8-05-78     动态        
  192.168.73.255        ff-ff-ff-ff-ff-ff     静态        
  224.0.0.2             01-00-5e-00-00-02     静态        
  224.0.0.22            01-00-5e-00-00-16     静态        
  224.0.0.100           01-00-5e-00-00-64     静态        
  224.0.0.251           01-00-5e-00-00-fb     静态        
  224.0.0.252           01-00-5e-00-00-fc     静态        
  238.238.238.238       01-00-5e-6e-ee-ee     静态        
  239.192.152.143       01-00-5e-40-98-8f     静态        
  239.255.255.250       01-00-5e-7f-ff-fa     静态        
  255.255.255.255       ff-ff-ff-ff-ff-ff     静态        

接口: 192.168.182.1 --- 0x12
  Internet 地址         物理地址              类型
  192.168.182.254       00-50-56-ef-e2-33     动态        
  192.168.182.255       ff-ff-ff-ff-ff-ff     静态        
  224.0.0.2             01-00-5e-00-00-02     静态        
  224.0.0.22            01-00-5e-00-00-16     静态        
  224.0.0.100           01-00-5e-00-00-64     静态        
  224.0.0.251           01-00-5e-00-00-fb     静态        
  224.0.0.252           01-00-5e-00-00-fc     静态        
  238.238.238.238       01-00-5e-6e-ee-ee     静态        
  239.192.152.143       01-00-5e-40-98-8f     静态        
  239.255.255.250       01-00-5e-7f-ff-fa     静态        
  255.255.255.255       ff-ff-ff-ff-ff-ff     静态        

Process information for DESKTOP-K2ANNVH:

Name                Pid Pri Thd  Hnd   Priv        CPU Time    Elapsed Time 
Idle                  0   0   4    0     60   133:25:01.968    76:20:07.937
System                4   8 168 6099    196     0:29:28.812    76:20:07.937
Registry            104   8   4    0   7656     0:00:03.671    76:20:14.103
smss                520  11   2   53   1156     0:00:00.187    76:20:07.930
csrss               612  13  13  803   2052     0:00:11.546    76:20:05.732
wininit             716  13   1  182   1764     0:00:00.218    76:20:04.462
services            788   9   5  774   5696     0:09:42.859    76:20:04.387
lsass               808   9   6 1989   9580     0:00:38.390    76:20:04.346
svchost             968   8   1   86    936     0:00:00.187    76:20:04.180
svchost            1012   8  13 1253  16684     0:01:14.375    76:20:04.169
fontdrvhost          68   8   5   32   2028     0:00:00.375    76:20:04.163
svchost             864   8  13 1364  10288     0:01:12.562    76:20:04.077
svchost             600   8   4  278   3288     0:00:05.531    76:20:04.048
svchost            1172   8   2  180   1772     0:00:00.328    76:20:03.889
svchost            1176   8   6  261   2576     0:00:00.328    76:20:03.889
svchost            1180   8   2  177   1836     0:00:00.437    76:20:03.889
svchost            1296   8   2  157   2312     0:00:01.046    76:20:03.872
svchost            1304   8   4  255   2540     0:00:01.984    76:20:03.872
svchost            1428   8   2  262   2264     0:00:00.187    76:20:03.841
svchost            1452   8   5  134   1556     0:00:00.171    76:20:03.837
svchost            1568   8   6  419  15192     0:00:13.156    76:20:03.796
svchost            1632   8   2  223   2300     0:00:00.312    76:20:03.783
svchost            1752   8   3  153   5204     0:00:02.328    76:20:03.724
NVDisplay.Container  1760   8  10  319   5036     0:00:49.359    76:20:03.723
svchost            1824   8   5  237   2348     0:00:37.906    76:20:03.694
svchost            1876   8   2  263   3232     0:00:01.218    76:20:03.680
svchost            1888   8   4  178   2024     0:00:00.609    76:20:03.679
svchost            1912   8   3  235   1348     0:00:00.703    76:20:03.678
svchost            1920   8   3  225   2816     0:01:31.250    76:20:03.678
svchost            1936   8   5  180   2560     0:00:03.015    76:20:03.674
svchost            1944   8   1  163   1580     0:00:00.171    76:20:03.673
svchost            1488   8   3  308   7324     0:00:43.500    76:20:03.636
Memory Compression  1820   8 418    0    240     0:00:16.328    76:20:03.633
svchost            2152   8   7  398   5156     0:00:15.234    76:20:03.618
svchost            2188   8   2  225   2344     0:00:00.687    76:20:03.614
svchost            2212   8  11  283   3488     0:03:49.234    76:20:03.608
svchost            2292   8   5  385   6984     0:00:09.156    76:20:03.592
igfxCUIService     2340   8   2  169   1788     0:00:00.203    76:20:03.568
svchost            2388   8   7  259   3032     0:00:05.031    76:20:03.546
svchost            2496   8   2  182   1760     0:00:00.281    76:20:03.499
svchost            2504   8   8  698   3428     0:00:11.421    76:20:03.499
svchost            2516   8   4  157   1808     0:00:02.234    76:20:03.495
svchost            2744   8   7  384   3556     0:00:14.953    76:20:03.290
svchost            2768   8   3  185   2084     0:00:18.203    76:20:03.255
RtkAudioService64  2868   8   2  167   1836     0:00:00.296    76:20:03.198
svchost            3020   8   7  142   1912     0:00:00.796    76:20:02.712
svchost            3028   8   7  375   2876     0:00:01.500    76:20:02.711
svchost            2968   8  11  506   6328     0:00:01.875    76:20:02.643
svchost            3120   8   3  244   4240     0:00:00.593    76:20:02.515
spoolsv            3224   8   8  534   8096     0:00:06.062    76:20:02.466
svchost            3264   8  15  440  13484     0:00:27.078    76:20:02.431
svchost            3292   8   3  182   1880     0:00:00.656    76:20:02.415
svchost            3532   8   7  293   3980     0:00:08.265    76:20:02.255
IntelCpHDCPSvc     3540   8   3  166   1508     0:00:00.109    76:20:02.255
svchost            3548   8   2  184   2332     0:00:01.015    76:20:02.255
AlibabaProtect     3556   8  27  757  25848     0:01:46.140    76:20:02.255
svchost            3576   8   8  548  18224     0:00:19.515    76:20:02.253
svchost            3584   8  15  384  41448     0:01:20.734    76:20:02.253
OfficeClickToRun   3596   8  16  651  31416     0:00:04.031    76:20:02.252
svchost            3628   8  10  379  10424     0:00:53.406    76:20:02.245
QQProtect          3720   8  19  472  19428     0:00:05.328    76:20:02.218
pcas               3728   8   5  340   6100     0:06:51.031    76:20:02.218
svchost            3736   8   1  135   1596     0:00:00.156    76:20:02.217
svchost            3756   8   4  203   2236     0:00:01.171    76:20:02.212
RtkBtManServ       3776   8   2 19842   2076     0:00:01.671    76:20:02.207
SangforPromoteService  3800   8  13  413   7388     0:01:19.203    76:20:02.200
svchost            3848   8   4  178   1920     0:00:02.171    76:20:02.193
SynTPEnhService    3860   8   5  317   2348     0:00:00.203    76:20:02.189
svchost            3876   8   3  144   1360     0:00:00.140    76:20:02.183
vmnetdhcp          3928   8   2   87   7844     0:00:00.265    76:20:02.170
vmnat              4052   8   4  197   5036     0:00:00.921    76:20:02.154
svchost            4072   8   7  435   5548     0:00:05.890    76:20:02.149
MsMpEng            4092   8  28 8410 1664084     0:27:19.531    76:20:02.141
svchost            4136   8   2  109   1288     0:00:00.109    76:20:02.107
svchost            4164   8   6  484   3780     0:00:03.781    76:20:02.099
vmware-authd       4172   8   6  307   9148     0:07:08.937    76:20:02.098
vmware-usbarbitrator64  4188   8   3  220   3156     0:00:00.968    76:20:02.094
IntelCpHeciSvc     4260   8   3  133   1364     0:00:00.125    76:20:02.067
svchost            4364   8  14  389   3596     0:00:02.250    76:20:02.041
vmware-hostd       1168   8  20  455  36460     0:00:02.937    76:20:01.324
svchost            5220   8   1  125   1520     0:00:00.171    76:20:01.234
svchost            5316   8   3  160   1760     0:00:02.250    76:20:01.136
svchost            1144   8   1  140   1544     0:00:00.140    76:19:57.056
svchost            3764   8   4  270   2848     0:00:01.671    76:19:56.998
dasHost            1864   8   3  354   5228     0:00:01.453    76:19:56.742
svchost            4852   8   8  281   2872     0:00:07.687    76:19:56.210
svchost            2896   8   9  413   5924     0:00:42.500    76:19:42.054
svchost            6300   8   1  231   2864     0:00:41.265    76:19:41.771
svchost            7260   8   3  279   3636     0:00:04.734    76:19:41.346
svchost            7376   8   3  240   1756     0:00:00.281    76:19:41.234
svchost            7808   8   9  389   5388     0:00:02.531    76:19:40.767
svchost            9180   8   3  306   2372     0:00:07.906    76:19:36.664
SearchIndexer      8232   8  20  890  33024     0:00:48.390    76:19:36.516
svchost            9448   8   6  292   4952     0:00:03.140    76:19:35.821
svchost            9256   8   6  210   2348     0:00:00.234    76:19:31.757
svchost           10688   8   3  286   2756     0:00:00.343    76:19:29.800
svchost           10784   8   3  250   2952     0:00:00.515    76:19:29.567
svchost           11004   8   7  298   4844     0:00:04.093    76:19:27.185
SecurityHealthService 11788   8  31  985   7060     0:00:02.843    76:19:24.932
DolbyDAX2API      10620   8   6  370  31168     0:00:01.125    76:18:01.088
SgrmBroker         6176   8   3   89   3708     0:00:03.656    76:18:00.635
svchost           12904   8   8  228   2708     0:00:00.546    76:18:00.339
svchost            2336   8   3  228   5248     0:00:01.328    76:17:03.235
NisSrv             6560   8   8  197   8084     0:00:13.000    76:17:02.755
svchost           11980   8   5  183   2740     0:00:01.359    76:11:58.162
svchost           12448   8   5  283   4024     0:00:00.437    72:24:44.262
svchost           12384   8   4  191   6236     0:00:00.203    72:24:43.539
csrss             11820  13  14  806   2860     0:03:55.921    19:54:57.874
winlogon          10460  13   5  275   2572     0:00:00.343    19:54:57.862
fontdrvhost       14664   8   5   32   6372     0:00:06.500    19:54:57.795
dwm               10020  13  13 1268 123364     0:15:21.078    19:54:57.793
NVDisplay.Container  9672   8  17  468  23908     0:00:01.046    19:54:55.830
sihost             4380   8   8  613   6976     0:00:06.562    18:54:27.995
svchost           16692   8  14  342   8984     0:00:13.078    18:54:27.976
svchost            5960   8   3  639   7444     0:00:02.234    18:54:27.926
igfxEM             2400   8   9  759   6428     0:00:01.093    18:54:27.916
taskhostw         14420   8   8  324   7208     0:00:02.515    18:54:27.759
explorer          12352   8  87 2794  86328     0:06:11.718    18:54:27.542
svchost           10640   8   7  321   3852     0:00:01.625    18:54:26.824
RAVBg64           17156   8   4  315   6032     0:00:00.328    18:54:26.337
StartMenuExperienceHost  1620   8   7  595  26032     0:00:08.234    18:54:25.426
RuntimeBroker     17196   8   3  352   6712     0:00:02.812    18:54:24.883
SearchUI          13760   8  46 1580 134360     0:00:13.906    18:54:24.641
SynTPEnh          14076  10   7  524   6852     0:00:18.375    18:54:24.324
ctfmon            15012  13  12  712  17140     0:00:53.875    18:54:24.289
RuntimeBroker     13592   8  14  682  13648     0:00:04.296    18:54:24.276
YourPhone         14104   8  18  644  16800     0:00:00.671    18:54:23.466
SynTPHelper       14308  10   1   78   1104     0:00:00.015    18:54:23.432
ChsIME            10920   8  69 1314  20024     0:00:29.781    18:54:23.166
WindowsInternal.ComposableShell.Experiences.TextInput.InputApp 11060   8  14  680  13436     0:00:11.906    18:54:23.136
ECAgent            4372   8  12  457   8268     0:00:11.109    18:54:23.043
RuntimeBroker     16696   8   1  141   1716     0:00:00.125    18:54:18.582
RuntimeBroker     17000   8   1  331   5688     0:00:07.343    18:54:15.455
SecurityHealthSystray   112   8   1  164   1960     0:00:00.125    18:54:13.279
RAVCpl64           2008   8   6  357   4128     0:00:00.609    18:54:12.837
RAVBg64            5924   8   4  315   6056     0:00:00.671    18:54:12.173
RAVBg64            4304   8   4  314   6028     0:00:00.421    18:54:11.635
CCXProcess        13476   8   1   61    708     0:00:00.015    18:54:10.904
node              13632   8  21  607  40876     0:00:02.781    18:54:10.889
conhost           14348   8   2  120   6508     0:00:00.203    18:54:10.881
ShadowsocksR-dotnet4.0 17132   8   9  705  55964     0:00:02.578    18:54:09.823
AdobeIPCBroker    16920   8   5  225   2552     0:00:00.234    18:54:09.064
acrotray          15520   8   2  299   4636     0:00:00.390    18:54:08.569
ShellExperienceHost 11940   8  16  783  26344     0:00:05.250    18:53:59.736
RuntimeBroker     11700   8   5  424   7044     0:00:00.812    18:53:59.550
SystemSettings    15864   8  22  849  22620     0:00:00.515    18:53:35.347
ApplicationFrameHost  1952   8   2  339   8904     0:00:00.578    18:53:35.342
svchost            9892   8   1  255   2896     0:00:00.312    18:52:27.885
dllhost           11452   8   7  261   4604     0:00:00.484    18:51:12.515
ChsIME            13532   8   2  309   4868     0:00:00.343    18:47:39.740
svchost            8288   8   2  112   1272     0:00:00.156    18:36:11.246
sqlwriter         12532   8   2  143   1924     0:00:00.125    18:35:53.921
sqlceip           17100   6  12  572  40116     0:00:03.375    18:35:02.178
Microsoft.Photos  16132   8  19 1095  52312     0:00:09.421    18:19:58.011
RuntimeBroker      7336   8   6  419  10876     0:00:19.781    18:19:56.674
sqlservr           8584   8  87  764 628820     0:00:34.968    18:00:44.819
LockApp            6900   8  10  500  12404     0:00:00.781    17:13:57.024
RuntimeBroker     15340   8   3  374   8324     0:00:00.671    17:13:56.329
svchost           16464   8   3  178   1876     0:00:00.078     8:59:28.469
ShadowsocksR-dotnet4.0 17772   8   2  173   3792     0:00:00.062     8:59:24.898
svchost            7272   8   3  111   1624     0:00:00.203     8:56:22.409
TIM               15148   8  89 1633 174172     0:11:23.562     8:34:12.523
QQExternal          904   8  13  389  44500     0:00:32.187     8:34:07.649
TXPlatform        13464   8   2  212   4004     0:00:00.046     8:33:59.553
wemeetlauncher     7160   8   7  272   9436     0:00:00.140     8:19:37.668
smartscreen       15608   8   9  402  13744     0:00:00.765     8:19:35.885
CompPkgSrv        12152   8   1  159   1500     0:00:00.031     4:15:07.295
svchost           13668   8   2  140   1536     0:00:00.031     3:45:25.994
svchost           16400   8   2  203   2096     0:00:00.046     3:09:36.620
explorer          19136   8  12  700  14496     0:00:05.109     3:02:21.344
cmd                4968   8   1   80   2440     0:00:00.156     2:52:45.554
conhost            6088   8   6  252   8620     0:00:17.093     2:52:45.543
WmiPrvSE          17812   8   6  160   2372     0:00:00.843     2:29:27.158
Video.UI          11296   8  17  708  21484     0:00:00.531     1:28:03.206
RuntimeBroker     13132   8   1  160   1868     0:00:00.046     1:28:02.764
chrome             5704   8  39 1939 159684     0:02:15.687     1:11:30.243
chrome            14780   8   7  237   1660     0:00:00.031     1:11:30.193
chrome            15700   8   2  142   1912     0:00:00.015     1:11:30.130
chrome             5296  10  13  972 212980     0:00:58.000     1:11:30.051
chrome            17552   8  15  519  20228     0:00:09.812     1:11:30.044
chrome            13752   4  19  377 135828     0:00:53.609     1:11:29.929
chrome             8108   8  15  241  88040     0:00:09.062     1:11:29.779
chrome            19048   8  13  229  21016     0:00:00.953     1:11:29.762
chrome            14752   8  13  238  24624     0:00:00.625     1:11:29.702
chrome            11708   8  13  235  22368     0:00:00.437     1:11:29.692
chrome             4632   8  13  230  22236     0:00:00.375     1:11:29.687
chrome            17788   8  13  228  17468     0:00:00.140     1:11:29.677
chrome            12260   8  13  230  28656     0:00:05.156     1:11:29.618
chrome            17280   8  13  231  28832     0:00:03.500     1:11:29.595
cmd                7852   8   1   72   2360     0:00:00.015     1:11:27.259
conhost            8836   8   3  143   6964     0:00:00.046     1:11:27.251
IDMMsgHost        14280   8   3   57   2100     0:00:00.000     1:11:27.051
chrome            14532   4  13  266  52568     0:00:03.921     1:11:21.531
Acrobat           15364   8  19  651  88524     0:00:26.203     1:10:37.777
AcroCEF            5920   8  20  601  20460     0:00:01.343     1:10:37.497
AcroCEF           13488   8  11  343  71648     0:00:03.093     1:10:37.217
AcroCEF            3952   8  11  328  56844     0:00:02.687     1:10:36.640
chrome            17808   4  13  343 119268     0:00:23.906     1:09:55.592
SearchUI           8368   8  35 1267 101232     0:00:03.562     1:08:57.564
chrome            16268   4  13  284  54532     0:00:02.437     1:00:44.524
wwbizsrv           6468   8   7  286   5248     0:00:00.234     0:57:43.051
chrome            17312   4  13  295  59140     0:00:03.593     0:55:00.560
chrome             9108   4  13  269  56456     0:01:31.875     0:53:56.891
chrome             3748   8  15  305  57756     0:00:01.531     0:50:46.473
Autoruns64        18076   8   4  399  27488     0:00:26.468     0:35:45.481
SearchProtocolHost 13816   4   4  265   1792     0:00:00.031     0:04:32.579
SearchProtocolHost 17700   4   6  373   2340     0:00:00.093     0:03:02.027
SearchFilterHost  12804   4   1  123   1252     0:00:00.031     0:02:35.949
svchost           17468   8   1  139   2372     0:00:00.031     0:02:32.809
chrome            16168   4  12  211  12440     0:00:00.093     0:00:44.627
pslist             7908  13   4  236   4080     0:00:00.265     0:00:00.153
 

Windows IP 配置

   主机名  . . . . . . . . . . . . . : DESKTOP-K2ANNVH
   主 DNS 后缀 . . . . . . . . . . . : 
   节点类型  . . . . . . . . . . . . : 混合
   IP 路由已启用 . . . . . . . . . . : 否
   WINS 代理已启用 . . . . . . . . . : 否

以太网适配器 以太网:

   媒体状态  . . . . . . . . . . . . : 媒体已断开连接
   连接特定的 DNS 后缀 . . . . . . . : 
   描述. . . . . . . . . . . . . . . : Realtek PCIe GbE Family Controller
   物理地址. . . . . . . . . . . . . : 54-E1-AD-A2-C8-78
   DHCP 已启用 . . . . . . . . . . . : 是
   自动配置已启用. . . . . . . . . . : 是

以太网适配器 以太网 2:

   媒体状态  . . . . . . . . . . . . : 媒体已断开连接
   连接特定的 DNS 后缀 . . . . . . . : 
   描述. . . . . . . . . . . . . . . : Sangfor SSL VPN CS Support System VNIC
   物理地址. . . . . . . . . . . . . : 00-FF-69-0E-AB-23
   DHCP 已启用 . . . . . . . . . . . : 否
   自动配置已启用. . . . . . . . . . : 是

无线局域网适配器 本地连接* 1:

   媒体状态  . . . . . . . . . . . . : 媒体已断开连接
   连接特定的 DNS 后缀 . . . . . . . : 
   描述. . . . . . . . . . . . . . . : Microsoft Wi-Fi Direct Virtual Adapter
   物理地址. . . . . . . . . . . . . : 62-14-B3-BA-C8-8D
   DHCP 已启用 . . . . . . . . . . . : 是
   自动配置已启用. . . . . . . . . . : 是

无线局域网适配器 本地连接* 10:

   媒体状态  . . . . . . . . . . . . : 媒体已断开连接
   连接特定的 DNS 后缀 . . . . . . . : 
   描述. . . . . . . . . . . . . . . : Microsoft Wi-Fi Direct Virtual Adapter #2
   物理地址. . . . . . . . . . . . . : 60-14-B3-BA-C8-8D
   DHCP 已启用 . . . . . . . . . . . : 是
   自动配置已启用. . . . . . . . . . : 是

以太网适配器 VMware Network Adapter VMnet1:

   连接特定的 DNS 后缀 . . . . . . . : 
   描述. . . . . . . . . . . . . . . : VMware Virtual Ethernet Adapter for VMnet1
   物理地址. . . . . . . . . . . . . : 00-50-56-C0-00-01
   DHCP 已启用 . . . . . . . . . . . : 是
   自动配置已启用. . . . . . . . . . : 是
   本地链接 IPv6 地址. . . . . . . . : fe80::edaa:b14f:ef57:9dae%17(首选) 
   IPv4 地址 . . . . . . . . . . . . : 192.168.73.1(首选) 
   子网掩码  . . . . . . . . . . . . : 255.255.255.0
   获得租约的时间  . . . . . . . . . : 2020年5月12日 9:17:17
   租约过期的时间  . . . . . . . . . : 2020年5月12日 18:47:16
   默认网关. . . . . . . . . . . . . : 
   DHCP 服务器 . . . . . . . . . . . : 192.168.73.254
   DHCPv6 IAID . . . . . . . . . . . : 754995286
   DHCPv6 客户端 DUID  . . . . . . . : 00-01-00-01-26-3A-8A-F9-54-E1-AD-A2-C8-78
   DNS 服务器  . . . . . . . . . . . : fec0:0:0:ffff::1%1
                                       fec0:0:0:ffff::2%1
                                       fec0:0:0:ffff::3%1
   TCPIP 上的 NetBIOS  . . . . . . . : 已启用

以太网适配器 VMware Network Adapter VMnet8:

   连接特定的 DNS 后缀 . . . . . . . : 
   描述. . . . . . . . . . . . . . . : VMware Virtual Ethernet Adapter for VMnet8
   物理地址. . . . . . . . . . . . . : 00-50-56-C0-00-08
   DHCP 已启用 . . . . . . . . . . . : 是
   自动配置已启用. . . . . . . . . . : 是
   本地链接 IPv6 地址. . . . . . . . : fe80::284b:7bb3:c819:101c%18(首选) 
   IPv4 地址 . . . . . . . . . . . . : 192.168.182.1(首选) 
   子网掩码  . . . . . . . . . . . . : 255.255.255.0
   获得租约的时间  . . . . . . . . . : 2020年5月12日 9:17:17
   租约过期的时间  . . . . . . . . . : 2020年5月12日 18:47:16
   默认网关. . . . . . . . . . . . . : 
   DHCP 服务器 . . . . . . . . . . . : 192.168.182.254
   DHCPv6 IAID . . . . . . . . . . . : 771772502
   DHCPv6 客户端 DUID  . . . . . . . : 00-01-00-01-26-3A-8A-F9-54-E1-AD-A2-C8-78
   DNS 服务器  . . . . . . . . . . . : fec0:0:0:ffff::1%1
                                       fec0:0:0:ffff::2%1
                                       fec0:0:0:ffff::3%1
   主 WINS 服务器  . . . . . . . . . : 192.168.182.2
   TCPIP 上的 NetBIOS  . . . . . . . : 已启用

无线局域网适配器 WLAN:

   连接特定的 DNS 后缀 . . . . . . . : 
   描述. . . . . . . . . . . . . . . : Realtek 8821AE Wireless LAN 802.11ac PCI-E NIC
   物理地址. . . . . . . . . . . . . : 60-14-B3-BA-C8-8D
   DHCP 已启用 . . . . . . . . . . . : 是
   自动配置已启用. . . . . . . . . . : 是
   本地链接 IPv6 地址. . . . . . . . : fe80::b939:f91c:283d:bd9c%3(首选) 
   IPv4 地址 . . . . . . . . . . . . : 192.168.0.110(首选) 
   子网掩码  . . . . . . . . . . . . : 255.255.255.0
   获得租约的时间  . . . . . . . . . : 2020年5月12日 15:07:08
   租约过期的时间  . . . . . . . . . : 2020年5月12日 20:07:07
   默认网关. . . . . . . . . . . . . : 192.168.0.1
   DHCP 服务器 . . . . . . . . . . . : 192.168.0.1
   DHCPv6 IAID . . . . . . . . . . . : 56628403
   DHCPv6 客户端 DUID  . . . . . . . : 00-01-00-01-26-3A-8A-F9-54-E1-AD-A2-C8-78
   DNS 服务器  . . . . . . . . . . . : 192.168.0.1
   TCPIP 上的 NetBIOS  . . . . . . . : 已启用

以太网适配器 蓝牙网络连接:

   媒体状态  . . . . . . . . . . . . : 媒体已断开连接
   连接特定的 DNS 后缀 . . . . . . . : 
   描述. . . . . . . . . . . . . . . : Bluetooth Device (Personal Area Network)
   物理地址. . . . . . . . . . . . . : 60-14-B3-BA-C8-8E
   DHCP 已启用 . . . . . . . . . . . : 是
   自动配置已启用. . . . . . . . . . : 是
 
HKLM\System\CurrentControlSet\Services
   AarSvc
     %SystemRoot%\system32\svchost.exe -k AarSvcGroup -p
     Agent Activation Runtime: Runtime for activating conversational agent applications
     Microsoft Corporation
     10.0.18362.628
     c:\windows\system32\aarsvc.dll
     2002/4/9 23:29
   AarSvc_4f1c60c
     C:\Windows\system32\svchost.exe -k AarSvcGroup -p
     Agent Activation Runtime_4f1c60c: Runtime for activating conversational agent applications
     Microsoft Corporation
     10.0.18362.1
     c:\windows\system32\svchost.exe
     1997/1/11 6:26
   AJRouter
     %SystemRoot%\system32\svchost.exe -k LocalServiceNetworkRestricted -p
     AllJoyn Router Service: 路由本地 AllJoyn 客户端的 AllJoyn 消息。如果停止此服务，则自身没有捆绑路由器的 AllJoyn 客 户端将无法运行。
     Microsoft Corporation
     10.0.18362.1
     c:\windows\system32\ajrouter.dll
     1963/11/25 19:41
   ALG
     %SystemRoot%\System32\alg.exe
     Application Layer Gateway Service: 为 Internet 连接共享提供第三方协议插件的支持
     Microsoft Corporation
     10.0.18362.1
     c:\windows\system32\alg.exe
     1944/8/31 21:22
   AlibabaProtect
     "C:\Program Files (x86)\AlibabaProtect\1.0.23.863\AlibabaProtect.exe"
     Alibaba PC Safe Service: 该服务负责为阿里巴巴集团客户端产品提供基础安全保护。如果停止或禁用该服务，依赖于该服务的 任何组件或应用程序都可能无法正常运行。
     阿里巴巴(中国)软件有限公司
     1.0.23.863
     c:\program files (x86)\alibabaprotect\1.0.23.863\alibabaprotect.exe
     2018/5/31 19:23
   AppIDSvc
     %SystemRoot%\system32\svchost.exe -k LocalServiceNetworkRestricted -p
     Application Identity: 确定并验证应用程序的标识。禁用此服务将阻止强制执行 AppLocker。
     Microsoft Corporation
     10.0.18362.1
     c:\windows\system32\appidsvc.dll
     1968/12/30 23:44
   Appinfo
     %SystemRoot%\system32\svchost.exe -k netsvcs -p
     Application Information: 使用辅助管理权限便于交互式应用程序的运行。如果停止此服务，用户将无法使用辅助管理权限启动 应用程序，而执行所需用户任务可能需要这些权限。
     Microsoft Corporation
     10.0.18362.693
     c:\windows\system32\appinfo.dll
     1958/3/26 23:40
   AppMgmt
     %SystemRoot%\system32\svchost.exe -k netsvcs -p
     Application Management: 为通过组策略部署的软件处理安装、删除以及枚举请求。如果该服务被禁用，则用户将不能安装、删除或枚举通过组策略部署的软件。如果此服务被禁用，则直接依赖于它的所有服务都将无法启动。
     Microsoft Corporation
     10.0.18362.1
     c:\windows\system32\appmgmts.dll
     2018/10/26 21:07
   AppReadiness
     %SystemRoot%\System32\svchost.exe -k AppReadiness -p
     App Readiness: 当用户初次登录到这台电脑和添加新应用时，使应用进入就绪可用的状态。
     Microsoft Corporation
     10.0.18362.1
     c:\windows\system32\appreadiness.dll
     2031/1/25 18:43
   AppXSvc
     %systemroot%\system32\svchost.exe -k wsappx -p
     AppX Deployment Service (AppXSVC): 为部署 Microsoft Store 应用程序提供基础结构支持。此服务根据需要启动，如果已禁用的 Microsoft Store 应用程序未部署到系统，此服务可能无法正常工作。
     Microsoft Corporation
     10.0.18362.752
     c:\windows\system32\appxdeploymentserver.dll
     2007/9/19 11:56
   AssignedAccessManagerSvc
     %SystemRoot%\system32\svchost.exe -k AssignedAccessManagerSvc
     AssignedAccessManager 服务: AssignedAccessManager 服务支持 Windows 中的展台体验。
     Microsoft Corporation
     10.0.18362.387
     c:\windows\system32\assignedaccessmanagersvc.dll
     1930/11/17 0:04
   AudioEndpointBuilder
     %SystemRoot%\System32\svchost.exe -k LocalSystemNetworkRestricted -p
     Windows Audio Endpoint Builder: 管理 Windows 音频服务的音频设备。如果停止了此服务，音频设备和效果将无法正常工作。 如果禁用了此服务，任何明确依赖它的服务将无法启动
     Microsoft Corporation
     10.0.18362.752
     c:\windows\system32\audioendpointbuilder.dll
     1921/1/25 6:18
   Audiosrv
     %SystemRoot%\System32\svchost.exe -k LocalServiceNetworkRestricted -p
     Windows Audio: 管理基于 Windows 的程序的音频。如果此服务被停止，音频设备和效果将不能正常工作。如果此服务被禁用，任何依赖它的服务将无法启动
     Microsoft Corporation
     10.0.18362.752
     c:\windows\system32\audiosrv.dll
     1970/6/6 5:46
   autotimesvc
     %SystemRoot%\system32\svchost.exe -k autoTimeSvc
     手机网络时间: 此服务基于移动网络中的 NITZ 消息设置时间
     Microsoft Corporation
     10.0.18362.1
     c:\windows\system32\autotimesvc.dll
     2028/12/14 16:15
   AxInstSV
     %SystemRoot%\system32\svchost.exe -k AxInstSVGroup
     ActiveX Installer (AxInstSV): 为从 Internet 安装 ActiveX 控件提供用户帐户控制验证，并基于组策略设置启用对 ActiveX 控件安装的管理。此服务根据要求启动，是否禁用 ActiveX 控件的安装取决于默认浏览器设置。
     Microsoft Corporation
     10.0.18362.719
     c:\windows\system32\axinstsv.dll
     1945/5/3 10:58
   AzureAttestService
     C:\Windows\system32\svchost.exe -k AzureAttestService
     AzureAttestService: Azure Attestation Service
     Microsoft Corporation
     10.0.18946.1000
     c:\program files\microsoft\azureattestservice\azureattestservice.dll
     1946/1/26 11:22
   BcastDVRUserService
     %SystemRoot%\system32\svchost.exe -k BcastDVRUserService
     GameDVR 和广播用户服务: 此用户服务用于游戏录制和实况广播
     Microsoft Corporation
     10.0.18362.1
     c:\windows\system32\bcastdvruserservice.dll
     2029/5/7 22:06
   BcastDVRUserService_4f1c60c
     C:\Windows\system32\svchost.exe -k BcastDVRUserService
     GameDVR 和广播用户服务_4f1c60c: 此用户服务用于游戏录制和实况广播
     Microsoft Corporation
     10.0.18362.1
     c:\windows\system32\svchost.exe
     1997/1/11 6:26
   BDESVC
     %SystemRoot%\System32\svchost.exe -k netsvcs -p
     BitLocker Drive Encryption Service: BDESVC 承载 BitLocker 驱动器加密服务。BitLocker 驱动器加密为操作系统提供安全启动保障，并为 OS、固定卷和可移动卷提供全卷加密功能。使用此服务，BitLocker 可以提示用户执行与已安装卷相关的各种操作，并自动解锁卷而无需用户交互。此外，它还会将恢复信息存储至 Active Directory (如果这种方法可用并且需要这样做)，并确保使用最新 的恢复证书。停止或禁用该服务可以防止用户使用此功能。
     Microsoft Corporation
     10.0.18362.387
     c:\windows\system32\bdesvc.dll
     2027/7/14 8:40
   BFE
     %systemroot%\system32\svchost.exe -k LocalServiceNoNetworkFirewall -p
     Base Filtering Engine: 基本筛选引擎(BFE)是一种管理防火墙和 Internet 协议安全(IPsec)策略以及实施用户模式筛选的服务 。停止或禁用 BFE 服务将大大降低系统的安全。还将造成 IPsec 管理和防火墙应用程序产生不可预知的行为。
     Microsoft Corporation
     10.0.18362.207
     c:\windows\system32\bfe.dll
     1981/3/21 16:18
   BITS
     %SystemRoot%\System32\svchost.exe -k netsvcs -p
     Background Intelligent Transfer Service: 使用空闲网络带宽在后台传送文件。如果该服务被禁用，则依赖于 BITS 的任何应 用程序(如 Windows 更新或 MSN Explorer)将无法自动下载程序和其他信息。
     Microsoft Corporation
     7.8.18362.719
     c:\windows\system32\qmgr.dll
     1983/10/16 19:20
   BluetoothUserService
     %SystemRoot%\system32\svchost.exe -k BthAppGroup -p
     蓝牙用户支持服务: 蓝牙用户服务支持与每个用户会话相关的蓝牙功能的正确运行。
     Microsoft Corporation
     10.0.18362.449
     c:\windows\system32\microsoft.bluetooth.userservice.dll
     1953/4/13 18:50
   BluetoothUserService_4f1c60c
     C:\Windows\system32\svchost.exe -k BthAppGroup -p
     蓝牙用户支持服务_4f1c60c: 蓝牙用户服务支持与每个用户会话相关的蓝牙功能的正确运行。
     Microsoft Corporation
     10.0.18362.1
     c:\windows\system32\svchost.exe
     1997/1/11 6:26
   BrokerInfrastructure
     %SystemRoot%\system32\svchost.exe -k DcomLaunch -p
     Background Tasks Infrastructure Service: 控制哪些后台任务可以在系统上运行的 Windows 基础结构服务。
     Microsoft Corporation
     10.0.18362.295
     c:\windows\system32\psmsrv.dll
     2025/9/30 8:40
   BTAGService
     %SystemRoot%\system32\svchost.exe -k LocalServiceNetworkRestricted
     蓝牙音频网关服务: 支持蓝牙免提规范音频网关角色的服务。
     Microsoft Corporation
     10.0.18362.752
     c:\windows\system32\btagservice.dll
     1949/5/21 17:08
   BthAvctpSvc
     %SystemRoot%\system32\svchost.exe -k LocalService -p
     AVCTP 服务: 这是音频视频控制传输协议服务
     Microsoft Corporation
     10.0.18362.1
     c:\windows\system32\bthavctpsvc.dll
     2004/9/21 18:03
   bthserv
     %SystemRoot%\system32\svchost.exe -k LocalService -p
     蓝牙支持服务: 蓝牙服务支持发现和关联远程蓝牙设备。停止或禁用此服务可能会导致已安装的蓝牙设备无法正常运行，并使新设备无法被发现或关联。
     Microsoft Corporation
     10.0.18362.1
     c:\windows\system32\bthserv.dll
     1995/5/20 9:01
   camsvc
     %SystemRoot%\system32\svchost.exe -k appmodel -p
     功能访问管理器服务: 提供设施，用于管理 UWP 应用对应用功能的访问权限以及检查应用的特定应用功能访问权限
     Microsoft Corporation
     10.0.18362.145
     c:\windows\system32\capabilityaccessmanager.dll
     1971/1/9 9:22
   CaptureService
     %SystemRoot%\system32\svchost.exe -k LocalService -p
     CaptureService: 为调用 Windows.Graphics.Capture API 的应用程序启用可选的屏幕捕获功能。
     Microsoft Corporation
     10.0.18362.1
     c:\windows\system32\captureservice.dll
     1986/2/3 11:44
   CaptureService_4f1c60c
     C:\Windows\system32\svchost.exe -k LocalService -p
     CaptureService_4f1c60c: 为调用 Windows.Graphics.Capture API 的应用程序启用可选的屏幕捕获功能。
     Microsoft Corporation
     10.0.18362.1
     c:\windows\system32\svchost.exe
     1997/1/11 6:26
   cbdhsvc
     %SystemRoot%\system32\svchost.exe -k ClipboardSvcGroup -p
     剪贴板用户服务: 此用户服务用于剪贴板方案
     Microsoft Corporation
     10.0.18362.329
     c:\windows\system32\cbdhsvc.dll
     1962/1/22 14:00
   cbdhsvc_4f1c60c
     C:\Windows\system32\svchost.exe -k ClipboardSvcGroup -p
     剪贴板用户服务_4f1c60c: 此用户服务用于剪贴板方案
     Microsoft Corporation
     10.0.18362.1
     c:\windows\system32\svchost.exe
     1997/1/11 6:26
   CDPSvc
     %SystemRoot%\system32\svchost.exe -k LocalService -p
     连接设备平台服务: 此服务用于连接设备平台方案
     Microsoft Corporation
     10.0.18362.657
     c:\windows\system32\cdpsvc.dll
     2028/11/5 9:38
   CDPUserSvc
     %SystemRoot%\system32\svchost.exe -k UnistackSvcGroup
     连接设备平台用户服务: 此用户服务用于连接设备平台方案
     Microsoft Corporation
     10.0.18362.449
     c:\windows\system32\cdpusersvc.dll
     2013/10/19 2:02
   CDPUserSvc_4f1c60c
     C:\Windows\system32\svchost.exe -k UnistackSvcGroup
     连接设备平台用户服务_4f1c60c: 此用户服务用于连接设备平台方案
     Microsoft Corporation
     10.0.18362.1
     c:\windows\system32\svchost.exe
     1997/1/11 6:26
   CertPropSvc
     %SystemRoot%\system32\svchost.exe -k netsvcs
     Certificate Propagation: 将用户证书和根证书从智能卡复制到当前用户的证书存储，检测智能卡何时插入到智能卡读卡器中， 并在需要时安装智能卡即插即用微型驱动器。
     Microsoft Corporation
     10.0.18362.1
     c:\windows\system32\certprop.dll
     1981/3/4 21:47
   ClickToRunSvc
     "C:\Program Files\Common Files\Microsoft Shared\ClickToRun\OfficeClickToRun.exe" /service
     Microsoft Office 即点即用服务: ‪管理 Microsoft Office 及其相关更新的资源协调、后台下载和系统集成。使用任何 Microsoft Office 程序、初始下载安装以及所有后续更新期间需要运行此服务。‬
     Microsoft Corporation
     16.0.10358.20061
     c:\program files\common files\microsoft shared\clicktorun\officeclicktorun.exe
     2020/4/3 17:07
   ClipSVC
     %SystemRoot%\System32\svchost.exe -k wsappx -p
     Client License Service (ClipSVC): 提供对 Microsoft Store 的基础结构支持。此服务按需启动，并且如果禁用了此服务，则 使用 Windows Store 购买的应用程序将无法正常运行。
     Microsoft Corporation
     10.0.18362.693
     c:\windows\system32\clipsvc.dll
     2010/8/6 14:29
   COMSysApp
     %SystemRoot%\system32\dllhost.exe /Processid:{02D4B3F1-FD88-11D1-960D-00805FC79235}
     COM+ System Application: 管理基于组件对象模型 (COM+) 的组件的配置和跟踪。如果停止该服务，则大多数基于 COM+ 的组件 将不能正常工作。如果禁用该服务，则任何明确依赖它的服务都将无法启动。
     Microsoft Corporation
     10.0.18362.1
     c:\windows\system32\dllhost.exe
     1954/11/21 4:34
   ConsentUxUserSvc
     %SystemRoot%\system32\svchost.exe -k DevicesFlow
     ConsentUX: 允许 ConnectUX 和电脑设置连接 WLAN 显示器和蓝牙设备并与其配对。
     Microsoft Corporation
     10.0.18362.1
     c:\windows\system32\consentuxclient.dll
     2029/6/16 6:36
   ConsentUxUserSvc_4f1c60c
     C:\Windows\system32\svchost.exe -k DevicesFlow
     ConsentUX_4f1c60c: 允许 ConnectUX 和电脑设置连接 WLAN 显示器和蓝牙设备并与其配对。
     Microsoft Corporation
     10.0.18362.1
     c:\windows\system32\svchost.exe
     1997/1/11 6:26
   CoreMessagingRegistrar
     %SystemRoot%\system32\svchost.exe -k LocalServiceNoNetwork -p
     CoreMessaging: Manages communication between system components.
     Microsoft Corporation
     10.0.18362.1
     c:\windows\system32\coremessaging.dll
     1978/7/25 3:40
   cphs
     %SystemRoot%\System32\DriverStore\FileRepository\iigd_dch.inf_amd64_38bfcb542ef4272e\IntelCpHeciSvc.exe
     Intel(R) Content Protection HECI Service: Intel(R) Content Protection HECI Service - enables communication with the Content Protection FW
     Intel Corporation
     9.1.1.1117
     c:\windows\system32\driverstore\filerepository\iigd_dch.inf_amd64_38bfcb542ef4272e\intelcphecisvc.exe
     2017/11/1 16:24
   cplspcon
     %SystemRoot%\System32\DriverStore\FileRepository\iigd_dch.inf_amd64_38bfcb542ef4272e\IntelCpHDCPSvc.exe
     Intel(R) Content Protection HDCP Service: Intel(R) Content Protection HDCP Service - enables communication with Content Protection HDCP HW
     Intel Corporation
     25.20.100.7262
     c:\windows\system32\driverstore\filerepository\iigd_dch.inf_amd64_38bfcb542ef4272e\intelcphdcpsvc.exe
     2019/9/26 5:21
   CredentialEnrollmentManagerUserSvc
     %SystemRoot%\system32\CredentialEnrollmentManager.exe
     CredentialEnrollmentManagerUserSvc: 凭据注册管理器
     Microsoft Corporation
     10.0.18362.1
     c:\windows\system32\credentialenrollmentmanager.exe
     1951/7/19 13:52
   CredentialEnrollmentManagerUserSvc_4f1c60c
     C:\Windows\system32\CredentialEnrollmentManager.exe
     CredentialEnrollmentManagerUserSvc_4f1c60c: 凭据注册管理器
     Microsoft Corporation
     10.0.18362.1
     c:\windows\system32\credentialenrollmentmanager.exe
     1951/7/19 13:52
   CryptSvc
     %SystemRoot%\system32\svchost.exe -k NetworkService -p
     Cryptographic Services: 提供三种管理服务: 编录数据库服务，用于确认 Windows 文件的签名和允许安装新程序；受保护的根 服务，它从此计算机添加和删除受信任的根证书颁发机构的证书；自动根证书更新服务，用于从 Windows 更新中检索根证书和启用 SSL 等方案。如果此服务已停止，这些管理服务将无法正常运行。如果此服务已禁用，任何明确依赖它的服务将无法启动。
     Microsoft Corporation
     10.0.18362.1
     c:\windows\system32\cryptsvc.dll
     2036/1/12 17:07
   CscService
     %SystemRoot%\System32\svchost.exe -k LocalSystemNetworkRestricted -p
     Offline Files: 脱机文件服务在脱机文件缓存中执行维护活动，响应用户登录和注销事件，实现公共 API 的内部部分，并将相关的事件分配给关心脱机文件活动和缓存更改的用户。
     Microsoft Corporation
     10.0.18362.719
     c:\windows\system32\cscsvc.dll
     2002/4/22 18:24
   DcomLaunch
     %SystemRoot%\system32\svchost.exe -k DcomLaunch -p
     DCOM Server Process Launcher: DCOMLAUNCH 服务可启动 COM 和 DCOM 服务器，以响应对象激活请求。如果此服务被停用或禁用，则使用 COM 或 DCOM 的程序将无法正常工作。强烈建议你运行 DCOMLAUNCH 服务。
     Microsoft Corporation
     10.0.18362.752
     c:\windows\system32\rpcss.dll
     1942/9/3 2:10
   defragsvc
     %SystemRoot%\system32\svchost.exe -k defragsvc
     Optimize drives: 通过优化存储驱动器上的文件来帮助计算机更高效地运行。
     Microsoft Corporation
     10.0.18362.657
     c:\windows\system32\defragsvc.dll
     1903/4/15 1:37
   DeviceAssociationBrokerSvc
     %SystemRoot%\system32\svchost.exe -k DevicesFlow -p
     DeviceAssociationBroker: Enables apps to pair devices
     Microsoft Corporation
     10.0.18362.752
     c:\windows\system32\deviceaccess.dll
     1952/6/21 13:14
   DeviceAssociationBrokerSvc_4f1c60c
     C:\Windows\system32\svchost.exe -k DevicesFlow -p
     DeviceAssociationBroker_4f1c60c: Enables apps to pair devices
     Microsoft Corporation
     10.0.18362.1
     c:\windows\system32\svchost.exe
     1997/1/11 6:26
   DeviceAssociationService
     %SystemRoot%\system32\svchost.exe -k LocalSystemNetworkRestricted -p
     Device Association Service: 在系统与有线或无线设备之间启用匹配。
     Microsoft Corporation
     10.0.18362.1
     c:\windows\system32\das.dll
     2012/9/16 19:48
   DeviceInstall
     %SystemRoot%\system32\svchost.exe -k DcomLaunch -p
     Device Install Service: 使计算机在极少或没有用户输入的情况下能识别并适应硬件的更改。终止或禁用此服务会造成系统不稳定。
     Microsoft Corporation
     10.0.18362.1
     c:\windows\system32\umpnpmgr.dll
     1947/11/16 17:19
   DevicePickerUserSvc
     %SystemRoot%\system32\svchost.exe -k DevicesFlow
     DevicePicker: 此用户服务用于管理 Miracast、DLNA 和拨号用户界面
     Microsoft Corporation
     10.0.18362.1
     c:\windows\system32\windows.devices.picker.dll
     1926/12/18 5:04
   DevicePickerUserSvc_4f1c60c
     C:\Windows\system32\svchost.exe -k DevicesFlow
     DevicePicker_4f1c60c: 此用户服务用于管理 Miracast、DLNA 和拨号用户界面
     Microsoft Corporation
     10.0.18362.1
     c:\windows\system32\svchost.exe
     1997/1/11 6:26
   DevicesFlowUserSvc
     %SystemRoot%\system32\svchost.exe -k DevicesFlow
     DevicesFlow: 允许 ConnectUX 和电脑设置连接 WLAN 显示器和蓝牙设备并与其配对。
     Microsoft Corporation
     10.0.18362.449
     c:\windows\system32\devicesflowbroker.dll
     1993/9/29 2:23
   DevicesFlowUserSvc_4f1c60c
     C:\Windows\system32\svchost.exe -k DevicesFlow
     DevicesFlow_4f1c60c: 允许 ConnectUX 和电脑设置连接 WLAN 显示器和蓝牙设备并与其配对。
     Microsoft Corporation
     10.0.18362.1
     c:\windows\system32\svchost.exe
     1997/1/11 6:26
   DevQueryBroker
     %SystemRoot%\system32\svchost.exe -k LocalSystemNetworkRestricted -p
     DevQuery Background Discovery Broker: 使应用能够发现具有后台任务的设备
     Microsoft Corporation
     10.0.18362.535
     c:\windows\system32\devquerybroker.dll
     2019/5/1 9:44
   Dhcp
     %SystemRoot%\system32\dhcpcore.dll
     DHCP Client: 为此计算机注册并更新 IP 地址。如果此服务停止，计算机将不能接收动态 IP 地址和 DNS 更新。如果此服务被禁用，所有明确依赖它的服务都将不能启动。
     Microsoft Corporation
     10.0.18362.267
     c:\windows\system32\dhcpcore.dll
     1921/5/26 1:01
   diagnosticshub.standardcollector.service
     %SystemRoot%\system32\DiagSvcs\DiagnosticsHub.StandardCollector.Service.exe
     Microsoft (R) 诊断中心标准收集器服务: 诊断中心标准收集器服务。运行时，此服务会收集实时 ETW 事件，并对其进行处理。
     Microsoft Corporation
     11.0.18362.719
     c:\windows\system32\diagsvcs\diagnosticshub.standardcollector.service.exe
     1960/12/18 14:06
   diagsvc
     %SystemRoot%\System32\svchost.exe -k diagnostics
     Diagnostic Execution Service: Executes diagnostic actions for troubleshooting support
     Microsoft Corporation
     10.0.18362.449
     c:\windows\system32\diagsvc.dll
     1975/9/23 6:11
   DiagTrack
     %SystemRoot%\System32\svchost.exe -k utcsvc -p
     Connected User Experiences and Telemetry: Connected User Experiences and Telemetry 服务所启用的功能支持应用程序中 用户体验和连接的用户体验。此外，如果在“反馈和诊断”下启用诊断和使用情况隐私选项设置，则此服务可以根据事件来管理诊断和 使用情况信息的收集和传输(用于改进 Windows 平台的体验和质量)。
     Microsoft Corporation
     10.0.18362.778
     c:\windows\system32\diagtrack.dll
     1929/9/20 0:11
   DispBrokerDesktopSvc
     %SystemRoot%\system32\svchost.exe -k LocalService -p
     显示策略服务: 管理本地和远程显示器的连接和配置
     Microsoft Corporation
     10.0.18362.628
     c:\windows\system32\dispbroker.desktop.dll
     1960/5/17 21:01
   DisplayEnhancementService
     %SystemRoot%\system32\svchost.exe -k LocalSystemNetworkRestricted -p
     显示增强服务: 用于管理显示增强(如亮度控制)的服务。
     Microsoft Corporation
     10.0.18362.693
     c:\windows\system32\microsoft.graphics.display.displayenhancementservice.dll
     1978/7/10 22:04
   DmEnrollmentSvc
     %systemroot%\system32\svchost.exe -k netsvcs -p
     设备管理注册服务: 为设备管理执行设备注册活动
     Microsoft Corporation
     10.0.18362.752
     c:\windows\system32\windows.internal.management.dll
     1998/9/1 18:45
   dmwappushservice
     %SystemRoot%\system32\svchost.exe -k netsvcs -p
     设备管理无线应用程序协议 (WAP) 推送消息路由服务: 路由设备收到的无线应用程序协议 (WAP) 推送消息并同步设备管理会话
     Microsoft Corporation
     10.0.18362.1
     c:\windows\system32\dmwappushsvc.dll
     2012/7/28 14:50
   Dnscache
     %SystemRoot%\system32\svchost.exe -k NetworkService -p
     DNS Client: DNS 客户端服务(dnscache)缓存域名系统(DNS)名称并注册该计算机的完整计算机名。如果该服务被停止，将继续解 析 DNS 名称。然而，将不缓存 DNS 名称的查询结果，且不注册计算机名。如果该服务被禁用，则任何明确依赖于它的服务都将无法启 动。
     Microsoft Corporation
     10.0.18362.267
     c:\windows\system32\dnsrslvr.dll
     1948/6/5 15:29
   Dolby DAX2 API Service
     "C:\Program Files\Dolby\Dolby DAX2\DAX2_API\DolbyDAX2API.exe"
     Dolby DAX2 API Service: Dolby DAX2 API Service is used by Dolby DAX2 applications to control Dolby Audio components in the system.
     Dolby Laboratories, Inc.
     0.8.8.87
     c:\program files\dolby\dolby dax2\dax2_api\dolbydax2api.exe
     2018/9/26 14:29
   DoSvc
     %SystemRoot%\system32\dosvc.dll
     Delivery Optimization: 执行内容传递优化任务
     Microsoft Corporation
     10.0.18362.778
     c:\windows\system32\dosvc.dll
     2018/2/1 7:49
   dot3svc
     %SystemRoot%\system32\svchost.exe -k LocalSystemNetworkRestricted -p
     Wired AutoConfig: 有线自动配置(DOT3SVC)服务负责对以太网接口执行 IEEE 802.1X 身份验证。如果当前有线网络部署强制执行 802.1X 身份验证，则应配置 DOT3SVC 服务运行以用于建立第 2 层连接性和/或用于提供对网络资源的访问权限。DOT3SVC 服务会影响到强制执行 802.1X 身份验证的有线网络。
     Microsoft Corporation
     10.0.18362.778
     c:\windows\system32\dot3svc.dll
     1930/2/9 1:46
   DPS
     %SystemRoot%\System32\svchost.exe -k LocalServiceNoNetwork -p
     Diagnostic Policy Service: 诊断策略服务启用了 Windows 组件的问题检测、疑难解答和解决方案。如果该服务被停止，诊断将不再运行。
     Microsoft Corporation
     10.0.18362.1
     c:\windows\system32\dps.dll
     2035/9/12 3:05
   DsmSvc
     %SystemRoot%\system32\svchost.exe -k netsvcs -p
     Device Setup Manager: 支持检测、下载和安装与设备相关的软件。如果此服务被禁用，则可能使用过期软件对设备进行配置，因此设备可能无法正常工作。
     Microsoft Corporation
     10.0.18362.1
     c:\windows\system32\devicesetupmanager.dll
     1993/9/3 13:55
   DsSvc
     %SystemRoot%\System32\svchost.exe -k LocalSystemNetworkRestricted -p
     Data Sharing Service: 提供应用程序之间的数据代理。
     Microsoft Corporation
     10.0.18362.657
     c:\windows\system32\dssvc.dll
     1961/11/23 23:10
   DusmSvc
     %SystemRoot%\System32\svchost.exe -k LocalServiceNetworkRestricted -p
     数据使用量: 网络数据使用量，流量上限，限制背景数据，按流量计费的网络。
     Microsoft Corporation
     10.0.18362.693
     c:\windows\system32\dusmsvc.dll
     1910/1/10 2:29
   Eaphost
     %SystemRoot%\System32\svchost.exe -k netsvcs -p
     Extensible Authentication Protocol: 可扩展的身份验证协议(EAP)服务在以下情况下提供网络身份验证: 802.1x 有线和无线、VPN 和网络访问保护(NAP)。EAP 在身份验证过程中也提供网络访问客户端使用的应用程序编程接口(API)，包括无线客户端和 VPN 客户端。如果禁用此服务，该计算机将无法访问需要 EAP 身份验证的网络。
     Microsoft Corporation
     10.0.18362.1
     c:\windows\system32\eapsvc.dll
     1941/6/28 16:34
   edgeupdate
     "C:\Program Files (x86)\Microsoft\EdgeUpdate\MicrosoftEdgeUpdate.exe" /svc
      Microsoft Edge 更新 服务 (edgeupdate): 使你的 Microsoft 软件保持最新状态。如果此服务已禁用或停止，则 Microsoft 软件将无法保持最新状态，这意味着无法修复可能产生的安全漏洞，并且功能也可能无法使用。如果没有 Microsoft 软件使用此服务，则此服务将自行卸载。
     Microsoft Corporation
     1.3.127.21
     c:\program files (x86)\microsoft\edgeupdate\microsoftedgeupdate.exe
     2020/4/25 9:27
   edgeupdatem
     "C:\Program Files (x86)\Microsoft\EdgeUpdate\MicrosoftEdgeUpdate.exe" /medsvc
      Microsoft Edge 更新 服务 (edgeupdatem): 使你的 Microsoft 软件保持最新状态。如果此服务已禁用或停止，则 Microsoft  软件将无法保持最新状态，这意味着无法修复可能产生的安全漏洞，并且功能也可能无法使用。如果没有 Microsoft 软件使用此服务，则此服务将自行卸载。
     Microsoft Corporation
     1.3.127.21
     c:\program files (x86)\microsoft\edgeupdate\microsoftedgeupdate.exe
     2020/4/25 9:27
   EFS
     %SystemRoot%\System32\lsass.exe
     Encrypting File System (EFS): 提供用于在 NTFS 文件系统卷上存储加密文件的核心文件加密技术。如果停止或禁用此服务，则应用程序将无法访问加密的文件。
     Microsoft Corporation
     10.0.18362.1
     c:\windows\system32\lsass.exe
     1947/7/4 6:51
   embeddedmode
     %SystemRoot%\System32\svchost.exe -k LocalSystemNetworkRestricted -p
     嵌入模式: 嵌入式服务启用与后台应用程序相关的方案。禁用此服务会阻止激活后台应用程序。
     Microsoft Corporation
     10.0.18362.1
     c:\windows\system32\embeddedmodesvc.dll
     2000/3/15 6:03
   EntAppSvc
     %systemroot%\system32\svchost.exe -k appmodel -p
     Enterprise App Management Service: 启用企业应用程序管理。
     Microsoft Corporation
     10.0.18362.1
     c:\windows\system32\enterpriseappmgmtsvc.dll
     1991/9/30 11:30
   EventLog
     %SystemRoot%\System32\svchost.exe -k LocalServiceNetworkRestricted -p
     Windows Event Log: 此服务管理事件和事件日志。它支持日志记录事件、查询事件、订阅事件、归档事件日志以及管理事件元数 据。它可以用 XML 和纯文本两种格式显示事件。停止该服务可能危及系统的安全性和可靠性。
     Microsoft Corporation
     10.0.18362.752
     c:\windows\system32\wevtsvc.dll
     1932/10/5 14:22
   EventSystem
     %SystemRoot%\system32\svchost.exe -k LocalService -p
     COM+ Event System: 支持系统事件通知服务 (SENS)，此服务为订阅的组件对象模型 (COM) 组件提供自动分布事件功能。如果停 止此服务，SENS 将关闭，而且不能提供登录和注销通知。如果禁用此服务，显式依赖此服务的其他服务都将无法启动。
     Microsoft Corporation
     2001.12.10941.16384
     c:\windows\system32\es.dll
     1914/7/21 9:03
   Fax
     %systemroot%\system32\fxssvc.exe
     Fax: 利用计算机或网络上的可用传真资源发送和接收传真。
     Microsoft Corporation
     10.0.18362.1
     c:\windows\system32\fxssvc.exe
     2004/5/13 19:24
   fdPHost
     %SystemRoot%\system32\svchost.exe -k LocalService -p
     Function Discovery Provider Host: FDPHOST 服务承载功能发现(FD)网络发现提供程序。这些 FD 提供程序为简单服务发现协议(SSDP)和 Web 服务发现(WS-D)协议提供网络发现服务。使用 FD 时停止或禁用 FDPHOST 服务将禁用这些协议的网络发现。当该服务不 可用时，使用 FD 和依靠这些发现协议的网络服务将无法找到网络服务或资源。
     Microsoft Corporation
     10.0.18362.1
     c:\windows\system32\fdphost.dll
     2010/1/30 1:22
   FDResPub
     %SystemRoot%\system32\svchost.exe -k LocalServiceAndNoImpersonation -p
     Function Discovery Resource Publication: 发布该计算机以及连接到该计算机的资源，以便能够在网络上发现这些资源。如果 该服务被停止，将不再发布网络资源，网络上的其他计算机将无法发现这些资源。
     Microsoft Corporation
     10.0.18362.1
     c:\windows\system32\fdrespub.dll
     1965/6/24 17:03
   fhsvc
     %SystemRoot%\system32\svchost.exe -k LocalSystemNetworkRestricted -p
     File History Service: 将用户文件复制到备份位置以防意外丢失
     Microsoft Corporation
     10.0.18362.1
     c:\windows\system32\fhsvc.dll
     1918/8/27 12:39
   FontCache
     %SystemRoot%\system32\svchost.exe -k LocalService -p
     Windows Font Cache Service: 通过缓存常用字体数据优化应用程序的性能。如果尚未运行该服务，则应用程序将启动该服务。也可以禁用该服务，但是这样做会降低应用程序性能。
     Microsoft Corporation
     10.0.18362.693
     c:\windows\system32\fntcache.dll
     1961/12/24 15:55
   FrameServer
     %SystemRoot%\System32\svchost.exe -k Camera
     Windows Camera Frame Server: 允许多个客户端从相机设备访问视频帧。
     Microsoft Corporation
     10.0.18362.628
     c:\windows\system32\frameserver.dll
     2027/7/25 17:08
   GoogleChromeElevationService
     "C:\Program Files (x86)\Google\Chrome\Application\81.0.4044.138\elevation_service.exe"
     Google Chrome Elevation Service: Google Chrome
     Google LLC
     81.0.4044.138
     c:\program files (x86)\google\chrome\application\81.0.4044.138\elevation_service.exe
     2020/5/2 5:41
   gpsvc
     %systemroot%\system32\svchost.exe -k netsvcs -p
     Group Policy Client: 此服务负责应用管理员通过组策略组件为计算机和用户配置的设置。如果禁用此服务，将不会应用这些设 置，并且将无法通过组策略管理应用程序和组件。如果禁用此服务，依赖于组策略组件的所有组件或应用程序都将无法正常运行。
     Microsoft Corporation
     10.0.18362.1
     c:\windows\system32\gpsvc.dll
     1994/3/30 8:05
   GraphicsPerfSvc
     %SystemRoot%\System32\svchost.exe -k GraphicsPerfSvcGroup
     GraphicsPerfSvc: Graphics performance monitor service
     Microsoft Corporation
     10.0.18362.1
     c:\windows\system32\graphicsperfsvc.dll
     1946/4/24 11:01
   gupdate
     "C:\Program Files (x86)\Google\Update\GoogleUpdate.exe" /svc
     Google 更新服务 (gupdate): 请确保使用最新版的 Google 软件。如果停用或中断此服务，则您的 Google 软件就无法及时更新 ，这意味着无法修复潜在的安全漏洞，同时某些功能也无法正常运行。如果没有任何 Google 软件使用此服务，则此服务会自行卸载。
     Google LLC
     1.3.35.451
     c:\program files (x86)\google\update\googleupdate.exe
     2020/3/3 7:22
   gupdatem
     "C:\Program Files (x86)\Google\Update\GoogleUpdate.exe" /medsvc
     Google 更新服务 (gupdatem): 请确保使用最新版的 Google 软件。如果停用或中断此服务，则您的 Google 软件就无法及时更新，这意味着无法修复潜在的安全漏洞，同时某些功能也无法正常运行。如果没有任何 Google 软件使用此服务，则此服务会自行卸载。
     Google LLC
     1.3.35.451
     c:\program files (x86)\google\update\googleupdate.exe
     2020/3/3 7:22
   hidserv
     %SystemRoot%\system32\svchost.exe -k LocalSystemNetworkRestricted -p
     Human Interface Device Service: 激活键盘、遥控器和其他多媒体设备上的热按钮并继续使用这些按钮。建议你让此服务一直运行。
     Microsoft Corporation
     10.0.18362.1
     c:\windows\system32\hidserv.dll
     1916/12/9 8:17
   HvHost
     %SystemRoot%\system32\svchost.exe -k LocalSystemNetworkRestricted -p
     HV 主机服务: 为 Hyper-V 虚拟机监控程序提供接口，以便为主机操作系统提供单分区性能计数器。
     Microsoft Corporation
     10.0.18362.476
     c:\windows\system32\hvhostsvc.dll
     1959/4/13 4:03
   iaStorAfsService
     %SystemRoot%\IAStorAfsService\iaStorAfsService.exe
     Intel(R) Optane(TM) Memory Service: Enables amazing system performance and responsiveness by accelerating frequently used files
     Intel Corporation
     15.9.4.1041
     c:\windows\iastorafsservice\iastorafsservice.exe
     2018/3/20 18:05
   icssvc
     %SystemRoot%\system32\svchost.exe -k LocalServiceNetworkRestricted -p
     Windows 移动热点服务: 提供与其他设备共享手机网络数据连接的功能。
     Microsoft Corporation
     10.0.18362.387
     c:\windows\system32\tetheringservice.dll
     2036/9/22 20:13
   igfxCUIService2.0.0.0
     %SystemRoot%\System32\DriverStore\FileRepository\cui_dch.inf_amd64_f3a64c75ee4defb7\igfxCUIService.exe
     Intel(R) HD Graphics Control Panel Service: Service for Intel(R) HD Graphics Control Panel
     Intel Corporation
     6.15.100.7262
     c:\windows\system32\driverstore\filerepository\cui_dch.inf_amd64_f3a64c75ee4defb7\igfxcuiservice.exe
     2019/9/26 5:25
   IKEEXT
     %systemroot%\system32\svchost.exe -k netsvcs -p
     IKE and AuthIP IPsec Keying Modules: IKEEXT 服务托管 Internet 密钥交换(IKE)和身份验证 Internet 协议(AuthIP)键控模 块。这些键控模块用于 Internet 协议安全(IPSec)中的身份验证和密钥交换。停止或禁用 IKEEXT 服务将禁用与对等计算机的 IKE/AuthIP 密钥交换。通常将 IPSec 配置为使用 IKE 或 AuthIP，因此停止或禁用 IKEEXT 服务将导致 IPSec 故障并且危及系统的安全。强 烈建议运行 IKEEXT 服务。
     Microsoft Corporation
     10.0.18362.207
     c:\windows\system32\ikeext.dll
     1902/3/3 6:37
   InstallService
     %SystemRoot%\System32\svchost.exe -k netsvcs -p
     Microsoft Store 安装服务: 为 Microsoft Store 提供基础结构支持。此服务按需启动，如被禁用，则安装将无法正常运行。
     Microsoft Corporation
     10.0.18362.778
     c:\windows\system32\installservice.dll
     1935/3/18 17:46
   iphlpsvc
     %SystemRoot%\System32\svchost.exe -k NetSvcs -p
     IP Helper: 使用 IPv6 转换技术(6to4、ISATAP、端口代理和 Teredo)和 IP-HTTPS 提供隧道连接。如果停止该服务，则计算机将不具备这些技术提供的增强连接优势。
     Microsoft Corporation
     10.0.18362.476
     c:\windows\system32\iphlpsvc.dll
     1955/4/10 6:27
   IpxlatCfgSvc
     %SystemRoot%\System32\svchost.exe -k LocalSystemNetworkRestricted -p
     IP 转换配置服务: 配置和启用从 v4 到 v6 的转换，反之亦然
     Microsoft Corporation
     10.0.18362.1
     c:\windows\system32\ipxlatcfg.dll
     2019/3/21 18:00
   KeyIso
     %SystemRoot%\system32\lsass.exe
     CNG Key Isolation: CNG 密钥隔离服务宿主在 LSA 进程中。如一般原则所要求，该服务为私钥和相关加密操作提供密钥进程隔离。该服务在与一般原则要求相一致的安全进程中存储和使用生存期长的密钥。
     Microsoft Corporation
     10.0.18362.1
     c:\windows\system32\lsass.exe
     1947/7/4 6:51
   KtmRm
     %SystemRoot%\System32\svchost.exe -k NetworkServiceAndNoImpersonation -p
     KtmRm for Distributed Transaction Coordinator: 协调分布式事务处理协调器(MSDTC)和内核事务管理器(KTM)之间的事务。如 果不需要，建议保持该服务的停止状态。如果需要，MSDTC 和 KTM 将自动启动该服务。如果此服务已禁用，任何与内核资源管理器交互的 MSDTC 事务将失败，并且任何显式依赖它的服务将无法启动。
     Microsoft Corporation
     2001.12.10941.16384
     c:\windows\system32\msdtckrm.dll
     1986/1/17 21:44
   LanmanServer
     %SystemRoot%\system32\svchost.exe -k netsvcs -p
     Server: 支持此计算机通过网络的文件、打印、和命名管道共享。如果服务停止，这些功能不可用。如果服务被禁用，任何直接依赖于此服务的服务将无法启动。
     Microsoft Corporation
     10.0.18362.1
     c:\windows\system32\srvsvc.dll
     1927/12/31 11:11
   LanmanWorkstation
     %SystemRoot%\System32\svchost.exe -k NetworkService -p
     Workstation: 使用 SMB 协议创建并维护客户端网络与远程服务器之间的连接。如果此服务已停止，这些连接将无法使用。如果此服务已禁用，任何明确依赖它的服务将无法启动。
     Microsoft Corporation
     10.0.18362.267
     c:\windows\system32\wkssvc.dll
     1980/1/12 1:15
   lfsvc
     %SystemRoot%\system32\svchost.exe -k netsvcs -p
     Geolocation Service: 此服务将监视系统的当前位置并管理地理围栏(具有关联事件的地理位置)。如果你禁用此服务，应用程序 将无法使用或接收有关地理位置或地理围栏的通知。
     Microsoft Corporation
     10.0.18362.1
     c:\windows\system32\lfsvc.dll
     1980/1/30 8:34
   LicenseManager
     %SystemRoot%\System32\svchost.exe -k LocalService -p
     Windows 许可证管理器服务: 为 Microsoft Store 提供基础结构支持。此服务按需启动，如果禁用此服务，则通过 Microsoft Store 获得的内容将无法正常运行。
     Microsoft Corporation
     10.0.18362.1
     c:\windows\system32\licensemanagersvc.dll
     2029/10/5 19:51
   lltdsvc
     %SystemRoot%\System32\svchost.exe -k LocalService -p
     Link-Layer Topology Discovery Mapper: 创建网络映射，它由电脑和设备拓扑(连接)信息以及说明每个电脑和设备的元数据组成。如果禁用此服务，则网络映射将不能正常工作。
     Microsoft Corporation
     10.0.18362.1
     c:\windows\system32\lltdsvc.dll
     1934/3/29 19:45
   lmhosts
     %SystemRoot%\System32\svchost.exe -k LocalServiceNetworkRestricted -p
     TCP/IP NetBIOS Helper: 提供 TCP/IP (NetBT) 服务上的 NetBIOS 和网络上客户端的 NetBIOS 名称解析的支持，从而使用户能 够共享文件、打印和登录到网络。如果此服务被停用，这些功能可能不可用。如果此服务被禁用，任何依赖它的服务将无法启动。
     Microsoft Corporation
     10.0.18362.1
     c:\windows\system32\svchost.exe
     1997/1/11 6:26
   LSM
     %SystemRoot%\system32\svchost.exe -k DcomLaunch -p
     Local Session Manager: 管理本地用户会话的核心 Windows 服务。停止或禁用此服务将导致系统不稳定。
     Microsoft Corporation
     10.0.18362.1
     c:\windows\system32\lsm.dll
     1931/7/21 3:30
   LxpSvc
     %SystemRoot%\system32\svchost.exe -k netsvcs
     语言体验服务: 为部署和配置 Windows 本地化资源提供基础结构支持。此服务将按需启动，如果禁用，其他 Windows 语言将不会部署到系统，Windows 可能无法正常工作。
     Microsoft Corporation
     10.0.18362.1
     c:\windows\system32\languageoverlayserver.dll
     2035/1/24 21:50
   MapsBroker
     %SystemRoot%\System32\svchost.exe -k NetworkService -p
     Downloaded Maps Manager: 供应用程序访问已下载地图的 Windows 服务。此服务由访问已下载地图的应用程序按需启动。禁用此服务将阻止应用访问地图。
     Microsoft Corporation
     10.0.18362.1
     c:\windows\system32\moshost.dll
     2002/8/30 8:11
   MessagingService
     %SystemRoot%\system32\svchost.exe -k UnistackSvcGroup
     MessagingService: 支持短信及相关功能的服务。
     Microsoft Corporation
     10.0.18362.1
     c:\windows\system32\messagingservice.dll
     1946/5/2 4:09
   MessagingService_4f1c60c
     C:\Windows\system32\svchost.exe -k UnistackSvcGroup
     MessagingService_4f1c60c: 支持短信及相关功能的服务。
     Microsoft Corporation
     10.0.18362.1
     c:\windows\system32\svchost.exe
     1997/1/11 6:26
   MicrosoftEdgeElevationService
     "C:\Program Files (x86)\Microsoft\Edge\Application\81.0.416.72\elevation_service.exe"
     Microsoft Edge Elevation Service: Keeps Microsoft Edge up to update. If this service is disabled, the application will not be kept up to date.
     Microsoft Corporation
     81.0.416.72
     c:\program files (x86)\microsoft\edge\application\81.0.416.72\elevation_service.exe
     2020/5/7 1:19
   mpssvc
     %SystemRoot%\system32\svchost.exe -k LocalServiceNoNetworkFirewall -p
     Windows Defender Firewall: Windows Defender 防火墙通过阻止未授权用户通过 Internet 或网络访问你的计算机来帮助保护计算机。
     Microsoft Corporation
     10.0.18362.449
     c:\windows\system32\mpssvc.dll
     2000/5/24 14:40
   MSDTC
     %SystemRoot%\System32\msdtc.exe
     Distributed Transaction Coordinator: 协调跨多个数据库、消息队列、文件系统等资源管理器的事务。如果停止此服务，这些 事务将会失败。如果禁用此服务，显式依赖此服务的其他服务将无法启动。
     Microsoft Corporation
     2001.12.10941.16384
     c:\windows\system32\msdtc.exe
     1966/9/5 6:27
   MSiSCSI
     %systemroot%\system32\svchost.exe -k netsvcs -p
     Microsoft iSCSI Initiator Service: 管理从这台计算机到远程 iSCSI 目标设备的 Internet SCSI (iSCSI)会话。如果该服务已停止，则该计算机将无法登录或访问 iSCSI 目标设备。如果该服务已禁用，则所有显式依赖于该服务的服务将不会启动。
     Microsoft Corporation
     10.0.18362.1
     c:\windows\system32\iscsiexe.dll
     1968/9/17 22:37
   msiserver
     %systemroot%\system32\msiexec.exe /V
     Windows Installer: 添加、修改和删除作为 Windows Installer 程序包(*.msi、*.msp)提供的应用程序。如果禁用此服务，则任何显式依赖它的服务均将无法启动。
     Microsoft Corporation
     5.0.18362.1
     c:\windows\system32\msiexec.exe
     2017/2/9 9:03
   MSSQLSERVER
     "E:\SQL Server\MSSQL15.MSSQLSERVER\MSSQL\Binn\sqlservr.exe" -sMSSQLSERVER
     SQL Server (MSSQLSERVER): 提供数据的存储、处理和受控访问，并提供快速的事务处理。
     Microsoft Corporation
     2019.150.2000.5
     e:\sql server\mssql15.mssqlserver\mssql\binn\sqlservr.exe
     2019/9/25 6:00
   NaturalAuthentication
     %SystemRoot%\system32\svchost.exe -k netsvcs -p
     自然身份验证: 信号聚合器服务，用于根据时间、网络、地理位置、蓝牙和 CDF 因素评估信号。支持的功能包括设备解锁、动态 锁定和动态 MDM 策略
     Microsoft Corporation
     10.0.18362.1
     c:\windows\system32\naturalauth.dll
     1947/5/21 9:08
   NcaSvc
     %SystemRoot%\System32\svchost.exe -k NetSvcs -p
     Network Connectivity Assistant: 提供 UI 组件的 DirectAccess 状态通知
     Microsoft Corporation
     10.0.18362.356
     c:\windows\system32\ncasvc.dll
     1957/10/8 18:34
   NcbService
     %SystemRoot%\System32\svchost.exe -k LocalSystemNetworkRestricted -p
     Network Connection Broker: 允许 Windows 应用商店应用从 Internet 接收通知的代理连接。
     Microsoft Corporation
     10.0.18362.752
     c:\windows\system32\ncbservice.dll
     1919/10/18 19:26
   NcdAutoSetup
     %SystemRoot%\System32\svchost.exe -k LocalServiceNoNetwork -p
     Network Connected Devices Auto-Setup: 网络连接设备自动安装服务会监视和安装连接到合格网络的合格设备。停止或禁用此服务将阻止 Windows 自动发现和安装合格的网络连接设备。用户仍然可以通过用户界面将网络连接设备手动添加到电脑。
     Microsoft Corporation
     10.0.18362.1
     c:\windows\system32\ncdautosetup.dll
     1958/3/12 22:05
   Netlogon
     %systemroot%\system32\lsass.exe
     Netlogon: 为用户和服务身份验证维护此计算机和域控制器之间的安全通道。如果此服务被停用，计算机可能无法验证用户和服务身份并且域控制器无法注册 DNS 记录。如果此服务被禁用，任何依赖它的服务将无法启动。
     Microsoft Corporation
     10.0.18362.1
     c:\windows\system32\lsass.exe
     1947/7/4 6:51
   Netman
     %SystemRoot%\System32\svchost.exe -k LocalSystemNetworkRestricted -p
     Network Connections: 管理“网络和拨号连接”文件夹中对象，在其中你可以查看局域网和远程连接。
     Microsoft Corporation
     10.0.18362.719
     c:\windows\system32\netman.dll
     2021/4/16 4:08
   netprofm
     %SystemRoot%\System32\svchost.exe -k LocalService -p
     Network List Service: 识别计算机已连接的网络，收集和存储这些网络的属性，并在更改这些属性时通知应用程序。
     Microsoft Corporation
     10.0.18362.719
     c:\windows\system32\netprofmsvc.dll
     1962/4/12 18:25
   NetSetupSvc
     %SystemRoot%\System32\svchost.exe -k netsvcs -p
     Network Setup Service: 网络安装服务用于管理网络驱动程序的安装，并允许配置低级别网络设置。如果停止此服务，可能会取 消正在进行的所有驱动程序安装。
     Microsoft Corporation
     10.0.18362.1
     c:\windows\system32\netsetupsvc.dll
     1937/3/2 14:41
   NgcCtnrSvc
     %SystemRoot%\system32\svchost.exe -k LocalServiceNetworkRestricted -p
     Microsoft Passport Container: 管理用于针对标识提供者及 TPM 虚拟智能卡为用户进行身份验证的本地用户标识密钥。如果禁 用了此服务，则将无法访问本地用户标识密钥和 TPM 虚拟智能卡。建议你不要重新配置此服务。
     Microsoft Corporation
     10.0.18362.329
     c:\windows\system32\ngcctnrsvc.dll
     1943/10/4 7:37
   NgcSvc
     %SystemRoot%\system32\svchost.exe -k LocalSystemNetworkRestricted -p
     Microsoft Passport: 为用于对用户关联的标识提供者进行身份验证的加密密钥提供进程隔离。如果禁用了此服务，则这些密钥的所有使用和管理将无法进行，其中包括应用和网站的计算机登录和单一登录。此服务自动启动和停止。建议你不要重新配置此服务。
     Microsoft Corporation
     10.0.18362.267
     c:\windows\system32\ngcsvc.dll
     1920/8/10 11:41
   NlaSvc
     %SystemRoot%\System32\svchost.exe -k NetworkService -p
     Network Location Awareness: 收集和存储网络的配置信息，并在此信息被修改时向程序发出通知。如果停止此服务，则配置信息可能不可用；如果禁用此服务，则显式依赖此服务的所有服务都将无法启动。
     Microsoft Corporation
     10.0.18362.693
     c:\windows\system32\nlasvc.dll
     1916/6/30 19:48
   nsi
     %systemroot%\system32\svchost.exe -k LocalService -p
     Network Store Interface Service: 此服务向用户模式客户端发送网络通知(例如，添加/删除接口等)。停止此服务将导致丢失网络连接。如果禁用此服务，则显式依赖此服务的所有其他服务都将无法启动。
     Microsoft Corporation
     10.0.18362.1
     c:\windows\system32\svchost.exe
     1997/1/11 6:26
   NVDisplay.ContainerLocalSystem
     "C:\Program Files\NVIDIA Corporation\Display.NvContainer\NVDisplay.Container.exe" -s NVDisplay.ContainerLocalSystem -f "C:\ProgramData\NVIDIA\NVDisplay.ContainerLocalSystem.log" -l 3 -d "C:\Program Files\NVIDIA Corporation\Display.NvContainer\plugins\LocalSystem" -r -p 30000
     NVIDIA Display Container LS: Container service for NVIDIA root features
     NVIDIA Corporation
     1.2.0.0
     c:\program files\nvidia corporation\display.nvcontainer\nvdisplay.container.exe
     2018/3/16 16:37
   OneSyncSvc
     %SystemRoot%\system32\svchost.exe -k UnistackSvcGroup
     同步主机: 此服务将同步邮件、联系人、日历和各种其他用户数据。此服务没有运行时，依赖于此功能的邮件和其他应用程序将无法正常工作。
     Microsoft Corporation
     10.0.18362.1
     c:\windows\system32\aphostservice.dll
     2034/1/31 4:05
   OneSyncSvc_4f1c60c
     C:\Windows\system32\svchost.exe -k UnistackSvcGroup
     同步主机_4f1c60c: 此服务将同步邮件、联系人、日历和各种其他用户数据。此服务没有运行时，依赖于此功能的邮件和其他应用程序将无法正常工作。
     Microsoft Corporation
     10.0.18362.1
     c:\windows\system32\svchost.exe
     1997/1/11 6:26
   ose64
     "c:\Program Files\Common Files\Microsoft Shared\Source Engine\OSE.EXE"
     Office 64 Source Engine: Saves installation files used for updates and repairs and is required for the downloading of Setup updates and Watson error reports.
     Microsoft Corporation
     16.0.10358.20061
     c:\program files\common files\microsoft shared\source engine\ose.exe
     2020/4/3 17:32
   p2pimsvc
     %SystemRoot%\System32\svchost.exe -k LocalServicePeerNet
     Peer Networking Identity Manager: 向对等名称解析协议(PNRP)和对等分组服务提供标识服务。如果禁用该功能，对等名称解析协议和对等分组服务可能无法正常运行，且某些应用程序(如家庭组和远程协助)可能无法正常运行。
     Microsoft Corporation
     10.0.18362.295
     c:\windows\system32\pnrpsvc.dll
     1931/8/24 12:49
   p2psvc
     %SystemRoot%\System32\svchost.exe -k LocalServicePeerNet
     Peer Networking Grouping: 使用对等分组启用多方通信。如果禁用该功能，某些应用程序(如家庭组)可能无法正常运行。
     Microsoft Corporation
     10.0.18362.295
     c:\windows\system32\p2psvc.dll
     1962/10/28 3:24
   pcas
     "C:\Program Files (x86)\alipay\aliedit\4.0.0.101\pcas.exe"
     Alipay payment client security service: 为支付宝客户端提供服务，一旦停止该服务，有可能影响你的支付业务安全
     Alipay.com Inc.
     1.0.1.0
     c:\program files (x86)\alipay\aliedit\4.0.0.101\pcas.exe
     2015/3/24 10:18
   PcaSvc
     %systemroot%\system32\svchost.exe -k LocalSystemNetworkRestricted -p
     Program Compatibility Assistant Service: 此服务为程序兼容性助手(PCA)提供支持。PCA 监视由用户安装和运行的程序，并检测已知兼容性问题。如果停止此服务，PCA 将无法正常运行。
     Microsoft Corporation
     10.0.18362.752
     c:\windows\system32\pcasvc.dll
     2005/9/9 15:43
   PeerDistSvc
     %SystemRoot%\System32\svchost.exe -k PeerDist
     BranchCache: 此服务缓存来自本地子网上对等方的网络内容。
     Microsoft Corporation
     10.0.18362.1
     c:\windows\system32\peerdistsvc.dll
     1968/11/5 22:33
   perceptionsimulation
     %systemroot%\system32\PerceptionSimulation\PerceptionSimulationService.exe
     Windows 感知模拟服务: 实现空间感知模拟、虚拟相机管理和空间输入模拟。
     Microsoft Corporation
     10.0.18362.1
     c:\windows\system32\perceptionsimulation\perceptionsimulationservice.exe
     2016/9/14 22:45
   PerfHost
     %SystemRoot%\SysWow64\perfhost.exe
     Performance Counter DLL Host: 使远程用户和 64 位进程能够查询 32 位 DLL 提供的性能计数器。如果停止此服务，则只有本 地用户和 32 位进程能够查询 32 位 DLL 提供的性能计数器。
     Microsoft Corporation
     10.0.18362.1
     c:\windows\syswow64\perfhost.exe
     2021/6/2 13:18
   PhoneSvc
     %SystemRoot%\system32\svchost.exe -k LocalService -p
     Phone Service: 在设备上管理电话服务状态
     Microsoft Corporation
     10.0.18362.1
     c:\windows\system32\phoneservice.dll
     1926/12/8 9:33
   PimIndexMaintenanceSvc
     %SystemRoot%\system32\svchost.exe -k UnistackSvcGroup
     Contact Data: 为联系人数据编制索引以进行快速联系人搜索。如果停止或禁用此服务，你的搜索结果中可能会缺少联系人。
     Microsoft Corporation
     10.0.18362.1
     c:\windows\system32\pimindexmaintenance.dll
     2010/6/21 3:59
   PimIndexMaintenanceSvc_4f1c60c
     C:\Windows\system32\svchost.exe -k UnistackSvcGroup
     Contact Data_4f1c60c: 为联系人数据编制索引以进行快速联系人搜索。如果停止或禁用此服务，你的搜索结果中可能会缺少联系人。
     Microsoft Corporation
     10.0.18362.1
     c:\windows\system32\svchost.exe
     1997/1/11 6:26
   pla
     %SystemRoot%\System32\svchost.exe -k LocalServiceNoNetwork -p
     Performance Logs & Alerts: 性能日志和警报根据预配置的计划参数从本地或远程计算机收集性能数据，然后将该数据写入日志 或触发警报。如果停止此服务，将不收集性能信息。如果禁用此服务，则明确依赖它的所有服务将无法启动。
     Microsoft Corporation
     10.0.18362.1
     c:\windows\system32\pla.dll
     2017/4/22 13:35
   PlugPlay
     %SystemRoot%\system32\svchost.exe -k DcomLaunch -p
     Plug and Play: 使计算机在极少或没有用户输入的情况下能识别并适应硬件的更改。终止或禁用此服务会造成系统不稳定。
     Microsoft Corporation
     10.0.18362.1
     c:\windows\system32\umpnpmgr.dll
     1947/11/16 17:19
   PNRPAutoReg
     %SystemRoot%\System32\svchost.exe -k LocalServicePeerNet
     PNRP Machine Name Publication Service: 此服务使用对等名称解析协议发布计算机名称。配置是通过 Netsh 上下文“p2p pnrp peer”管理的
     Microsoft Corporation
     10.0.18362.1
     c:\windows\system32\pnrpauto.dll
     2008/8/4 7:29
   PNRPsvc
     %SystemRoot%\System32\svchost.exe -k LocalServicePeerNet
     Peer Name Resolution Protocol: 使用对等名称解析协议(PNRP)在 Internet 上启用无服务器对等名称解析。如果禁用该功能， 则某些对等应用程序和协作应用程序(如远程协助)可能无法运行。
     Microsoft Corporation
     10.0.18362.295
     c:\windows\system32\pnrpsvc.dll
     1931/8/24 12:49
   PolicyAgent
     %SystemRoot%\system32\svchost.exe -k NetworkServiceNetworkRestricted -p
     IPsec Policy Agent: Internet 协议安全(IPsec)支持网络级别的对等身份验证、数据原始身份验证、数据完整性、数据机密性( 加密)以及重播保护。此服务强制执行通过 IP 安全策略管理单元或命令行工具 "netsh ipsec" 创建的 IPsec 策略。停止此服务时，如果策略需要连接使用 IPsec，可能会遇到网络连接问题。同样，此服务停止时，Windows Defender 防火墙的远程管理也不再可用。
     Microsoft Corporation
     10.0.18362.1
     c:\windows\system32\ipsecsvc.dll
     1996/1/12 23:46
   Power
     %SystemRoot%\system32\svchost.exe -k DcomLaunch -p
     Power: 管理电源策略和电源策略通知传递。
     Microsoft Corporation
     10.0.18362.778
     c:\windows\system32\umpo.dll
     1944/8/23 9:25
   PrintNotify
     %SystemRoot%\system32\svchost.exe -k print
     Printer Extensions and Notifications: 此服务可打开自定义打印机对话框并处理来自远程打印服务器或打印机的通知。如果你关闭此服务，将无法看到打印机扩展或通知。
     Microsoft Corporation
     0.3.18362.145
     c:\windows\system32\spool\drivers\x64\3\printconfig.dll
     1963/10/1 2:55
   PrintWorkflowUserSvc
     %SystemRoot%\system32\svchost.exe -k PrintWorkflow
     PrintWorkflow: 打印工作流
     Microsoft Corporation
     10.0.18362.1
     c:\windows\system32\printworkflowservice.dll
     1996/5/3 23:56
   PrintWorkflowUserSvc_4f1c60c
     C:\Windows\system32\svchost.exe -k PrintWorkflow
     PrintWorkflow_4f1c60c: 打印工作流
     Microsoft Corporation
     10.0.18362.1
     c:\windows\system32\svchost.exe
     1997/1/11 6:26
   ProfSvc
     %systemroot%\system32\svchost.exe -k netsvcs -p
     User Profile Service: 此服务负责加载和卸载用户配置文件。如果已停止或禁用此服务，用户将无法再成功登录或注销，应用在获取用户数据时可能会出问题，而且为接收配置文件事件通知注册的组件将无法接收这些通知。
     Microsoft Corporation
     10.0.18362.693
     c:\windows\system32\profsvc.dll
     1962/12/27 17:07
   PushToInstall
     %SystemRoot%\System32\svchost.exe -k netsvcs -p
     Windows PushToInstall 服务: 为 Microsoft Store 提供基础结构支持。此服务自动启动，如果禁用，则远程安装将无法正常运 行。
     Microsoft Corporation
     10.0.18362.1
     c:\windows\system32\pushtoinstall.dll
     2002/5/8 8:07
   QPCore
     "C:\Program Files (x86)\Common Files\Tencent\QQProtect\Bin\QQProtect.exe"
     QPCore Service: 腾讯安全服务
     Tencent
     4.5.0.9406
     c:\program files (x86)\common files\tencent\qqprotect\bin\qqprotect.exe
     2019/11/20 17:31
   QQMusicService
     C:\Program Files (x86)\Common Files\Tencent\QQMusic\QQMusicService.exe
     QQMusicService: QQ音乐加速服务
     Tencent
     17.63.0.0
     c:\program files (x86)\common files\tencent\qqmusic\qqmusicservice.exe
     2020/4/8 13:02
   QWAVE
     %windir%\system32\svchost.exe -k LocalServiceAndNoImpersonation -p
     Quality Windows Audio Video Experience: 优质 Windows 音频视频体验(qWave)是用于 IP 家庭网络上的音频视频(AV)流应用程序的网络平台。通过确保 AV 应用程序的网络服务质量(QoS)，qWave 增强了 AV 流的性能和可靠性。它提供了许可控制机制、运行时监视和实施、应用程序反馈以及流量优先顺序。
     Microsoft Corporation
     10.0.18362.1
     c:\windows\system32\qwave.dll
     1976/9/4 3:49
   RasAuto
     %SystemRoot%\System32\svchost.exe -k netsvcs -p
     Remote Access Auto Connection Manager: 无论什么时候，当某个程序引用一个远程 DNS 或者 NetBIOS 名称或者地址，就创建 一个到远程的连接。
     Microsoft Corporation
     10.0.18362.1
     c:\windows\system32\rasauto.dll
     1949/11/12 0:08
   RasMan
     %SystemRoot%\System32\svchost.exe -k netsvcs
     Remote Access Connection Manager: 管理从这台计算机到 Internet 或其他远程网络的拨号和虚拟专用网络(VPN)连接。如果禁 用该项服务，则明确依赖该服务的任何服务都将无法启动。
     Microsoft Corporation
     10.0.18362.752
     c:\windows\system32\rasmans.dll
     1929/5/18 11:32
   RetailDemo
     %SystemRoot%\System32\svchost.exe -k rdxgroup
     零售演示服务: 当设备处于零售演示模式时，零售演示服务将控制设备活动。
     Microsoft Corporation
     10.0.18362.387
     c:\windows\system32\rdxservice.dll
     1984/1/9 2:38
   RmSvc
     %SystemRoot%\System32\svchost.exe -k LocalServiceNetworkRestricted
     无线电管理服务: 无线电管理和飞行模式服务
     Microsoft Corporation
     10.0.18362.449
     c:\windows\system32\rmapi.dll
     1964/9/10 12:07
   RpcEptMapper
     %SystemRoot%\system32\svchost.exe -k RPCSS -p
     RPC Endpoint Mapper: 解析 RPC 接口标识符以传输端点。如果此服务被停止或禁用，使用远程过程调用(RPC)服务的程序将无法 正常运行。
     Microsoft Corporation
     10.0.18362.1
     c:\windows\system32\rpcepmap.dll
     1979/5/14 20:53
   RpcLocator
     %SystemRoot%\system32\locator.exe
     Remote Procedure Call (RPC) Locator: 在 Windows 2003 和 Windows 的早期版本中，远程过程调用(RPC)定位器服务可管理 RPC 名称服务数据库。在 Windows Vista 和 Windows 的更新版本中，此服务不提供任何功能，但可用于应用程序兼容性。
     Microsoft Corporation
     10.0.18362.1
     c:\windows\system32\locator.exe
     2029/10/6 11:23
   RpcSs
     %SystemRoot%\system32\svchost.exe -k rpcss -p
     Remote Procedure Call (RPC): RPCSS 服务是 COM 和 DCOM 服务器的服务控制管理器。它执行 COM 和 DCOM 服务器的对象激活 请求、对象导出程序解析和分布式垃圾回收。如果此服务被停用或禁用，则使用 COM 或 DCOM 的程序将无法正常工作。强烈建议你运行 RPCSS 服务。
     Microsoft Corporation
     10.0.18362.752
     c:\windows\system32\rpcss.dll
     1942/9/3 2:10
   RtkAudioService
     "C:\Program Files\Realtek\Audio\HDA\RtkAudioService64.exe"
     Realtek Audio Service: For cooperation with Realtek audio driver.
     Realtek Semiconductor
     1.0.0.88
     c:\program files\realtek\audio\hda\rtkaudioservice64.exe
     2018/5/30 13:06
   RtkBtManServ
     %SystemRoot%\RtkBtManServ.exe
     Realtek Bluetooth Device Manager Service: Realtek Bluetooth BTDevManager Service Application
     Realtek Semiconductor Corp.
     1.1.17.1
     c:\windows\rtkbtmanserv.exe
     2018/4/18 14:24
   SamSs
     %SystemRoot%\system32\lsass.exe
     Security Accounts Manager: 启动此服务将向其他服务发出信号: 安全帐户管理器(SAM)已准备就绪，可以接受请求。禁用此服务将导致在 SAM 准备就绪时，无法通知系统中的其他服务，从而可能导致这些服务无法正确启动。不应禁用此服务。
     Microsoft Corporation
     10.0.18362.1
     c:\windows\system32\lsass.exe
     1947/7/4 6:51
   SangforSP
     "C:\Program Files (x86)\Sangfor\SSL\Promote\SangforPromoteService.exe"
     SangforSP: Promote Service
     Sangfor Technologies Inc.
     7.6.7.1
     c:\program files (x86)\sangfor\ssl\promote\sangforpromoteservice.exe
     2019/10/15 11:09
   SCardSvr
     %SystemRoot%\system32\svchost.exe -k LocalServiceAndNoImpersonation
     Smart Card: 管理此计算机对智能卡的取读访问。如果此服务被终止，此计算机将无法取读智能卡。如果此服务被禁用，任何依赖它的服务将无法启动。
     Microsoft Corporation
     10.0.18362.1
     c:\windows\system32\scardsvr.dll
     1967/4/24 22:28
   ScDeviceEnum
     %SystemRoot%\system32\svchost.exe -k LocalSystemNetworkRestricted
     Smart Card Device Enumeration Service: 为给定会话可访问的所有智能卡读卡器创建软件设备节点。如果已禁用此服务，则 WinRT API 将无法枚举智能卡读卡器。
     Microsoft Corporation
     10.0.18362.1
     c:\windows\system32\scdeviceenum.dll
     2030/9/9 1:33
   Schedule
     %systemroot%\system32\svchost.exe -k netsvcs -p
     Task Scheduler: 使用户可以在此计算机上配置和计划自动任务。此服务还托管多个 Windows 系统关键任务。如果此服务被停止 或禁用，这些任务将无法在计划的时间运行。如果此服务被禁用，则明确依赖它的所有服务将无法启动。
     Microsoft Corporation
     10.0.18362.387
     c:\windows\system32\schedsvc.dll
     2008/6/3 19:18
   SCPolicySvc
     %SystemRoot%\system32\svchost.exe -k netsvcs
     Smart Card Removal Policy: 允许系统配置为移除智能卡时锁定用户桌面
     Microsoft Corporation
     10.0.18362.1
     c:\windows\system32\certprop.dll
     1981/3/4 21:47
   SDRSVC
     %SystemRoot%\system32\svchost.exe -k SDRSVC
     Windows 备份: 提供 Windows 备份和还原功能。
     Microsoft Corporation
     10.0.18362.657
     c:\windows\system32\sdrsvc.dll
     1961/10/5 20:21
   seclogon
     %windir%\system32\svchost.exe -k netsvcs -p
     Secondary Logon: 在不同凭据下启用启动过程。如果此服务被停止，这种类型的登录访问将不可用。如果此服务被禁用，任何明 确依赖它的服务都将不能启动。
     Microsoft Corporation
     10.0.18362.1
     c:\windows\system32\seclogon.dll
     1970/10/19 13:44
   SecurityHealthService
     %SystemRoot%\system32\SecurityHealthService.exe
     Windows 安全中心服务: Windows 安全中心服务处理统一的设备保护和运行状况信息
     Microsoft Corporation
     4.18.1901.16384
     c:\windows\system32\securityhealthservice.exe
     2000/3/2 17:11
   SEMgrSvc
     %SystemRoot%\system32\svchost.exe -k LocalService -p
     付款和 NFC/SE 管理器: 管理付款和基于近场通信(NFC)的安全元件。
     Microsoft Corporation
     10.0.18362.1
     c:\windows\system32\semgrsvc.dll
     1968/8/12 16:27
   SENS
     %SystemRoot%\system32\svchost.exe -k netsvcs -p
     System Event Notification Service: 监视系统事件并通知订户这些事件的 COM+ 事件系统。
     Microsoft Corporation
     10.0.18362.1
     c:\windows\system32\sens.dll
     1904/9/2 8:13
   Sense
     "%ProgramFiles%\Windows Defender Advanced Threat Protection\MsSense.exe"
     Windows Defender Advanced Threat Protection Service: Windows Defender 高级威胁防护服务通过监视和报告计算机上发生的安全事件来防范高级威胁。
     Microsoft Corporation
     10.6940.18362.778
     c:\program files\windows defender advanced threat protection\mssense.exe
     1992/10/28 16:45
   SensorDataService
     %SystemRoot%\System32\SensorDataService.exe
     Sensor Data Service: 从各种传感器传送数据
     Microsoft Corporation
     10.0.18362.1
     c:\windows\system32\sensordataservice.exe
     1942/8/7 16:25
   SensorService
     %SystemRoot%\system32\svchost.exe -k LocalSystemNetworkRestricted -p
     Sensor Service: 一项用于管理各种传感器的功能的传感器服务。管理传感器的简单设备方向(SDO)和历史记录。加载对设备方向 变化进行报告的 SDO 传感器。如果停止或禁用了此服务，则将不会加载 SDO 传感器，因此不会发生自动旋转。来自传感器的历史记录 收集也将停止。
     Microsoft Corporation
     10.0.18362.1
     c:\windows\system32\sensorservice.dll
     1950/12/14 15:08
   SensrSvc
     %SystemRoot%\system32\svchost.exe -k LocalServiceAndNoImpersonation -p
     Sensor Monitoring Service: 监视各种传感器，以公开数据和适应系统和用户状态。如果此服务停止或禁用，显示器亮度将不根 据照明条件进行调节。停止此服务还可能会影响其他系统功能和特性。
     Microsoft Corporation
     10.0.18362.1
     c:\windows\system32\sensrsvc.dll
     1966/2/15 3:36
   SessionEnv
     %SystemRoot%\System32\svchost.exe -k netsvcs -p
     Remote Desktop Configuration: 远程桌面配置服务(RDCS)负责需要 SYSTEM 上下文的所有远程桌面服务和远程桌面相关的配置和会话维护活动。这些包括每会话临时文件夹、RD 主题和 RD 证书。
     Microsoft Corporation
     10.0.18362.387
     c:\windows\system32\sessenv.dll
     1961/3/18 7:45
   SgrmBroker
     %SystemRoot%\system32\SgrmBroker.exe
     System Guard 运行时监视器代理: 监视并证明 Windows 平台的完整性。
     Microsoft Corporation
     10.0.18362.1
     c:\windows\system32\sgrmbroker.exe
     2017/3/29 16:40
   SharedAccess
     %SystemRoot%\System32\svchost.exe -k netsvcs -p
     Internet Connection Sharing (ICS): 为家庭和小型办公网络提供网络地址转换、寻址、名称解析和/或入侵保护服务。
     Microsoft Corporation
     10.0.18362.778
     c:\windows\system32\ipnathlp.dll
     1908/7/1 4:13
   SharedRealitySvc
     %SystemRoot%\system32\svchost.exe -k LocalService -p
     空间数据服务: 此服务用于空间感知方案
     Microsoft Corporation
     10.0.18362.239
     c:\windows\system32\sharedrealitysvc.dll
     1930/8/19 8:55
   ShellHWDetection
     %SystemRoot%\System32\svchost.exe -k netsvcs -p
     Shell Hardware Detection: 为自动播放硬件事件提供通知。
     Microsoft Corporation
     10.0.18362.1
     c:\windows\system32\shsvcs.dll
     1909/6/9 6:37
   smphost
     %SystemRoot%\System32\svchost.exe -k smphost
     Microsoft Storage Spaces SMP: Microsoft 存储空间管理提供程序的主机服务。如果阻止或禁用这项服务，则无法管理存储空间。
     Microsoft Corporation
     10.0.18362.1
     c:\windows\system32\smphost.dll
     1915/12/23 5:06
   SmsRouter
     %SystemRoot%\system32\svchost.exe -k LocalServiceNetworkRestricted -p
     Microsoft Windows SMS 路由器服务。: 根据规则将消息路由到相应客户端。
     Microsoft Corporation
     10.0.18362.387
     c:\windows\system32\smsroutersvc.dll
     1956/9/18 20:16
   SNMPTRAP
     %SystemRoot%\System32\snmptrap.exe
     SNMP 陷阱: 接收本地或远程简单网络管理协议 (SNMP) 代理程序生成的陷阱消息并将消息转发到此计算机上运行的 SNMP 管理程 序。如果此服务被停用，此计算机上基于 SNMP 的程序将不会接收 SNMP trap 消息。如果此服务被禁用，任何依赖它的服务将无法启动。
     Microsoft Corporation
     10.0.18362.1
     c:\windows\system32\snmptrap.exe
     1966/2/25 0:50
   spectrum
     %systemroot%\system32\spectrum.exe
     Windows 感知服务: 启用空间感知、空间输入和全息绘制。
     Microsoft Corporation
     10.0.18362.239
     c:\windows\system32\spectrum.exe
     2026/9/7 5:52
   Spooler
     %SystemRoot%\System32\spoolsv.exe
     Print Spooler: 该服务在后台执行打印作业并处理与打印机的交互。如果关闭该服务，则无法进行打印或查看打印机。
     Microsoft Corporation
     10.0.18362.476
     c:\windows\system32\spoolsv.exe
     1976/8/6 20:51
   sppsvc
     %SystemRoot%\system32\sppsvc.exe
     Software Protection: 启用 Windows 和 Windows 应用程序的数字许可证的下载、安装和实施。如果禁用该服务，操作系统和许 可的应用程序可能以通知模式运行。强烈建议你不要禁用软件保护服务。
     Microsoft Corporation
     10.0.18362.778
     c:\windows\system32\sppsvc.exe
     1962/2/1 13:44
   SQLSERVERAGENT
     "E:\SQL Server\MSSQL15.MSSQLSERVER\MSSQL\Binn\SQLAGENT.EXE" -i MSSQLSERVER
     SQL Server 代理 (MSSQLSERVER): 执行作业、监视 SQL Server、激发警报，以及允许自动执行某些管理任务。
     Microsoft Corporation
     2019.150.2000.5
     e:\sql server\mssql15.mssqlserver\mssql\binn\sqlagent.exe
     2019/9/25 4:51
   SQLTELEMETRY
     "E:\SQL Server\MSSQL15.MSSQLSERVER\MSSQL\Binn\sqlceip.exe" -Service
     SQL Server CEIP 服务 (MSSQLSERVER): SQL Server CEIP 服务
     Microsoft Corporation
     15.0.2000.5
     e:\sql server\mssql15.mssqlserver\mssql\binn\sqlceip.exe
     2019/9/25 4:48
   SQLWriter
     "C:\Program Files\Microsoft SQL Server\90\Shared\sqlwriter.exe"
     SQL Server VSS Writer: 提供用于通过 Windows VSS 基础设施备份/还原 Microsoft SQL Server 的接口。
     Microsoft Corporation
     2019.150.2000.5
     c:\program files\microsoft sql server\90\shared\sqlwriter.exe
     2019/9/25 4:50
   SSDPSRV
     %SystemRoot%\system32\svchost.exe -k LocalServiceAndNoImpersonation -p
     SSDP Discovery: 当发现了使用 SSDP 协议的网络设备和服务，如 UPnP 设备，同时还报告了运行在本地计算机上使用的 SSDP 设备和服务。如果停止此服务，基于 SSDP 的设备将不会被发现。如果禁用此服务，任何依赖此服务的服务都无法正常启动。
     Microsoft Corporation
     10.0.18362.295
     c:\windows\system32\ssdpsrv.dll
     1978/2/19 12:52
   SstpSvc
     %SystemRoot%\system32\svchost.exe -k LocalService -p
     Secure Socket Tunneling Protocol Service: 提供使用 VPN 连接到远程计算机的安全套接字隧道协议(SSTP)的支持。如果该服 务被禁用，则用户将无法使用 SSTP 访问远程服务器。
     Microsoft Corporation
     10.0.18362.1
     c:\windows\system32\sstpsvc.dll
     1927/7/22 11:29
   StateRepository
     %SystemRoot%\system32\svchost.exe -k appmodel -p
     State Repository Service: 为应用程序模型提供所需的基础结构支持。
     Microsoft Corporation
     10.0.18362.1
     c:\windows\system32\windows.staterepository.dll
     1940/11/26 22:44
   stisvc
     %SystemRoot%\system32\svchost.exe -k imgsvc
     Windows Image Acquisition (WIA): 为扫描仪和照相机提供图像采集服务
     Microsoft Corporation
     10.0.18362.592
     c:\windows\system32\wiaservc.dll
     1950/12/15 22:51
   StorSvc
     %SystemRoot%\System32\svchost.exe -k LocalSystemNetworkRestricted -p
     Storage Service: 为存储设置和外部存储扩展提供启用服务
     Microsoft Corporation
     10.0.18362.778
     c:\windows\system32\storsvc.dll
     1978/9/4 20:43
   svsvc
     %SystemRoot%\system32\svchost.exe -k LocalSystemNetworkRestricted -p
     Spot Verifier: 验证潜在的文件系统损坏。
     Microsoft Corporation
     10.0.18362.1
     c:\windows\system32\svsvc.dll
     1988/12/23 19:29
   swprv
     %SystemRoot%\System32\svchost.exe -k swprv
     Microsoft Software Shadow Copy Provider: 管理卷影复制服务制作的基于软件的卷影副本。如果该服务被停止，将无法管理基 于软件的卷影副本。如果该服务被禁用，任何依赖它的服务将无法启动。
     Microsoft Corporation
     10.0.18362.1
     c:\windows\system32\swprv.dll
     1926/8/4 8:29
   SynTPEnhService
     "C:\Program Files\Synaptics\SynTP\SynTPEnhService.exe"
     SynTPEnh Caller Service: 64-bit Synaptics Pointing Enhance Service
     Synaptics Incorporated
     19.4.18.30
     c:\program files\synaptics\syntp\syntpenhservice.exe
     2018/1/6 7:53
   SysMain
     %systemroot%\system32\svchost.exe -k LocalSystemNetworkRestricted -p
     SysMain: 维护和提高一段时间内的系统性能。
     Microsoft Corporation
     10.0.18362.657
     c:\windows\system32\sysmain.dll
     1965/3/1 0:35
   SystemEventsBroker
     %SystemRoot%\system32\svchost.exe -k DcomLaunch -p
     System Events Broker: 协调执行 WinRT 应用程序的后台作业。如果停止或禁用此服务，则可能不会触发后台作业。
     Microsoft Corporation
     10.0.18362.387
     c:\windows\system32\systemeventsbrokerserver.dll
     1982/10/12 3:38
   TabletInputService
     %SystemRoot%\System32\svchost.exe -k LocalSystemNetworkRestricted -p
     Touch Keyboard and Handwriting Panel Service: 启用触摸键盘和手写面板笔和墨迹功能
     Microsoft Corporation
     10.0.18362.1
     c:\windows\system32\tabsvc.dll
     2004/1/17 21:43
   TapiSrv
     %SystemRoot%\System32\svchost.exe -k NetworkService -p
     Telephony: 提供电话服务 API (TAPI)支持，以便各程序控制本地计算机上的电话服务设备以及通过 LAN 同样运行该服务的服务 器上的设备。
     Microsoft Corporation
     10.0.18362.657
     c:\windows\system32\tapisrv.dll
     1932/8/9 8:10
   TermService
     %SystemRoot%\System32\svchost.exe -k NetworkService
     Remote Desktop Services: 允许用户以交互方式连接到远程计算机。远程桌面和远程桌面会话主机服务器依赖此服务。若要防止 远程使用此计算机，请清除“系统”属性控制面板项目的“远程”选项卡上的复选框。
     Microsoft Corporation
     10.0.18362.657
     c:\windows\system32\termsrv.dll
     1938/6/29 10:28
   Themes
     %SystemRoot%\System32\svchost.exe -k netsvcs -p
     Themes: 为用户提供使用主题管理的体验。
     Microsoft Corporation
     10.0.18362.1
     c:\windows\system32\themeservice.dll
     2000/11/28 8:56
   TieringEngineService
     %SystemRoot%\system32\TieringEngineService.exe
     Storage Tiers Management: 优化系统中所有分层存储空间的存储层中的数据放置。
     Microsoft Corporation
     10.0.18362.1
     c:\windows\system32\tieringengineservice.exe
     2034/7/6 0:35
   TimeBrokerSvc
     %SystemRoot%\system32\svchost.exe -k LocalServiceNetworkRestricted -p
     Time Broker: 协调执行 WinRT 应用程序的后台作业。如果停止或禁用此服务，则可能不会触发后台作业。
     Microsoft Corporation
     10.0.18362.1
     c:\windows\system32\timebrokerserver.dll
     1934/7/17 0:54
   TokenBroker
     %SystemRoot%\system32\svchost.exe -k netsvcs -p
     Web 帐户管理器: Web 帐户管理器利用此服务实现应用和服务的单一登录。
     Microsoft Corporation
     10.0.18362.752
     c:\windows\system32\tokenbroker.dll
     1930/5/9 5:31
   TrkWks
     %SystemRoot%\System32\trkwks.dll
     Distributed Link Tracking Client: 维护某个计算机内或某个网络中的计算机的 NTFS 文件之间的链接。
     Microsoft Corporation
     10.0.18362.1
     c:\windows\system32\trkwks.dll
     2028/12/6 8:29
   TroubleshootingSvc
     %systemroot%\system32\svchost.exe -k netsvcs -p
     建议疑难解答服务: 通过应用建议疑难解答启用针对已知问题的自动缓解。如果停止，你的设备将不会获得针对设备上问题的建议疑难解答。
     Microsoft Corporation
     10.0.18362.1
     c:\windows\system32\mitigationclient.dll
     1965/8/3 2:20
   TrustedInstaller
     %SystemRoot%\servicing\TrustedInstaller.exe
     Windows Modules Installer: 启用 Windows 更新和可选组件的安装、修改和移除。如果此服务被禁用，则此计算机的 Windows  更新的安装或卸载可能会失败。
     Microsoft Corporation
     10.0.18362.719
     c:\windows\servicing\trustedinstaller.exe
     1929/5/31 23:09
   UmRdpService
     %SystemRoot%\System32\svchost.exe -k LocalSystemNetworkRestricted -p
     Remote Desktop Services UserMode Port Redirector: 允许为 RDP 连接重定向打印机/驱动程序/端口
     Microsoft Corporation
     10.0.18362.1
     c:\windows\system32\umrdp.dll
     1967/3/6 16:19
   UnistoreSvc
     %SystemRoot%\System32\svchost.exe -k UnistackSvcGroup
     User Data Storage: 处理结构化用户数据(包括联系人信息、日历、消息和其他内容)的存储。如果停止或禁用此服务，使用此数 据的应用可能无法正常工作。
     Microsoft Corporation
     10.0.18362.356
     c:\windows\system32\unistore.dll
     1965/4/22 6:55
   UnistoreSvc_4f1c60c
     C:\Windows\System32\svchost.exe -k UnistackSvcGroup
     User Data Storage_4f1c60c: 处理结构化用户数据(包括联系人信息、日历、消息和其他内容)的存储。如果停止或禁用此服务， 使用此数据的应用可能无法正常工作。
     Microsoft Corporation
     10.0.18362.1
     c:\windows\system32\svchost.exe
     1997/1/11 6:26
   upnphost
     %SystemRoot%\system32\svchost.exe -k LocalServiceAndNoImpersonation -p
     UPnP Device Host: 允许 UPnP 设备宿主在此计算机上。如果停止此服务，则所有宿主的 UPnP 设备都将停止工作，并且不能添加其他宿主设备。如果禁用此服务，则任何显式依赖于它的服务将都无法启动。
     Microsoft Corporation
     10.0.18362.719
     c:\windows\system32\upnphost.dll
     1960/6/24 10:24
   UserDataSvc
     %SystemRoot%\system32\svchost.exe -k UnistackSvcGroup
     User Data Access: 提供对结构化用户数据(包括联系人信息、日历、消息和其他内容)的应用访问。如果停止或禁用此服务，使用此数据的应用可能无法正常工作。
     Microsoft Corporation
     10.0.18362.1
     c:\windows\system32\userdataservice.dll
     1936/4/12 7:12
   UserDataSvc_4f1c60c
     C:\Windows\system32\svchost.exe -k UnistackSvcGroup
     User Data Access_4f1c60c: 提供对结构化用户数据(包括联系人信息、日历、消息和其他内容)的应用访问。如果停止或禁用此服务，使用此数据的应用可能无法正常工作。
     Microsoft Corporation
     10.0.18362.1
     c:\windows\system32\svchost.exe
     1997/1/11 6:26
   UserManager
     %SystemRoot%\system32\svchost.exe -k netsvcs -p
     User Manager: 用户管理器提供多用户交互所需要的运行时组件。如果停止此服务，某些应用程序可能无法正确运行。
     Microsoft Corporation
     10.0.18362.1
     c:\windows\system32\usermgr.dll
     1976/4/10 20:30
   UsoSvc
     %systemroot%\system32\svchost.exe -k netsvcs -p
     更新 Orchestrator 服务: 管理 Windows 更新。如果停止，你的设备将无法下载和安装最新更新。
     Microsoft Corporation
     10.0.18362.719
     c:\windows\system32\usosvc.dll
     2002/11/7 10:12
   VacSvc
     %SystemRoot%\System32\svchost.exe -k LocalServiceNetworkRestricted -p
     立体音频组合器服务: 用于混合现实音频仿真的主机空间分析。
     Microsoft Corporation
     10.0.18362.1
     c:\windows\system32\vac.dll
     1940/1/5 23:41
   VaultSvc
     %SystemRoot%\system32\lsass.exe
     Credential Manager: 为用户、应用程序和安全服务包提供凭据的安全存储和检索。
     Microsoft Corporation
     10.0.18362.1
     c:\windows\system32\lsass.exe
     1947/7/4 6:51
   vds
     %SystemRoot%\System32\vds.exe
     Virtual Disk: 提供用于磁盘、卷、文件系统和存储阵列的管理服务。
     Microsoft Corporation
     10.0.18362.267
     c:\windows\system32\vds.exe
     2011/1/18 3:53
   VMAuthdService
     D:\VMWare\vmware-authd.exe
     VMware Authorization Service: 用于启动和访问虚拟机的授权及身份验证服务。
     VMware, Inc.
     15.5.2.54704
     d:\vmware\vmware-authd.exe
     2020/3/8 4:06
   vmicguestinterface
     %systemroot%\system32\svchost.exe -k LocalSystemNetworkRestricted -p
     Hyper-V Guest Service Interface: 为 Hyper-V 主机提供一个接口，以便与虚拟机内运行的特定服务进行交互。
     Microsoft Corporation
     10.0.18362.1
     c:\windows\system32\icsvc.dll
     2016/5/7 21:17
   vmicheartbeat
     %systemroot%\system32\svchost.exe -k ICService -p
     Hyper-V Heartbeat Service: 通过定期报告检测信号来监视此虚拟机的状态。此服务有助于你识别哪些运行的虚拟机已停止响应 。
     Microsoft Corporation
     10.0.18362.1
     c:\windows\system32\icsvc.dll
     2016/5/7 21:17
   vmickvpexchange
     %systemroot%\system32\svchost.exe -k LocalSystemNetworkRestricted -p
     Hyper-V Data Exchange Service: 提供一种机制，用于在虚拟机和运行在物理计算机上的操作系统之间交换数据。
     Microsoft Corporation
     10.0.18362.1
     c:\windows\system32\icsvc.dll
     2016/5/7 21:17
   vmicrdv
     %systemroot%\system32\svchost.exe -k ICService -p
     Hyper-V 远程桌面虚拟化服务: 提供一个平台以在虚拟机和物理计算机上运行的操作系统之间进行通信。
     Microsoft Corporation
     10.0.18362.1
     c:\windows\system32\icsvcext.dll
     2000/1/10 21:52
   vmicshutdown
     %systemroot%\system32\svchost.exe -k LocalSystemNetworkRestricted -p
     Hyper-V Guest Shutdown Service: 提供一种机制，用于从物理计算机上的管理界面关闭此虚拟机的操作系统。
     Microsoft Corporation
     10.0.18362.1
     c:\windows\system32\icsvc.dll
     2016/5/7 21:17
   vmictimesync
     %systemroot%\system32\svchost.exe -k LocalServiceNetworkRestricted -p
     Hyper-V Time Synchronization Service: 将此虚拟机的系统时间与物理计算机的系统时间同步。
     Microsoft Corporation
     10.0.18362.1
     c:\windows\system32\icsvc.dll
     2016/5/7 21:17
   vmicvmsession
     %systemroot%\system32\svchost.exe -k LocalSystemNetworkRestricted -p
     Hyper-V PowerShell Direct Service: 提供了一种在不使用虚拟网络的情况下，通过 VM 会话使用 PowerShell 管理虚拟机的机 制。
     Microsoft Corporation
     10.0.18362.1
     c:\windows\system32\icsvc.dll
     2016/5/7 21:17
   vmicvss
     %systemroot%\system32\svchost.exe -k LocalSystemNetworkRestricted -p
     Hyper-V 卷影复制请求程序: 协调使用卷影复制服务所需的通讯，以从物理计算机上的操作系统备份此虚拟机上的应用程序和数据。
     Microsoft Corporation
     10.0.18362.1
     c:\windows\system32\icsvcext.dll
     2000/1/10 21:52
   VMnetDHCP
     C:\Windows\SysWOW64\vmnetdhcp.exe
     VMware DHCP Service: DHCP service for virtual networks.
     VMware, Inc.
     15.5.2.54704
     c:\windows\syswow64\vmnetdhcp.exe
     2020/3/8 4:16
   VMUSBArbService
     "C:\Program Files (x86)\Common Files\VMware\USB\vmware-usbarbitrator64.exe"
     VMware USB Arbitration Service: Arbitration and enumeration of USB devices for virtual machines
     VMware, Inc.
     18.7.0.0
     c:\program files (x86)\common files\vmware\usb\vmware-usbarbitrator64.exe
     2020/2/24 19:43
   VMware NAT Service
     C:\Windows\SysWOW64\vmnat.exe
     VMware NAT Service: Network address translation for virtual networks.
     VMware, Inc.
     15.5.2.54704
     c:\windows\syswow64\vmnat.exe
     2020/3/8 4:17
   VMwareHostd
     D:\VMWare\vmware-hostd.exe -u "C:\ProgramData\VMware\hostd\config.xml"
     VMware Workstation Server: 用于虚拟机注册和管理的远程访问服务。
     d:\vmware\vmware-hostd.exe
     2020/3/8 4:09
   VSS
     %systemroot%\system32\vssvc.exe
     Volume Shadow Copy: 管理并执行用于备份和其它用途的卷影复制。如果此服务被终止，备份将没有卷影复制，并且备份会失败。如果此服务被禁用，任何依赖它的服务将无法启动。
     Microsoft Corporation
     10.0.18362.1
     c:\windows\system32\vssvc.exe
     2028/5/9 18:50
   VSStandardCollectorService150
     "D:\Program Files (x86)\Microsoft Visual Studio\Shared\Common\DiagnosticsHub.Collection.Service\StandardCollector.Service.exe"
     Visual Studio Standard Collector Service 150: Visual Studio Data Collection Service. When running, this service collects real-time ETW events and processes them.
     Microsoft Corporation
     16.1.28901.1
     d:\program files (x86)\microsoft visual studio\shared\common\diagnosticshub.collection.service\standardcollector.service.exe
     2019/5/1 14:11
   W32Time
     %SystemRoot%\system32\svchost.exe -k LocalService
     Windows Time: 维护在网络上的所有客户端和服务器的时间和日期同步。如果此服务被停止，时间和日期的同步将不可用。如果此服务被禁用，任何明确依赖它的服务都将不能启动。
     Microsoft Corporation
     10.0.18362.1
     c:\windows\system32\w32time.dll
     1975/9/25 18:00
   WaaSMedicSvc
     %systemroot%\system32\svchost.exe -k wusvcs -p
     Windows Update Medic Service: Enables remediation and protection of Windows Update components.
     Microsoft Corporation
     10.0.18362.778
     c:\windows\system32\waasmedicsvc.dll
     2035/10/23 14:30
   WalletService
     %SystemRoot%\System32\svchost.exe -k appmodel -p
     WalletService: 电子钱包客户端使用的主机对象
     Microsoft Corporation
     10.0.18362.1
     c:\windows\system32\walletservice.dll
     1944/8/6 21:56
   WarpJITSvc
     %SystemRoot%\System32\svchost.exe -k LocalServiceNetworkRestricted
     WarpJITSvc: Provides a JIT out of process service for WARP when running with ACG enabled.
     Microsoft Corporation
     10.0.18362.1
     c:\windows\system32\windows.warp.jitservice.dll
     1968/5/8 22:03
   wbengine
     "%systemroot%\system32\wbengine.exe"
     Block Level Backup Engine Service: Windows 备份使用 WBENGINE 服务执行备份和恢复操作。如果用户停止了此服务，这可能 会导致当前运行的备份或恢复操作失败。使用此计算机上的 Windows 备份禁用此服务可能会禁用备份和恢复操作。
     Microsoft Corporation
     10.0.18362.657
     c:\windows\system32\wbengine.exe
     1981/4/21 12:40
   WbioSrvc
     %SystemRoot%\system32\svchost.exe -k WbioSvcGroup
     Windows Biometric Service: Windows 生物识别服务使客户端应用程序能够捕获、比较、操纵和存储生物特征数据，而无需直接 访问任何生物识别硬件或示例。该服务宿主在某个特权 SVCHOST 进程中。
     Microsoft Corporation
     10.0.18362.1
     c:\windows\system32\wbiosrvc.dll
     1927/8/16 13:17
   Wcmsvc
     %SystemRoot%\system32\svchost.exe -k LocalServiceNetworkRestricted -p
     Windows Connection Manager: 根据电脑当前可用的网络连接选项做出自动连接/断开连接决策，并根据“组策略”设置启用网络 连接管理。
     Microsoft Corporation
     10.0.18362.693
     c:\windows\system32\wcmsvc.dll
     2021/1/18 10:01
   wcncsvc
     %SystemRoot%\System32\svchost.exe -k LocalServiceAndNoImpersonation -p
     Windows Connect Now - Config Registrar: WCNCSVC 承载 Windows 立即连接配置，该配置是 Microsoft 执行的无线保护设置(WPS)协议。该配置用于配置接入点(AP)或无线设备的无线 LAN 设置。该服务根据需要有计划地启动。
     Microsoft Corporation
     10.0.18362.1
     c:\windows\system32\wcncsvc.dll
     1930/11/5 3:02
   WdiServiceHost
     %SystemRoot%\System32\svchost.exe -k LocalService -p
     Diagnostic Service Host: 诊断服务主机被诊断策略服务用来承载需要在本地服务上下文中运行的诊断。如果停止该服务，则依 赖于该服务的任何诊断将不再运行。
     Microsoft Corporation
     10.0.18362.1
     c:\windows\system32\wdi.dll
     1940/5/29 21:41
   WdiSystemHost
     %SystemRoot%\System32\svchost.exe -k LocalSystemNetworkRestricted -p
     Diagnostic System Host: 诊断系统主机被诊断策略服务用来承载需要在本地系统上下文中运行的诊断。如果停止该服务，则依赖于该服务的任何诊断将不再运行。
     Microsoft Corporation
     10.0.18362.1
     c:\windows\system32\wdi.dll
     1940/5/29 21:41
   WdNisSvc
     "%ProgramData%\Microsoft\Windows Defender\platform\4.18.2004.6-0\NisSrv.exe"
     Windows Defender Antivirus Network Inspection Service: 帮助防止针对网络协议中的已知和新发现的漏洞发起的入侵企图
     Microsoft Corporation
     4.18.2004.6
     c:\programdata\microsoft\windows defender\platform\4.18.2004.6-0\nissrv.exe
     1921/9/8 4:57
   WebClient
     %SystemRoot%\system32\svchost.exe -k LocalService -p
     WebClient: 使基于 Windows 的程序能创建、访问和修改基于 Internet 的文件。如果此服务被停止，这些功能将不可用。如果此服务被禁用，则明确依赖该服务的任何服务都将无法启动。
     Microsoft Corporation
     10.0.18362.1
     c:\windows\system32\webclnt.dll
     1977/11/11 7:54
   Wecsvc
     %SystemRoot%\system32\svchost.exe -k NetworkService -p
     Windows Event Collector: 此服务将管理对支持 WS-Management 协议的远程源中事件的永久订阅。这包括 Windows Vista 事件 日志、硬件以及启用 IPMI 的事件源。该服务将转发的事件存储在本地活动日志中。如果停止或禁用此服务，将无法创建事件订阅，并 且无法接受转发的事件。
     Microsoft Corporation
     10.0.18362.1
     c:\windows\system32\wecsvc.dll
     2014/8/12 0:34
   WEPHOSTSVC
     %systemroot%\system32\svchost.exe -k WepHostSvcGroup
     Windows Encryption Provider Host Service: Windows Encryption Provider 主机服务代理加密相关功能 - 从第三方加密提供 程序到需要评估和应用 EAS 策略的进程。停止此服务将损害连接的邮件帐户已经建立的合规检查
     Microsoft Corporation
     10.0.18362.1
     c:\windows\system32\wephostsvc.dll
     2025/2/6 2:37
   wercplsupport
     %SystemRoot%\System32\svchost.exe -k netsvcs -p
     Problem Reports and Solutions Control Panel Support: 此服务为查看、发送和删除“问题报告和解决方案”控制面板的系统 级问题报告提供支持。
     Microsoft Corporation
     10.0.18362.719
     c:\windows\system32\wercplsupport.dll
     2033/9/8 12:52
   WerSvc
     %SystemRoot%\System32\svchost.exe -k WerSvcGroup
     Windows Error Reporting Service: 允许在程序停止运行或停止响应时报告错误，并允许提供现有解决方案。还允许为诊断和修 复服务生成日志。如果此服务被停止，则错误报告将无法正确运行，而且可能不显示诊断服务和修复的结果。
     Microsoft Corporation
     10.0.18362.657
     c:\windows\system32\wersvc.dll
     1932/10/14 1:07
   WFDSConMgrSvc
     %SystemRoot%\system32\svchost.exe -k LocalServiceNetworkRestricted -p
     WLAN Direct 服务连接管理器服务: 管理与无线服务(包括无线显示和插接)的连接。
     Microsoft Corporation
     10.0.18362.1
     c:\windows\system32\wfdsconmgrsvc.dll
     1963/1/20 5:08
   WiaRpc
     %SystemRoot%\system32\svchost.exe -k LocalSystemNetworkRestricted -p
     Still Image Acquisition Events: 启动与静态映像获取事件关联的应用程序。
     Microsoft Corporation
     10.0.18362.592
     c:\windows\system32\wiarpc.dll
     1976/10/12 23:50
   WinDefend
     "C:\ProgramData\Microsoft\Windows Defender\platform\4.18.2004.6-0\MsMpEng.exe"
     Windows Defender Antivirus Service: 帮助用户防止恶意软件及其他潜在的垃圾软件。
     Microsoft Corporation
     4.18.2004.6
     c:\programdata\microsoft\windows defender\platform\4.18.2004.6-0\msmpeng.exe
     1967/4/23 19:53
   WinHttpAutoProxySvc
     %SystemRoot%\system32\svchost.exe -k LocalServiceNetworkRestricted -p
     WinHTTP Web Proxy Auto-Discovery Service: WinHTTP 实现了客户端 HTTP 堆栈并向开发人员提供 Win32 API 和 COM 自动化组件以供发送 HTTP 请求和接收响应。此外，通过执行 Web 代理自动发现(WPAD)协议，WinHTTP 还提供对自动发现代理服务器配置的支持。
     Microsoft Corporation
     10.0.18362.778
     c:\windows\system32\winhttp.dll
     1927/4/19 20:41
   Winmgmt
     %systemroot%\system32\svchost.exe -k netsvcs -p
     Windows Management Instrumentation: 提供共同的界面和对象模式以便访问有关操作系统、设备、应用程序和服务的管理信息。如果此服务被终止，多数基于 Windows 的软件将无法正常运行。如果此服务被禁用，任何依赖它的服务将无法启动。
     Microsoft Corporation
     10.0.18362.1
     c:\windows\system32\wbem\wmisvc.dll
     1991/7/1 18:04
   WinRM
     %SystemRoot%\System32\svchost.exe -k NetworkService -p
     Windows Remote Management (WS-Management): Windows 远程管理(WinRM)服务执行 WS-Management 协议来实现远程管理。WS-Management 是用于远程软件和硬件管理的标准 Web 服务协议。WinRM 服务侦听网络上的 WS-Management 请求并对它们进行处理。通过组策略或使用 winrm.cmd 命令行工具的侦听程序，来配置 WinRM 服务，以使其可通过网络侦听。WinRM 服务提供对 WMI 数据的访问并启用事件集合。事件集合及对事件的订阅需要服务处于运行状态。传输 WinRM 消息时使用 HTTP 和 HTTPS 协议。WinRM 服务不依赖于 IIS ，但在同一计算机上预配置为与 IIS 共享端口。WinRM 服务保留 /wsman URL 前缀。若要防止与 IIS 发生冲突，管理员应确保 IIS 上承载的所有网站均不使用 /wsman URL 前缀。
     Microsoft Corporation
     10.0.18362.693
     c:\windows\system32\wsmsvc.dll
     2002/8/1 10:21
   wisvc
     %systemroot%\system32\svchost.exe -k netsvcs -p
     Windows 预览体验成员服务: 为 Windows 预览体验计划提供基础结构支持。此服务必须保持启用状态，Windows 预览体验计划才 能正常运行。
     Microsoft Corporation
     10.0.18362.752
     c:\windows\system32\flightsettings.dll
     1954/1/6 22:28
   WlanSvc
     %SystemRoot%\system32\svchost.exe -k LocalSystemNetworkRestricted -p
     WLAN AutoConfig: WLANSVC 服务提供配置、发现、连接、断开与 IEEE 802.11 标准定义的无线局域网(WLAN)的连接所需的逻辑。它还包含将计算机变成软件访问点的逻辑，以便其他设备或计算机可以使用支持它的 WLAN 适配器无线连接到计算机。停止或禁用 WLANSVC 服务将使得计算机上的所有 WLAN 适配器无法访问 Windows 网络连接 UI。强烈建议: 如果你的计算机具有 WLAN 适配器，则运行 WLANSVC 服务。
     Microsoft Corporation
     10.0.18362.239
     c:\windows\system32\wlansvc.dll
     1954/3/18 16:41
   wlidsvc
     %SystemRoot%\system32\svchost.exe -k netsvcs -p
     Microsoft Account Sign-in Assistant: 支持用户通过 Microsoft 帐户标识服务登录。如果此服务已停止，用户将无法使用其 Microsoft 帐户登录到此计算机。
     Microsoft Corporation
     10.0.18362.693
     c:\windows\system32\wlidsvc.dll
     1915/11/20 13:18
   wlpasvc
     %SystemRoot%\system32\svchost.exe -k LocalServiceNetworkRestricted -p
     本地配置文件助手服务: 此服务为订户标识模块提供配置文件管理
     Microsoft Corporation
     10.0.18362.1
     c:\windows\system32\lpasvc.dll
     1906/10/6 4:19
   WManSvc
     %systemroot%\system32\svchost.exe -k netsvcs -p
     Windows 管理服务: 执行包括预配和注册活动的管理操作
     Microsoft Corporation
     10.0.18362.752
     c:\windows\system32\windows.management.service.dll
     1966/1/5 20:52
   wmiApSrv
     %systemroot%\system32\wbem\WmiApSrv.exe
     WMI Performance Adapter: 向网络上的客户端提供 Windows Management Instrumentation (WMI) 提供程序中的性能库信息。只 有在激活了性能数据助手时，才会运行此服务。
     Microsoft Corporation
     10.0.18362.1
     c:\windows\system32\wbem\wmiapsrv.exe
     1928/8/7 14:09
   WMPNetworkSvc
     "%PROGRAMFILES%\Windows Media Player\wmpnetwk.exe"
     Windows Media Player Network Sharing Service: 使用通用即插即用设备与其他网络播放机和媒体设备共享 Windows Media Player 媒体库
     Microsoft Corporation
     12.0.18362.1
     c:\program files\windows media player\wmpnetwk.exe
     2031/8/28 3:43
   workfolderssvc
     %SystemRoot%\System32\svchost.exe -k LocalService -p
     Work Folders: 此服务将与工作文件夹服务器同步文件，从而使你能够使用已设置工作文件夹的任何电脑和设备上的文件。
     Microsoft Corporation
     10.0.18362.778
     c:\windows\system32\workfolderssvc.dll
     1960/6/12 22:22
   WpcMonSvc
     %SystemRoot%\system32\svchost.exe -k LocalService
     家长控制: 对 Windows 中的子帐户强制执行家长控制。如果此服务被停止或禁用，家长控制可能无法强制执行。
     Microsoft Corporation
     10.0.18362.778
     c:\windows\system32\wpcdesktopmonsvc.dll
     1967/4/27 0:38
   WPDBusEnum
     %SystemRoot%\system32\svchost.exe -k LocalSystemNetworkRestricted
     Portable Device Enumerator Service: 强制可移动大容量存储设备的组策略。使应用程序(如 Windows Media Player 和图像导 入向导)能够使用可移动大容量存储设备传输和同步内容。
     Microsoft Corporation
     10.0.18362.387
     c:\windows\system32\wpdbusenum.dll
     1984/8/24 13:59
   WpnService
     %systemroot%\system32\svchost.exe -k netsvcs -p
     Windows 推送通知系统服务: 此服务在会话 0 中运行，并托管通知平台和连接提供程序(用于处理设备与 WNS 服务器之间的连接)。
     Microsoft Corporation
     10.0.18362.693
     c:\windows\system32\wpnservice.dll
     1940/2/6 11:29
   WpnUserService
     %SystemRoot%\system32\svchost.exe -k UnistackSvcGroup
     Windows Push Notifications User Service: 此服务托管为本地通知和推送通知提供支持的 Windows 通知平台。支持的通知为磁贴、Toast 和 Raw。
     Microsoft Corporation
     10.0.18362.1
     c:\windows\system32\wpnuserservice.dll
     1958/5/7 10:58
   WpnUserService_4f1c60c
     C:\Windows\system32\svchost.exe -k UnistackSvcGroup
     Windows Push Notifications User Service_4f1c60c: 此服务托管为本地通知和推送通知提供支持的 Windows 通知平台。支持的通知为磁贴、Toast 和 Raw。
     Microsoft Corporation
     10.0.18362.1
     c:\windows\system32\svchost.exe
     1997/1/11 6:26
   wscsvc
     %SystemRoot%\System32\svchost.exe -k LocalServiceNetworkRestricted -p
     Security Center: WSCSVC(Windows 安全中心)服务监视并报告计算机上的安全健康设置。健康设置包括防火墙(打开/关闭)、防病毒(打开/关闭/过期)、反间谍软件(打开/关闭/过期)、Windows 更新(自动/手动下载并安装更新)、用户帐户控制(打开/关闭)以及 Internet 设置(推荐/不推荐)。该服务为独立软件供应商提供 COM API 以便向安全中心服务注册并记录其产品的状态。安全和维护 UI 使用该服务在“安全和维护”控制面板中提供 systray 警报和安全健康状况的图形视图。网络访问保护(NAP)使用该服务向 NAP 网络策略服务器报告客户端的安全健康状况，以便进行网络隔离决策。该服务还提供一个公共 API，以允许外部客户以编程方式检索系统的聚合安 全健康状况。
     Microsoft Corporation
     10.0.18362.449
     c:\windows\system32\wscsvc.dll
     1944/7/4 7:31
   WSearch
     %systemroot%\system32\SearchIndexer.exe /Embedding
     Windows Search: 为文件、电子邮件和其他内容提供内容索引、属性缓存和搜索结果。
     Microsoft Corporation
     7.0.18362.719
     c:\windows\system32\searchindexer.exe
     2026/8/15 13:20
   wuauserv
     %systemroot%\system32\svchost.exe -k netsvcs -p
     Windows Update: 启用检测、下载和安装 Windows 和其他程序的更新。如果此服务被禁用，这台计算机的用户将无法使用 Windows 更新或其自动更新功能， 并且这些程序将无法使用 Windows 更新代理(WUA) API。
     Microsoft Corporation
     10.0.18362.778
     c:\windows\system32\wuaueng.dll
     1926/7/16 20:52
   WwanSvc
     %SystemRoot%\system32\svchost.exe -k LocalSystemNetworkRestricted -p
     WWAN AutoConfig: 该服务管理移动宽带(GSM 和 CDMA)数据卡/嵌入式模块适配器和自动配置网络的连接。强烈建议: 保持运行此 服务，以便获取移动宽带设备的最佳用户体验。
     Microsoft Corporation
     10.0.18362.752
     c:\windows\system32\wwansvc.dll
     1990/8/12 1:51
   wwbizsrv
     "C:\Program Files (x86)\Alibaba\wwbizsrv\wwbizsrv.exe"
     wwbizsrv: 为阿里旺旺客户端提供基础保障服务，一旦停止该服务，有可能影响您的阿里旺旺使用。
     Alibaba Group
     1.0.0.26
     c:\program files (x86)\alibaba\wwbizsrv\wwbizsrv.exe
     2019/1/4 15:55
   XblAuthManager
     %SystemRoot%\system32\svchost.exe -k netsvcs -p
     Xbox Live 身份验证管理器: 提供用于与 Xbox Live 进行交互的身份验证和授权服务，如果此服务被停止，可能会造成某些应用 程序无法正确操作。
     Microsoft Corporation
     10.0.18362.1
     c:\windows\system32\xblauthmanager.dll
     2011/11/17 11:03
   XblGameSave
     %SystemRoot%\system32\svchost.exe -k netsvcs -p
     Xbox Live 游戏保存: 此服务为 Xbox Live 可保存游戏同步保存数据。如果此服务被停止，游戏保存数据将不会上传至 Xbox Live 或从 Xbox Live 下载。
     Microsoft Corporation
     10.0.18362.1
     c:\windows\system32\xblgamesave.dll
     1977/8/24 18:08
   XboxGipSvc
     %SystemRoot%\system32\svchost.exe -k netsvcs -p
     Xbox Accessory Management Service: This service manages connected Xbox Accessories.
     Microsoft Corporation
     10.0.18362.1
     c:\windows\system32\xboxgipsvc.dll
     2007/1/3 23:50
   XboxNetApiSvc
     %SystemRoot%\system32\svchost.exe -k netsvcs -p
     Xbox Live 网络服务: 此服务支持 Windows.Networking.XboxLive 应用程序编程接口。
     Microsoft Corporation
     10.0.18362.1
     c:\windows\system32\xboxnetapisvc.dll
     2002/5/30 4:01

HKLM\System\CurrentControlSet\Services
   1394ohci
     \SystemRoot\System32\drivers\1394ohci.sys
     1394 OHCI Compliant Host Controller: 1394 OpenHCI Driver
     Microsoft Corporation
     10.0.18362.1
     c:\windows\system32\drivers\1394ohci.sys
     1990/3/13 8:46
   3ware
     System32\drivers\3ware.sys
     3ware: LSI 3ware SCSI Storport Driver
     LSI
     5.1.0.51
     c:\windows\system32\drivers\3ware.sys
     2015/5/19 6:28
   ACPI
     System32\drivers\ACPI.sys
     Microsoft ACPI Driver: 用于 NT 的 ACPI 驱动程序
     Microsoft Corporation
     10.0.18362.329
     c:\windows\system32\drivers\acpi.sys
     1910/11/4 12:58
   AcpiDev
     \SystemRoot\System32\drivers\AcpiDev.sys
     ACPI 设备驱动程序: ACPI Devices Driver
     Microsoft Corporation
     10.0.18362.1
     c:\windows\system32\drivers\acpidev.sys
     1975/4/13 15:30
   acpiex
     System32\Drivers\acpiex.sys
     Microsoft ACPIEx Driver: ACPIEx Driver
     Microsoft Corporation
     10.0.18362.1
     c:\windows\system32\drivers\acpiex.sys
     1993/3/1 19:04
   acpipagr
     \SystemRoot\System32\drivers\acpipagr.sys
     ACPI 处理器聚合器驱动程序: ACPI Processor Aggregator Device Driver
     Microsoft Corporation
     10.0.18362.1
     c:\windows\system32\drivers\acpipagr.sys
     1902/4/23 3:29
   AcpiPmi
     \SystemRoot\System32\drivers\acpipmi.sys
     ACPI 电源表驱动程序: ACPI Power Metering Driver
     Microsoft Corporation
     10.0.18362.1
     c:\windows\system32\drivers\acpipmi.sys
     2005/6/19 13:27
   acpitime
     \SystemRoot\System32\drivers\acpitime.sys
     ACPI 唤醒警报驱动程序: ACPI Wake Alarm
     Microsoft Corporation
     10.0.18362.1
     c:\windows\system32\drivers\acpitime.sys
     1952/2/14 3:01
   ACPIVPC
     \SystemRoot\System32\drivers\AcpiVpc.sys
     Lenovo Virtual Power Controller Driver: ACPI Virtual Power Controller Driver
     Lenovo Group Ltd.
     15.11.29.1
     c:\windows\system32\drivers\acpivpc.sys
     2019/7/17 14:31
   Acx01000
     system32\drivers\Acx01000.sys
     Acx01000: Audio KMDF Class Extension
     Microsoft Corporation
     10.0.18362.693
     c:\windows\system32\drivers\acx01000.sys
     1974/12/3 20:23
   ADP80XX
     System32\drivers\ADP80XX.SYS
     ADP80XX: PMC-Sierra Storport  Driver For SPC8x6G SAS/SATA controller
     PMC-Sierra
     1.3.0.10769
     c:\windows\system32\drivers\adp80xx.sys
     2015/4/10 4:49
   AFD
     \SystemRoot\system32\drivers\afd.sys
     Ancillary Function Driver for Winsock: Ancillary Function Driver for Winsock
     Microsoft Corporation
     10.0.18362.693
     c:\windows\system32\drivers\afd.sys
     1932/1/7 21:23
   afunix
     \SystemRoot\system32\drivers\afunix.sys
     afunix: AF_UNIX socket provider
     Microsoft Corporation
     10.0.18362.693
     c:\windows\system32\drivers\afunix.sys
     1917/8/5 9:58
   ahcache
     system32\DRIVERS\ahcache.sys
     Application Compatibility Cache: Cache Compatibility Data and Attributes for Individual PE File
     Microsoft Corporation
     10.0.18362.693
     c:\windows\system32\drivers\ahcache.sys
     1987/8/7 0:06
   AliPaladin
     \??\C:\Windows\system32\drivers\AliPaladin64.sys
     AliPaladin: AliPaladin
     AliBaba
     1.18.5.3111
     c:\windows\system32\drivers\alipaladin64.sys
     2018/5/31 11:12
   amdgpio2
     \SystemRoot\System32\drivers\amdgpio2.sys
     AMD GPIO Client Driver: AMD GPIO Controller Driver
     Advanced Micro Devices, Inc
     2.2.0.71
     c:\windows\system32\drivers\amdgpio2.sys
     2019/2/7 17:32
   amdi2c
     \SystemRoot\System32\drivers\amdi2c.sys
     AMD I2C Controller Service: AMD I2C Controller Driver
     Advanced Micro Devices, Inc
     1.2.0.94
     c:\windows\system32\drivers\amdi2c.sys
     2018/6/13 13:25
   AmdK8
     \SystemRoot\System32\drivers\amdk8.sys
     AMD K8 Processor Driver: Processor Device Driver
     Microsoft Corporation
     10.0.18362.693
     c:\windows\system32\drivers\amdk8.sys
     1924/9/3 11:58
   AmdPPM
     \SystemRoot\System32\drivers\amdppm.sys
     AMD Processor Driver: Processor Device Driver
     Microsoft Corporation
     10.0.18362.693
     c:\windows\system32\drivers\amdppm.sys
     1999/4/24 23:19
   amdsata
     System32\drivers\amdsata.sys
     amdsata: AHCI 1.3 Device Driver
     Advanced Micro Devices
     1.1.3.277
     c:\windows\system32\drivers\amdsata.sys
     2015/5/14 20:14
   amdsbs
     System32\drivers\amdsbs.sys
     amdsbs: AMD Technology AHCI Compatible Controller Driver for Windows - AMD64 platform
     AMD Technologies Inc.
     3.7.1540.43
     c:\windows\system32\drivers\amdsbs.sys
     2012/12/12 5:21
   amdxata
     System32\drivers\amdxata.sys
     amdxata: Storage Filter Driver
     Advanced Micro Devices
     1.1.3.277
     c:\windows\system32\drivers\amdxata.sys
     2015/5/1 8:55
   AppID
     system32\drivers\appid.sys
     AppID 驱动程序: 标识应用程序并强制执行软件限制策略。
     Microsoft Corporation
     10.0.18362.449
     c:\windows\system32\drivers\appid.sys
     2035/7/14 19:15
   applockerfltr
     system32\drivers\applockerfltr.sys
     Smartlocker 筛选器驱动程序: 标识由授权的安装程序创建的文件。
     Microsoft Corporation
     10.0.18362.449
     c:\windows\system32\drivers\applockerfltr.sys
     1925/10/24 2:54
   AppvStrm
     \SystemRoot\system32\drivers\AppvStrm.sys
     AppvStrm: Microsoft App-V Streaming Mini-Filter Driver
     Microsoft Corporation
     10.0.18362.628
     c:\windows\system32\drivers\appvstrm.sys
     1924/8/25 9:43
   AppvVemgr
     \SystemRoot\system32\drivers\AppvVemgr.sys
     AppvVemgr: Microsoft App-V Virtual Environment Manager Driver
     Microsoft Corporation
     10.0.18362.628
     c:\windows\system32\drivers\appvvemgr.sys
     1973/1/19 13:24
   AppvVfs
     \SystemRoot\system32\drivers\AppvVfs.sys
     AppvVfs: Microsoft App-V VFS Mini-Filter Driver
     Microsoft Corporation
     10.0.18362.628
     c:\windows\system32\drivers\appvvfs.sys
     1977/5/12 6:53
   arcsas
     System32\drivers\arcsas.sys
     Adaptec SAS/SATA-II RAID Storport's Miniport Driver: Adaptec SAS RAID WS03 Driver
     PMC-Sierra, Inc.
     7.5.0.32048
     c:\windows\system32\drivers\arcsas.sys
     2015/4/10 3:12
   AsyncMac
     \SystemRoot\System32\drivers\asyncmac.sys
     RAS 异步媒体驱动程序: RAS 异步媒体驱动程序
     Microsoft Corporation
     10.0.18362.1
     c:\windows\system32\drivers\asyncmac.sys
     1935/9/6 9:45
   atapi
     System32\drivers\atapi.sys
     IDE 通道: ATAPI IDE Miniport Driver
     Microsoft Corporation
     10.0.18362.693
     c:\windows\system32\drivers\atapi.sys
     1902/5/1 17:54
   b06bdrv
     System32\drivers\bxvbda.sys
     QLogic 网络适配器 VBD: QLogic Gigabit Ethernet VBD
     QLogic Corporation
     7.12.31.105
     c:\windows\system32\drivers\bxvbda.sys
     2016/5/25 15:03
   bam
     system32\drivers\bam.sys
     Background Activity Moderator Driver: Controls activity of background applications
     Microsoft Corporation
     10.0.18362.1
     c:\windows\system32\drivers\bam.sys
     1988/2/17 20:13
   BasicDisplay
     \SystemRoot\System32\DriverStore\FileRepository\basicdisplay.inf_amd64_307898c750ba9e44\BasicDisplay.sys
     BasicDisplay: Microsoft Basic Display Driver
     Microsoft Corporation
     10.0.18362.329
     c:\windows\system32\driverstore\filerepository\basicdisplay.inf_amd64_307898c750ba9e44\basicdisplay.sys
     2011/9/12 21:15
   BasicRender
     \SystemRoot\System32\DriverStore\FileRepository\basicrender.inf_amd64_ba2a8de08ea0d469\BasicRender.sys
     BasicRender: Microsoft Basic Render Driver
     Microsoft Corporation
     10.0.18362.329
     c:\windows\system32\driverstore\filerepository\basicrender.inf_amd64_ba2a8de08ea0d469\basicrender.sys
     1903/5/14 21:33
   bcmfn2
     \SystemRoot\System32\drivers\bcmfn2.sys
     bcmfn2 Service: BCM Function 2  Device Driver
     Windows (R) Win 7 DDK provider
     6.3.9600.17336
     c:\windows\system32\drivers\bcmfn2.sys
     2016/11/1 10:09
   Beep
     Beep
     Beep: BEEP Driver
     Microsoft Corporation
     10.0.18362.1
     c:\windows\system32\drivers\beep.sys
     2013/11/22 10:31
   bindflt
     \SystemRoot\system32\drivers\bindflt.sys
     Windows Bind Filter Driver: Binds filesystem namespaces to different locations and hides this remapping from the user
     Microsoft Corporation
     10.0.18362.628
     c:\windows\system32\drivers\bindflt.sys
     1910/1/18 22:50
   bowser
     system32\DRIVERS\bowser.sys
     浏览器: NT Lan 管理器数据报接收器驱动程序
     Microsoft Corporation
     10.0.18362.1
     c:\windows\system32\drivers\bowser.sys
     1946/5/5 16:03
   BthA2dp
     \SystemRoot\System32\drivers\BthA2dp.sys
     Microsoft Bluetooth A2dp driver: Bluetooth A2DP Driver
     Microsoft Corporation
     10.0.18362.356
     c:\windows\system32\drivers\btha2dp.sys
     1904/10/18 10:10
   BthEnum
     \SystemRoot\System32\drivers\BthEnum.sys
     蓝牙枚举器服务: 蓝牙总线扩展器
     Microsoft Corporation
     10.0.18362.693
     c:\windows\system32\drivers\bthenum.sys
     1985/6/27 14:16
   BthHFEnum
     \SystemRoot\System32\drivers\bthhfenum.sys
     Microsoft Bluetooth 免提配置文件驱动程序: Bluetooth Hands-Free Audio and Call Control HID Enumerator
     Microsoft Corporation
     10.0.18362.1
     c:\windows\system32\drivers\bthhfenum.sys
     1961/1/5 10:52
   BthLEEnum
     \SystemRoot\System32\drivers\Microsoft.Bluetooth.Legacy.LEEnumerator.sys
     蓝牙低能耗驱动程序: Legacy Bluetooth LE Bus Enumerator
     Microsoft Corporation
     10.0.18362.1
     c:\windows\system32\drivers\microsoft.bluetooth.legacy.leenumerator.sys
     1910/3/25 21:02
   BthMini
     \SystemRoot\System32\drivers\BTHMINI.sys
     蓝牙无线收发器驱动程序: Bluetooth Transport Extensibility Miniport Driver
     Microsoft Corporation
     10.0.18362.693
     c:\windows\system32\drivers\bthmini.sys
     1942/5/22 0:25
   BTHMODEM
     \SystemRoot\System32\drivers\bthmodem.sys
     蓝牙调制解调器通信驱动程序: Bluetooth Communications Driver
     Microsoft Corporation
     10.0.18362.1
     c:\windows\system32\drivers\bthmodem.sys
     1966/1/27 20:38
   BthPan
     \SystemRoot\System32\drivers\bthpan.sys
     蓝牙设备(个人区域网): 蓝牙设备(个人区域网)
     Microsoft Corporation
     10.0.18362.1
     c:\windows\system32\drivers\bthpan.sys
     1987/6/26 13:54
   BTHPORT
     \SystemRoot\System32\drivers\BTHport.sys
     蓝牙端口驱动程序: 蓝牙总线驱动程序
     Microsoft Corporation
     10.0.18362.693
     c:\windows\system32\drivers\bthport.sys
     1924/5/9 12:35
   BTHUSB
     \SystemRoot\System32\drivers\BTHUSB.sys
     蓝牙无线电收发器 USB 驱动程序: 蓝牙微型端口驱动程序
     Microsoft Corporation
     10.0.18362.693
     c:\windows\system32\drivers\bthusb.sys
     1990/5/12 16:22
   bttflt
     System32\drivers\bttflt.sys
     Microsoft Hyper-V VHDPMEM BTT 筛选器: VHD BTT Filter Driver
     Microsoft Corporation
     10.0.18362.1
     c:\windows\system32\drivers\bttflt.sys
     1967/11/8 20:14
   buttonconverter
     \SystemRoot\System32\drivers\buttonconverter.sys
     针对便携式设备控制装置的服务: Button Converter Driver
     Microsoft Corporation
     10.0.18362.1
     c:\windows\system32\drivers\buttonconverter.sys
     1938/6/18 22:09
   CAD
     \SystemRoot\System32\drivers\CAD.sys
     充电均衡驱动程序: Charge Arbiration Driver
     Microsoft Corporation
     10.0.18362.1
     c:\windows\system32\drivers\cad.sys
     2016/2/25 10:45
   cdrom
     \SystemRoot\System32\drivers\cdrom.sys
     CD-ROM Driver: SCSI CD-ROM Driver
     Microsoft Corporation
     10.0.18362.1
     c:\windows\system32\drivers\cdrom.sys
     1918/8/27 23:55
   cht4iscsi
     System32\drivers\cht4sx64.sys
     cht4iscsi: Chelsio iSCSI VMiniport Driver
     Chelsio Communications
     6.9.12.400
     c:\windows\system32\drivers\cht4sx64.sys
     2018/5/8 21:27
   cht4vbd
     \SystemRoot\System32\drivers\cht4vx64.sys
     Chelsio 虚拟总线驱动程序: Virtual Bus Driver for Chelsio ® T5/T6 Chipset
     Chelsio Communications
     6.9.12.400
     c:\windows\system32\drivers\cht4vx64.sys
     2018/5/8 21:23
   circlass
     \SystemRoot\System32\drivers\circlass.sys
     Consumer IR Devices: Consumer IR Class Driver for eHome
     Microsoft Corporation
     10.0.18362.1
     c:\windows\system32\drivers\circlass.sys
     1952/9/6 23:34
   CldFlt
     system32\drivers\cldflt.sys
     Windows Cloud Files Filter Driver: Cloud Files Mini Filter Driver
     Microsoft Corporation
     10.0.18362.693
     c:\windows\system32\drivers\cldflt.sys
     1962/12/21 6:23
   CLFS
     System32\drivers\CLFS.sys
     Common Log (CLFS): General-purpose logging service
     Microsoft Corporation
     10.0.18362.657
     c:\windows\system32\drivers\clfs.sys
     1967/8/8 5:02
   CmBatt
     \SystemRoot\System32\drivers\CmBatt.sys
     Microsoft ACPI 控制方法电池驱动程序: Control Method Battery Driver
     Microsoft Corporation
     10.0.18362.1
     c:\windows\system32\drivers\cmbatt.sys
     1981/7/12 17:27
   CNG
     System32\Drivers\cng.sys
     CNG: Kernel Cryptography, Next Generation
     Microsoft Corporation
     10.0.18362.295
     c:\windows\system32\drivers\cng.sys
     2014/10/20 15:11
   CompositeBus
     \SystemRoot\System32\DriverStore\FileRepository\compositebus.inf_amd64_43ac632006e874bb\CompositeBus.sys
     复合总线枚举器驱动程序: Multi-Transport Composite Bus Enumerator
     Microsoft Corporation
     10.0.18362.329
     c:\windows\system32\driverstore\filerepository\compositebus.inf_amd64_43ac632006e874bb\compositebus.sys
     1961/8/30 18:10
   condrv
     System32\drivers\condrv.sys
     Console Driver: Console Driver
     Microsoft Corporation
     10.0.18362.1
     c:\windows\system32\drivers\condrv.sys
     1926/11/21 4:40
   CSC
     system32\drivers\csc.sys
     Offline Files Driver: 允许在本地计算机处于脱机状态时使用网络文件。
     Microsoft Corporation
     10.0.18362.693
     c:\windows\system32\drivers\csc.sys
     1999/10/24 6:39
   dam
     system32\drivers\dam.sys
     Desktop Activity Moderator Driver: Controls activity of desktop applications
     Microsoft Corporation
     10.0.18362.1
     c:\windows\system32\drivers\dam.sys
     2008/12/16 23:45
   Dfsc
     System32\Drivers\dfsc.sys
     DFS Namespace Client Driver: 用于访问 DFS 命名空间的客户端驱动程序
     Microsoft Corporation
     10.0.18362.1
     c:\windows\system32\drivers\dfsc.sys
     1967/3/17 13:19
   disk
     System32\drivers\disk.sys
     磁盘驱动程序: PnP Disk Driver
     Microsoft Corporation
     10.0.18362.1
     c:\windows\system32\drivers\disk.sys
     1999/12/10 2:07
   dmvsc
     \SystemRoot\System32\drivers\dmvsc.sys
     dmvsc: 动态内存
     Microsoft Corporation
     10.0.18362.1
     c:\windows\system32\drivers\dmvsc.sys
     1905/6/27 21:25
   drmkaud
     \SystemRoot\System32\drivers\drmkaud.sys
     Microsoft Trusted Audio Drivers: Microsoft Trusted Audio Drivers
     Microsoft Corporation
     10.0.18362.1
     c:\windows\system32\drivers\drmkaud.sys
     2000/9/24 9:00
   DXGKrnl
     \SystemRoot\System32\drivers\dxgkrnl.sys
     LDDM Graphics Subsystem: Controls the underlying video driver stacks to provide fully-featured display capabilities.
     Microsoft Corporation
     10.0.18362.778
     c:\windows\system32\drivers\dxgkrnl.sys
     2006/9/7 9:02
   ebdrv
     System32\drivers\evbda.sys
     QLogic 10 Gigabit Ethernet Adapter VBD: QLogic 10 GigE VBD
     QLogic Corporation
     7.13.65.105
     c:\windows\system32\drivers\evbda.sys
     2016/5/25 15:01
   EhStorClass
     System32\drivers\EhStorClass.sys
     Enhanced Storage Filter Driver: Enhanced Storage Filter Driver
     Microsoft Corporation
     10.0.18362.1
     c:\windows\system32\drivers\ehstorclass.sys
     2013/10/27 15:34
   EhStorTcgDrv
     System32\drivers\EhStorTcgDrv.sys
     支持 IEEE 1667 和 TCG 协议的 Microsoft 存储设备驱动程序: Microsoft driver for storage devices supporting IEEE 1667 and TCG protocols
     Microsoft Corporation
     10.0.18362.1
     c:\windows\system32\drivers\ehstortcgdrv.sys
     1902/1/20 16:37
   ErrDev
     \SystemRoot\System32\drivers\errdev.sys
     Microsoft Hardware Error Device Driver: Error Device Driver
     Microsoft Corporation
     10.0.18362.1
     c:\windows\system32\drivers\errdev.sys
     1931/9/30 23:40
   exfat
     exfat
     exFAT File System Driver: exFAT File System Driver
     Microsoft Corporation
     10.0.18362.535
     c:\windows\system32\drivers\exfat.sys
     1946/12/3 0:52
   fastfat
     fastfat
     FAT12/16/32 File System Driver: Note - dependance on CDROM.SYS only if required to read/write DVD-RAM media (which appears as CD class device). (Core) (All pieces)
     Microsoft Corporation
     10.0.18362.535
     c:\windows\system32\drivers\fastfat.sys
     1990/11/5 12:17
   fdc
     \SystemRoot\System32\drivers\fdc.sys
     软盘控制器驱动程序: Floppy Disk Controller Driver
     Microsoft Corporation
     10.0.18362.1
     c:\windows\system32\drivers\fdc.sys
     1931/12/14 2:50
   FileCrypt
     system32\drivers\filecrypt.sys
     FileCrypt: Windows sandboxing and encryption filter.
     Microsoft Corporation
     10.0.18362.1
     c:\windows\system32\drivers\filecrypt.sys
     2011/10/30 23:56
   FileInfo
     System32\drivers\fileinfo.sys
     File Information FS MiniFilter: Collects information about files in memory to be consumed by other system services.
     Microsoft Corporation
     10.0.18362.1
     c:\windows\system32\drivers\fileinfo.sys
     1989/7/13 9:15
   Filetrace
     system32\drivers\filetrace.sys
     Filetrace: ETW File Trace Filter
     Microsoft Corporation
     10.0.18362.1
     c:\windows\system32\drivers\filetrace.sys
     1990/12/29 7:44
   flpydisk
     \SystemRoot\System32\drivers\flpydisk.sys
     软盘驱动程序: Floppy Driver
     Microsoft Corporation
     10.0.18362.752
     c:\windows\system32\drivers\flpydisk.sys
     1977/2/24 14:22
   FltMgr
     system32\drivers\fltmgr.sys
     FltMgr: 文件系统筛选器管理器驱动程序
     Microsoft Corporation
     10.0.18362.267
     c:\windows\system32\drivers\fltmgr.sys
     1902/1/3 4:50
   FsDepends
     System32\drivers\FsDepends.sys
     File System Dependency Minifilter: This minifilter tracks the dependencies associated with the various nested volumes/filesystems
     Microsoft Corporation
     10.0.18362.1
     c:\windows\system32\drivers\fsdepends.sys
     1961/8/30 11:45
   fvevol
     System32\DRIVERS\fvevol.sys
     BitLocker Drive Encryption Filter Driver: BitLocker Drive Encryption Filter Driver
     Microsoft Corporation
     10.0.18362.267
     c:\windows\system32\drivers\fvevol.sys
     1946/12/27 3:43
   gencounter
     \SystemRoot\System32\drivers\vmgencounter.sys
     Microsoft Hyper-V 生成计数器: Virtual Machine Generation Counter
     Microsoft Corporation
     10.0.18362.1
     c:\windows\system32\drivers\vmgencounter.sys
     1943/12/2 9:53
   genericusbfn
     \SystemRoot\System32\DriverStore\FileRepository\genericusbfn.inf_amd64_b9c53b80e63af230\genericusbfn.sys
     通用 USB 函数类: Generic USB Function Class Driver
     Microsoft Corporation
     10.0.18362.329
     c:\windows\system32\driverstore\filerepository\genericusbfn.inf_amd64_b9c53b80e63af230\genericusbfn.sys
     1917/11/26 9:10
   GPIOClx0101
     System32\Drivers\msgpioclx.sys
     Microsoft GPIO Class Extension Driver: GPIO Class Extension Driver
     Microsoft Corporation
     10.0.18362.329
     c:\windows\system32\drivers\msgpioclx.sys
     1980/5/14 6:06
   GpuEnergyDrv
     System32\drivers\gpuenergydrv.sys
     GPU Energy Driver: Computes energy consumed by GPU
     Microsoft Corporation
     10.0.18362.1
     c:\windows\system32\drivers\gpuenergydrv.sys
     1976/10/13 20:27
   hcmon
     \SystemRoot\system32\DRIVERS\hcmon.sys
     VMware hcmon: VMware USB Host Controller Monitor
     VMware, Inc.
     8.11.7.0
     c:\windows\system32\drivers\hcmon.sys
     2019/4/7 23:15
   HdAudAddService
     \SystemRoot\System32\drivers\HdAudio.sys
     用于 High Definition Audio 服务的 Microsoft 1.1 UAA 函数驱动程序: High Definition Audio Function Driver
     Microsoft Corporation
     10.0.18362.356
     c:\windows\system32\drivers\hdaudio.sys
     2009/5/19 7:56
   HDAudBus
     \SystemRoot\System32\drivers\HDAudBus.sys
     用于 High Definition Audio 的 Microsoft UAA 总线驱动程序: High Definition Audio Bus Driver
     Microsoft Corporation
     10.0.18362.693
     c:\windows\system32\drivers\hdaudbus.sys
     1918/6/10 3:14
   HidBatt
     \SystemRoot\System32\drivers\HidBatt.sys
     HID UPS 电池驱动程序: Hid Battery Driver
     Microsoft Corporation
     10.0.18362.1
     c:\windows\system32\drivers\hidbatt.sys
     1912/3/24 2:34
   HidBth
     \SystemRoot\System32\drivers\hidbth.sys
     Microsoft Bluetooth HID Miniport: HID 设备的蓝牙微型端口驱动程序
     Microsoft Corporation
     10.0.18362.1
     c:\windows\system32\drivers\hidbth.sys
     2034/2/26 14:20
   hidi2c
     \SystemRoot\System32\drivers\hidi2c.sys
     Microsoft I2C HID 微型端口驱动程序: I2C HID Miniport Driver
     Microsoft Corporation
     10.0.18362.1
     c:\windows\system32\drivers\hidi2c.sys
     2004/1/22 5:52
   hidinterrupt
     \SystemRoot\System32\drivers\hidinterrupt.sys
     通过中断实施的 HID 按钮的通用驱动程序: HID Button over Interrupt Driver
     Microsoft Corporation
     10.0.18362.1
     c:\windows\system32\drivers\hidinterrupt.sys
     1908/1/30 15:32
   HidIr
     \SystemRoot\System32\drivers\hidir.sys
     Microsoft Infrared HID Driver: Infrared Miniport Driver for Input Devices
     Microsoft Corporation
     10.0.18362.1
     c:\windows\system32\drivers\hidir.sys
     1989/11/4 17:38
   hidspi
     \SystemRoot\System32\drivers\hidspi.sys
     Microsoft SPI HID 微型端口驱动程序: SPI HID Miniport Driver
     Microsoft Corporation
     10.0.18362.387
     c:\windows\system32\drivers\hidspi.sys
     1942/9/2 7:28
   HidUsb
     \SystemRoot\System32\drivers\hidusb.sys
     Microsoft HID Class Driver: USB Miniport Driver for Input Devices
     Microsoft Corporation
     10.0.18362.175
     c:\windows\system32\drivers\hidusb.sys
     2035/9/11 23:00
   HpSAMD
     System32\drivers\HpSAMD.sys
     HpSAMD: Smart Array SAS/SATA Controller Media Driver
     Hewlett-Packard Company
     8.0.4.0
     c:\windows\system32\drivers\hpsamd.sys
     2013/3/27 5:36
   HTTP
     system32\drivers\HTTP.sys
     HTTP Service: HTTP Service
     Microsoft Corporation
     10.0.18362.752
     c:\windows\system32\drivers\http.sys
     1969/5/19 10:25
   hvservice
     system32\drivers\hvservice.sys
     Hypervisor/Virtual Machine Support Driver: Hypervisor/Virtual Machine Support Driver
     Microsoft Corporation
     10.0.18362.752
     c:\windows\system32\drivers\hvservice.sys
     1982/6/12 20:22
   HwNClx0101
     System32\Drivers\mshwnclx.sys
     Microsoft Hardware Notifications Class Extension Driver: Hardware Notification Class Extension Driver
     Microsoft Corporation
     10.0.18362.1
     c:\windows\system32\drivers\mshwnclx.sys
     2030/11/16 3:49
   hwpolicy
     System32\drivers\hwpolicy.sys
     Hardware Policy Driver: Contains Processor and other policies
     Microsoft Corporation
     10.0.18362.752
     c:\windows\system32\drivers\hwpolicy.sys
     1959/1/11 7:49
   hyperkbd
     \SystemRoot\System32\drivers\hyperkbd.sys
     hyperkbd: Microsoft VMBus Synthetic Keyboard Driver
     Microsoft Corporation
     10.0.18362.1
     c:\windows\system32\drivers\hyperkbd.sys
     1938/3/3 2:46
   HyperVideo
     \SystemRoot\System32\drivers\HyperVideo.sys
     HyperVideo: Microsoft VMBus Video Device Miniport Driver
     Microsoft Corporation
     10.0.18362.1
     c:\windows\system32\drivers\hypervideo.sys
     2010/2/1 3:36
   i8042prt
     \SystemRoot\System32\drivers\i8042prt.sys
     PS/2 键盘和鼠标端口驱动程序: i8042 端口驱动程序
     Microsoft Corporation
     10.0.18362.1
     c:\windows\system32\drivers\i8042prt.sys
     1955/10/24 11:52
   iagpio
     \SystemRoot\System32\drivers\iagpio.sys
     Intel 串行 IO GPIO 控制器驱动程序: Intel(R) Serial IO GPIO Controller Driver
     Intel(R) Corporation
     1.1.1.0
     c:\windows\system32\drivers\iagpio.sys
     2018/7/23 17:04
   iai2c
     \SystemRoot\System32\drivers\iai2c.sys
     Intel(R) 串行 IO I2C 主机控制器: Intel(R) Serial IO I2C Driver
     Intel(R) Corporation
     1.1.1.0
     c:\windows\system32\drivers\iai2c.sys
     2018/7/23 17:04
   iaLPSS2i_GPIO2
     \SystemRoot\System32\drivers\iaLPSS2i_GPIO2.sys
     Intel(R) 串行 IO GPIO 驱动程序 v2: Intel(R) Serial IO GPIO Driver v2
     Intel Corporation
     30.100.1816.3
     c:\windows\system32\drivers\ialpss2i_gpio2.sys
     2018/4/19 15:53
   iaLPSS2i_GPIO2_BXT_P
     \SystemRoot\System32\drivers\iaLPSS2i_GPIO2_BXT_P.sys
     Intel(R) 串行 IO GPIO 驱动程序 v2: Intel(R) Serial IO GPIO Driver v2
     Intel Corporation
     30.100.1816.1
     c:\windows\system32\drivers\ialpss2i_gpio2_bxt_p.sys
     2018/4/17 17:25
   iaLPSS2i_GPIO2_CNL
     \SystemRoot\System32\drivers\iaLPSS2i_GPIO2_CNL.sys
     Intel(R) 串行 IO GPIO 驱动程序 v2: Intel(R) Serial IO GPIO Driver v2
     Intel Corporation
     30.100.1816.3
     c:\windows\system32\drivers\ialpss2i_gpio2_cnl.sys
     2018/4/17 15:07
   iaLPSS2i_GPIO2_GLK
     \SystemRoot\System32\drivers\iaLPSS2i_GPIO2_GLK.sys
     Intel(R) 串行 IO GPIO 驱动程序 v2: Intel(R) Serial IO GPIO Driver v2
     Intel Corporation
     30.100.1820.1
     c:\windows\system32\drivers\ialpss2i_gpio2_glk.sys
     2018/5/16 13:46
   iaLPSS2i_I2C
     \SystemRoot\System32\drivers\iaLPSS2i_I2C.sys
     Intel(R) 串行 IO I2C 驱动程序 v2: Intel(R) Serial IO I2C Driver v2
     Intel Corporation
     30.100.1816.3
     c:\windows\system32\drivers\ialpss2i_i2c.sys
     2018/4/19 15:52
   iaLPSS2i_I2C_BXT_P
     \SystemRoot\System32\drivers\iaLPSS2i_I2C_BXT_P.sys
     Intel(R) 串行 IO I2C 驱动程序 v2: Intel(R) Serial IO I2C Driver v2
     Intel Corporation
     30.100.1816.1
     c:\windows\system32\drivers\ialpss2i_i2c_bxt_p.sys
     2018/4/17 17:24
   iaLPSS2i_I2C_CNL
     \SystemRoot\System32\drivers\iaLPSS2i_I2C_CNL.sys
     Intel(R) 串行 IO I2C 驱动程序 v2: Intel(R) Serial IO I2C Driver v2
     Intel Corporation
     30.100.1816.3
     c:\windows\system32\drivers\ialpss2i_i2c_cnl.sys
     2018/4/17 15:06
   iaLPSS2i_I2C_GLK
     \SystemRoot\System32\drivers\iaLPSS2i_I2C_GLK.sys
     Intel(R) 串行 IO I2C 驱动程序 v2: Intel(R) Serial IO I2C Driver v2
     Intel Corporation
     30.100.1820.1
     c:\windows\system32\drivers\ialpss2i_i2c_glk.sys
     2018/5/16 13:46
   iaLPSSi_GPIO
     \SystemRoot\System32\drivers\iaLPSSi_GPIO.sys
     Intel(R) 串行 IO GPIO 主机控制器驱动程序: Intel(R) Serial IO GPIO Controller Driver
     Intel Corporation
     1.1.250.0
     c:\windows\system32\drivers\ialpssi_gpio.sys
     2015/2/2 17:00
   iaLPSSi_I2C
     \SystemRoot\System32\drivers\iaLPSSi_I2C.sys
     Intel(R) 串行 IO I2C 控制器驱动程序: Intel(R) Serial IO I2C Controller Driver
     Intel Corporation
     1.1.253.0
     c:\windows\system32\drivers\ialpssi_i2c.sys
     2015/2/24 23:52
   iaStorAC
     System32\drivers\iaStorAC.sys
     Intel(R) Chipset SATA/PCIe  RST Premium Controller: Intel(R) Rapid Storage Technology driver - x64
     Intel Corporation
     15.9.4.1041
     c:\windows\system32\drivers\iastorac.sys
     2018/3/20 18:03
   iaStorAfs
     \SystemRoot\System32\drivers\iaStorAfs.sys
     iaStorAfs: Identifies frequently used files for acceleration with Intel(R) Optane(TM) memory
     Intel Corporation
     15.9.4.1041
     c:\windows\system32\drivers\iastorafs.sys
     2018/3/20 18:04
   iaStorAVC
     System32\drivers\iaStorAVC.sys
     Intel Chipset SATA RAID 控制器: Intel(R) Rapid Storage Technology driver (inbox) - x64
     Intel Corporation
     15.44.0.1010
     c:\windows\system32\drivers\iastoravc.sys
     2018/2/7 19:53
   iaStorV
     System32\drivers\iaStorV.sys
     Intel RAID Controller Windows 7: Intel Matrix Storage Manager driver - x64
     Intel Corporation
     8.6.2.1019
     c:\windows\system32\drivers\iastorv.sys
     2011/4/12 2:48
   ibbus
     \SystemRoot\System32\drivers\ibbus.sys
     Mellanox InfiniBand 总线/AL (筛选器驱动程序): InfiniBand Fabric Bus Driver
     Mellanox
     5.50.14643.0
     c:\windows\system32\drivers\ibbus.sys
     2018/4/26 0:29
   igfx
     \SystemRoot\System32\DriverStore\FileRepository\iigd_dch.inf_amd64_38bfcb542ef4272e\igdkmd64.sys
     igfx: Intel Graphics Kernel Mode Driver
     Intel Corporation
     26.20.100.7262
     c:\windows\system32\driverstore\filerepository\iigd_dch.inf_amd64_38bfcb542ef4272e\igdkmd64.sys
     2019/9/26 5:32
   IndirectKmd
     \SystemRoot\System32\drivers\IndirectKmd.sys
     Indirect Displays 内核模式驱动程序: 实现了 Indirect Displays 框架的内核模式驱动程序。
     Microsoft Corporation
     10.0.18362.1
     c:\windows\system32\drivers\indirectkmd.sys
     1963/11/21 22:34
   IntcAzAudAddService
     \SystemRoot\system32\drivers\RTKVHD64.sys
     Service for Realtek HD Audio (WDM): Realtek(r) High Definition Audio Function Driver
     Realtek Semiconductor Corp.
     6.0.1.8555
     c:\windows\system32\drivers\rtkvhd64.sys
     2018/10/16 18:34
   IntcDAud
     \SystemRoot\System32\DriverStore\FileRepository\intcdaud.inf_amd64_4cd2f01cfbce3160\IntcDAud.sys
     英特尔(R) 显示器音频: Intel(R) Display Audio Driver
     Intel(R) Corporation
     10.27.0.5
     c:\windows\system32\driverstore\filerepository\intcdaud.inf_amd64_4cd2f01cfbce3160\intcdaud.sys
     2019/8/22 19:07
   intelide
     System32\drivers\intelide.sys
     intelide: Intel PCI IDE Driver
     Microsoft Corporation
     10.0.18362.693
     c:\windows\system32\drivers\intelide.sys
     1905/11/14 12:03
   intelpep
     System32\drivers\intelpep.sys
     Intel(R) Power Engine Plug-in Driver: Intel Power Engine Plugin
     Microsoft Corporation
     10.0.18362.693
     c:\windows\system32\drivers\intelpep.sys
     2003/9/21 10:51
   intelpmax
     \SystemRoot\System32\drivers\intelpmax.sys
     Intel 功率限制驱动程序: Intel Power Limit Driver
     Microsoft Corporation
     10.0.18362.1
     c:\windows\system32\drivers\intelpmax.sys
     2009/9/14 13:03
   intelppm
     \SystemRoot\System32\drivers\intelppm.sys
     Intel Processor Driver: Processor Device Driver
     Microsoft Corporation
     10.0.18362.693
     c:\windows\system32\drivers\intelppm.sys
     1934/2/10 11:57
   iorate
     system32\drivers\iorate.sys
     磁盘 I/O 速率筛选器驱动程序: 为磁盘 I/O 流量提供速率控制。
     Microsoft Corporation
     10.0.18362.1
     c:\windows\system32\drivers\iorate.sys
     1983/3/16 8:54
   IpFilterDriver
     system32\DRIVERS\ipfltdrv.sys
     IP 流量筛选器驱动程序: IP 流量筛选器驱动程序
     Microsoft Corporation
     10.0.18362.1
     c:\windows\system32\drivers\ipfltdrv.sys
     1961/9/18 1:59
   IPMIDRV
     \SystemRoot\System32\drivers\IPMIDrv.sys
     IPMIDRV: WMI IPMI 驱动程序
     Microsoft Corporation
     10.0.18362.1
     c:\windows\system32\drivers\ipmidrv.sys
     1939/1/22 16:15
   IPNAT
     System32\drivers\ipnat.sys
     IP Network Address Translator: IP Network Address Translator
     Microsoft Corporation
     10.0.18362.1
     c:\windows\system32\drivers\ipnat.sys
     2005/10/2 9:07
   IPT
     \SystemRoot\System32\drivers\ipt.sys
     IPT: IPT Driver
     Microsoft Corporation
     10.0.18362.1
     c:\windows\system32\drivers\ipt.sys
     1930/11/27 20:28
   isapnp
     System32\drivers\isapnp.sys
     isapnp: PNP ISA 总线驱动程序
     Microsoft Corporation
     10.0.18362.267
     c:\windows\system32\drivers\isapnp.sys
     1907/2/3 0:36
   iScsiPrt
     \SystemRoot\System32\drivers\msiscsi.sys
     iScsiPort 驱动程序: Microsoft iSCSI Initiator Driver
     Microsoft Corporation
     10.0.18362.449
     c:\windows\system32\drivers\msiscsi.sys
     1953/7/1 17:26
   ItSas35i
     System32\drivers\ItSas35i.sys
     ItSas35i: Avago SAS Gen3.5 Driver (StorPort)
     Avago Technologies
     2.60.59.80
     c:\windows\system32\drivers\itsas35i.sys
     2018/5/3 17:57
   kbdclass
     \SystemRoot\System32\drivers\kbdclass.sys
     Keyboard Class Driver: 键盘类驱动程序
     Microsoft Corporation
     10.0.18362.1
     c:\windows\system32\drivers\kbdclass.sys
     1975/12/31 8:56
   kbdhid
     \SystemRoot\System32\drivers\kbdhid.sys
     Keyboard HID Driver: HID 键盘筛选器驱动程序
     Microsoft Corporation
     10.0.18362.1
     c:\windows\system32\drivers\kbdhid.sys
     2010/12/2 1:57
   kdnic
     \SystemRoot\System32\drivers\kdnic.sys
     Microsoft 内核调试网络微型端口(NDIS 6.20): Microsoft Kernel Debugger Network Miniport
     Microsoft Corporation
     6.1.0.0
     c:\windows\system32\drivers\kdnic.sys
     1986/12/29 12:11
   KSecDD
     System32\Drivers\ksecdd.sys
     KSecDD: Kernel Security Support Provider Interface
     Microsoft Corporation
     10.0.18362.113
     c:\windows\system32\drivers\ksecdd.sys
     1920/10/3 16:55
   KSecPkg
     System32\Drivers\ksecpkg.sys
     KSecPkg: Kernel Security Support Provider Interface Packages
     Microsoft Corporation
     10.0.18362.657
     c:\windows\system32\drivers\ksecpkg.sys
     1953/12/27 12:30
   ksthunk
     \SystemRoot\system32\drivers\ksthunk.sys
     Kernel Streaming Thunks: Kernel Streaming WOW Thunk Service
     Microsoft Corporation
     10.0.18362.1
     c:\windows\system32\drivers\ksthunk.sys
     1981/5/1 21:52
   lltdio
     system32\drivers\lltdio.sys
     链路层拓扑发现映射器 I/O 驱动程序: 链路层拓扑发现映射器 I/O 驱动程序
     Microsoft Corporation
     10.0.18362.1
     c:\windows\system32\drivers\lltdio.sys
     2029/10/22 14:02
   LSI_SAS
     System32\drivers\lsi_sas.sys
     LSI_SAS: LSI Fusion-MPT SAS Driver (StorPort)
     LSI Corporation
     1.34.3.83
     c:\windows\system32\drivers\lsi_sas.sys
     2015/3/26 3:36
   LSI_SAS2i
     System32\drivers\lsi_sas2i.sys
     LSI_SAS2i: LSI SAS Gen2 Driver (StorPort)
     LSI Corporation
     2.0.79.82
     c:\windows\system32\drivers\lsi_sas2i.sys
     2017/8/2 21:29
   LSI_SAS3i
     System32\drivers\lsi_sas3i.sys
     LSI_SAS3i: Avago SAS Gen3 Driver (StorPort)
     Avago Technologies
     2.51.24.80
     c:\windows\system32\drivers\lsi_sas3i.sys
     2018/5/2 17:40
   LSI_SSS
     System32\drivers\lsi_sss.sys
     LSI_SSS: LSI SSS PCIe/Flash Driver (StorPort)
     LSI Corporation
     2.10.61.81
     c:\windows\system32\drivers\lsi_sss.sys
     2013/3/16 7:39
   luafv
     \SystemRoot\system32\drivers\luafv.sys
     UAC File Virtualization: 虚拟化每个用户位置的文件写入失败。
     Microsoft Corporation
     10.0.18362.53
     c:\windows\system32\drivers\luafv.sys
     1974/8/9 21:33
   mausbhost
     \SystemRoot\System32\drivers\mausbhost.sys
     MA-USB 主机控制器驱动程序: MA-USB Host Controller Driver
     Microsoft Corporation
     10.0.18362.1
     c:\windows\system32\drivers\mausbhost.sys
     1989/11/6 9:59
   mausbip
     \SystemRoot\System32\drivers\mausbip.sys
     MA-USB IP 筛选器驱动程序: MA-USB IP Driver
     Microsoft Corporation
     10.0.18362.1
     c:\windows\system32\drivers\mausbip.sys
     1979/7/23 15:30
   MbbCx
     system32\drivers\MbbCx.sys
     MBB Network Adapter Class Extension: Windows Mobile Broadband Class Extension
     Microsoft Corporation
     10.0.18362.449
     c:\windows\system32\drivers\mbbcx.sys
     1972/6/16 11:56
   megasas
     System32\drivers\megasas.sys
     megasas: MEGASAS RAID Controller Driver for Windows
     Avago Technologies
     6.706.6.0
     c:\windows\system32\drivers\megasas.sys
     2015/3/5 10:36
   megasas2i
     System32\drivers\MegaSas2i.sys
     megasas2i: MEGASAS RAID Controller Driver for Windows
     Avago Technologies
     6.714.5.0
     c:\windows\system32\drivers\megasas2i.sys
     2017/7/24 17:46
   megasas35i
     System32\drivers\megasas35i.sys
     megasas35i: MEGASAS RAID Controller Driver for Windows
     Avago Technologies
     7.708.13.0
     c:\windows\system32\drivers\megasas35i.sys
     2018/12/7 1:45
   megasr
     System32\drivers\megasr.sys
     megasr: LSI MegaRAID Software RAID Driver
     LSI Corporation, Inc.
     15.2.2013.129
     c:\windows\system32\drivers\megasr.sys
     2013/6/4 6:02
   MEIx64
     \SystemRoot\System32\drivers\TeeDriverW8x64.sys
     Intel(R) Management Engine Interface : Intel(R) Management Engine Interface
     Intel Corporation
     1815.12.0.2021
     c:\windows\system32\drivers\teedriverw8x64.sys
     2018/4/11 22:46
   Microsoft_Bluetooth_AvrcpTransport
     \SystemRoot\System32\drivers\Microsoft.Bluetooth.AvrcpTransport.sys
     Microsoft 蓝牙 AVRCP 传输驱动程序: Microsoft 蓝牙 AVRCP 传输驱动程序
     Microsoft Corporation
     10.0.18362.1
     c:\windows\system32\drivers\microsoft.bluetooth.avrcptransport.sys
     2008/5/14 4:54
   mlx4_bus
     \SystemRoot\System32\drivers\mlx4_bus.sys
     Mellanox ConnectX 总线枚举器: MLX4 Bus Driver
     Mellanox
     5.50.14643.0
     c:\windows\system32\drivers\mlx4_bus.sys
     2018/4/26 0:29
   MMCSS
     \SystemRoot\system32\drivers\mmcss.sys
     Multimedia Class Scheduler: Enables relative prioritization of work based on system-wide task priorities. This is intended mainly for multimedia applications.  If this service is stopped, individual tasks resort to their default priority.
     Microsoft Corporation
     10.0.18362.1
     c:\windows\system32\drivers\mmcss.sys
     2003/6/9 12:56
   Modem
     system32\drivers\modem.sys
     Modem: 调制解调器设备驱动程序
     Microsoft Corporation
     10.0.18362.1
     c:\windows\system32\drivers\modem.sys
     2026/2/15 7:08
   monitor
     \SystemRoot\System32\drivers\monitor.sys
     Microsoft Monitor Class Function Driver Service: Monitor Driver
     Microsoft Corporation
     10.0.18362.693
     c:\windows\system32\drivers\monitor.sys
     2022/3/28 7:22
   mouclass
     \SystemRoot\System32\drivers\mouclass.sys
     Mouse Class Driver: 鼠标类驱动程序
     Microsoft Corporation
     10.0.18362.1
     c:\windows\system32\drivers\mouclass.sys
     2009/6/1 6:07
   mouhid
     \SystemRoot\System32\drivers\mouhid.sys
     Mouse HID Driver: HID 鼠标筛选器驱动程序
     Microsoft Corporation
     10.0.18362.1
     c:\windows\system32\drivers\mouhid.sys
     1919/8/19 6:45
   mountmgr
     System32\drivers\mountmgr.sys
     Mount Point Manager: 负责维护永久性驱动器号和卷名的驱动程序
     Microsoft Corporation
     10.0.18362.449
     c:\windows\system32\drivers\mountmgr.sys
     2023/1/27 22:42
   MpKslDrv
     \??\C:\ProgramData\Microsoft\Windows Defender\Definition Updates\{D97D4E9D-0CB4-4381-A91A-D994404C9B01}\MpKslDrv.sys
     MpKslDrv: KSLDriver
     Microsoft Corporation
     1.1.16540.0
     c:\programdata\microsoft\windows defender\definition updates\{d97d4e9d-0cb4-4381-a91a-d994404c9b01}\mpksldrv.sys
     1997/9/10 4:29
   mpsdrv
     System32\drivers\mpsdrv.sys
     Windows Defender Firewall Authorization Driver: Windows Defender Firewall Authorization Driver is a kernel mode driver that provides deep inspection services on inbound and outbound network traffic.
     Microsoft Corporation
     10.0.18362.1
     c:\windows\system32\drivers\mpsdrv.sys
     2036/8/23 21:53
   MRxDAV
     \SystemRoot\system32\drivers\mrxdav.sys
     WebDav Client Redirector Driver: 为 WebClient 服务提供 WebDAV 文件访问权限的网络重定向程序
     Microsoft Corporation
     10.0.18362.387
     c:\windows\system32\drivers\mrxdav.sys
     2002/12/30 4:04
   mrxsmb
     system32\DRIVERS\mrxsmb.sys
     SMB MiniRedirector Wrapper and Engine: 执行 SMB 文件系统重定向程序的框架
     Microsoft Corporation
     10.0.18362.753
     c:\windows\system32\drivers\mrxsmb.sys
     1955/5/1 7:59
   mrxsmb20
     system32\DRIVERS\mrxsmb20.sys
     SMB 2.0 MiniRedirector: 执行 SMB 2.0 协议，该协议提供与 Windows Vista 以及更高版本的服务器上的网络资源的连接
     Microsoft Corporation
     10.0.18362.693
     c:\windows\system32\drivers\mrxsmb20.sys
     1941/10/23 3:10
   MsBridge
     System32\drivers\bridge.sys
     Microsoft MAC 桥: Microsoft MAC 桥
     Microsoft Corporation
     10.0.18362.1
     c:\windows\system32\drivers\bridge.sys
     1978/1/7 13:10
   Msfs
     Msfs
     Msfs: Mailslot driver
     Microsoft Corporation
     10.0.18362.267
     c:\windows\system32\drivers\msfs.sys
     1911/7/8 23:34
   msgpiowin32
     \SystemRoot\System32\drivers\msgpiowin32.sys
     用于按钮、停靠模式和笔记本电脑/平板电脑指示器的通用驱动程序: GPIO Button Driver
     Microsoft Corporation
     10.0.18362.1
     c:\windows\system32\drivers\msgpiowin32.sys
     2026/10/24 9:10
   mshidkmdf
     \SystemRoot\System32\drivers\mshidkmdf.sys
     Pass-through HID to KMDF Filter Driver: Device Filter to provide pass-through interface between HIDCLASS and KMDF
     Microsoft Corporation
     10.0.18362.1
     c:\windows\system32\drivers\mshidkmdf.sys
     1942/12/11 11:10
   mshidumdf
     \SystemRoot\System32\drivers\mshidumdf.sys
     Pass-through HID to UMDF Driver: 设备驱动程序在 HIDCLASS 和 UMDF 之间提供传递接口
     Microsoft Corporation
     10.0.18362.1
     c:\windows\system32\drivers\mshidumdf.sys
     1951/8/2 20:03
   msisadrv
     System32\drivers\msisadrv.sys
     msisadrv: ISA Driver
     Microsoft Corporation
     10.0.18362.267
     c:\windows\system32\drivers\msisadrv.sys
     2020/2/15 4:58
   MSKSSRV
     \SystemRoot\System32\drivers\MSKSSRV.sys
     Microsoft 流服务代理: MS KS Server
     Microsoft Corporation
     10.0.18362.207
     c:\windows\system32\drivers\mskssrv.sys
     1935/11/1 18:03
   MsLldp
     system32\drivers\mslldp.sys
     Microsoft 链路层发现协议驱动程序
     Microsoft Corporation
     10.0.18362.1
     c:\windows\system32\drivers\mslldp.sys
     1981/7/28 2:08
   MSPCLOCK
     \SystemRoot\System32\drivers\MSPCLOCK.sys
     Microsoft 流时钟代理: MS Proxy Clock
     Microsoft Corporation
     10.0.18362.1
     c:\windows\system32\drivers\mspclock.sys
     1982/12/3 16:54
   MSPQM
     \SystemRoot\System32\drivers\MSPQM.sys
     Microsoft 流质量管理器代理: MS Proxy Quality Manager
     Microsoft Corporation
     10.0.18362.1
     c:\windows\system32\drivers\mspqm.sys
     1981/9/2 17:30
   MsRPC
     MsRPC
     MsRPC: Kernel Remote Procedure Call Provider
     Microsoft Corporation
     10.0.18362.476
     c:\windows\system32\drivers\msrpc.sys
     2034/1/1 20:43
   MsSecFlt
     system32\drivers\mssecflt.sys
     Microsoft 安全事件组件微筛选器: Microsoft 安全事件组件文件系统筛选器驱动程序
     Microsoft Corporation
     10.0.18362.693
     c:\windows\system32\drivers\mssecflt.sys
     1908/7/8 16:48
   mssmbios
     \SystemRoot\System32\drivers\mssmbios.sys
     Microsoft System Management BIOS Driver: System Management BIOS Driver
     Microsoft Corporation
     10.0.18362.1
     c:\windows\system32\drivers\mssmbios.sys
     1956/8/20 18:02
   MSTEE
     \SystemRoot\System32\drivers\MSTEE.sys
     Microsoft 流 Tee/Sink-to-Sink 转换器: WDM Tee/Communication Transform Filter
     Microsoft Corporation
     10.0.18362.1
     c:\windows\system32\drivers\mstee.sys
     2006/6/29 12:15
   MTConfig
     \SystemRoot\System32\drivers\MTConfig.sys
     Microsoft Input Configuration Driver: Microsoft 多点触控 HID 驱动程序
     Microsoft Corporation
     10.0.18362.1
     c:\windows\system32\drivers\mtconfig.sys
     1911/6/1 20:26
   Mup
     System32\Drivers\mup.sys
     Mup: 多个 UNC 提供程序驱动程序
     Microsoft Corporation
     10.0.18362.207
     c:\windows\system32\drivers\mup.sys
     2015/12/2 4:29
   mvumis
     System32\drivers\mvumis.sys
     mvumis: Marvell Flash Controller Driver
     Marvell Semiconductor, Inc.
     1.0.5.1016
     c:\windows\system32\drivers\mvumis.sys
     2014/5/24 4:39
   NativeWifiP
     system32\DRIVERS\nwifi.sys
     NativeWiFi 筛选器: NativeWiFi 微型端口驱动程序
     Microsoft Corporation
     10.0.18362.387
     c:\windows\system32\drivers\nwifi.sys
     1953/4/29 11:26
   ndfltr
     \SystemRoot\System32\drivers\ndfltr.sys
     NetworkDirect 服务: NetworkDirect Support Filter Driver
     Mellanox
     5.50.14643.0
     c:\windows\system32\drivers\ndfltr.sys
     2018/4/26 0:28
   NDIS
     system32\drivers\ndis.sys
     NDIS System Driver: NDIS 系统驱动程序
     Microsoft Corporation
     10.0.18362.693
     c:\windows\system32\drivers\ndis.sys
     2023/5/5 8:07
   NdisCap
     System32\drivers\ndiscap.sys
     Microsoft NDIS 捕获: Microsoft NDIS 捕获
     Microsoft Corporation
     10.0.18362.1
     c:\windows\system32\drivers\ndiscap.sys
     1991/4/13 7:02
   NdisImPlatform
     System32\drivers\NdisImPlatform.sys
     Microsoft 网络适配器多路传送器协议: Microsoft 网络适配器多路传送器协议
     Microsoft Corporation
     10.0.18362.693
     c:\windows\system32\drivers\ndisimplatform.sys
     1931/8/16 2:41
   NdisTapi
     System32\DRIVERS\ndistapi.sys
     远程访问 NDIS TAPI 驱动程序: 远程访问 NDIS TAPI 驱动程序
     Microsoft Corporation
     10.0.18362.387
     c:\windows\system32\drivers\ndistapi.sys
     2025/11/7 5:03
   Ndisuio
     system32\drivers\ndisuio.sys
     NDIS Usermode I/O Protocol: NDIS 用户模式 I/O 驱动程序
     Microsoft Corporation
     10.0.18362.1
     c:\windows\system32\drivers\ndisuio.sys
     2000/4/19 10:58
   NdisVirtualBus
     \SystemRoot\System32\drivers\NdisVirtualBus.sys
     Microsoft 虚拟网络适配器枚举器: Microsoft 虚拟网络适配器枚举器
     Microsoft Corporation
     10.0.18362.1
     c:\windows\system32\drivers\ndisvirtualbus.sys
     1945/8/5 15:47
   NdisWan
     \SystemRoot\System32\drivers\ndiswan.sys
     远程访问 NDIS WAN 驱动程序: 远程访问 NDIS WAN 驱动程序
     Microsoft Corporation
     10.0.18362.719
     c:\windows\system32\drivers\ndiswan.sys
     1983/2/7 9:15
   ndiswanlegacy
     System32\DRIVERS\ndiswan.sys
     远程访问旧版 NDIS WAN 驱动程序: 远程访问旧版 NDIS WAN 驱动程序
     Microsoft Corporation
     10.0.18362.719
     c:\windows\system32\drivers\ndiswan.sys
     1983/2/7 9:15
   NDKPing
     system32\drivers\NDKPing.sys
     NDKPing Driver: RDMA Sample Driver
     Microsoft Corporation
     10.0.18362.1
     c:\windows\system32\drivers\ndkping.sys
     2033/11/15 12:58
   ndproxy
     System32\DRIVERS\NDProxy.sys
     NDIS Proxy Driver: NDIS Proxy Driver
     Microsoft Corporation
     10.0.18362.387
     c:\windows\system32\drivers\ndproxy.sys
     1983/6/5 7:45
   Ndu
     system32\drivers\Ndu.sys
     Windows Network Data Usage Monitoring Driver: This service provides network data usage monitoring functionality
     Microsoft Corporation
     10.0.18362.1
     c:\windows\system32\drivers\ndu.sys
     1988/11/5 9:27
   NetAdapterCx
     system32\drivers\NetAdapterCx.sys
     Network Adapter Wdf Class Extension Library: Network Adapter Class Extension for WDF
     Microsoft Corporation
     10.0.18362.1
     c:\windows\system32\drivers\netadaptercx.sys
     2031/11/8 16:04
   NetBIOS
     system32\drivers\netbios.sys
     NetBIOS Interface: NetBIOS Interface
     Microsoft Corporation
     10.0.18362.1
     c:\windows\system32\drivers\netbios.sys
     1929/5/1 8:57
   NetBT
     System32\DRIVERS\netbt.sys
     NetBT: This service implements NetBios over TCP/IP.
     Microsoft Corporation
     10.0.18362.145
     c:\windows\system32\drivers\netbt.sys
     1979/3/2 19:12
   netvsc
     \SystemRoot\System32\drivers\netvsc.sys
     netvsc: 虚拟 NDIS 微型端口
     Microsoft Corporation
     10.0.18362.1
     c:\windows\system32\drivers\netvsc.sys
     1927/1/31 10:03
   Npfs
     Npfs
     Npfs: NPFS Driver
     Microsoft Corporation
     10.0.18362.267
     c:\windows\system32\drivers\npfs.sys
     1927/8/8 12:25
   npsvctrig
     \SystemRoot\System32\drivers\npsvctrig.sys
     Named pipe service trigger provider: Named pipe service triggers
     Microsoft Corporation
     10.0.18362.1
     c:\windows\system32\drivers\npsvctrig.sys
     1977/9/12 23:19
   nsiproxy
     system32\drivers\nsiproxy.sys
     NSI Proxy Service Driver: NSI Proxy Service
     Microsoft Corporation
     10.0.18362.449
     c:\windows\system32\drivers\nsiproxy.sys
     2013/11/21 14:00
   Ntfs
     Ntfs
     Ntfs: NT 文件系统驱动程序
     Microsoft Corporation
     10.0.18362.719
     c:\windows\system32\drivers\ntfs.sys
     1937/5/13 19:16
   Null
     Null
     Null: NULL Driver
     Microsoft Corporation
     10.0.18362.1
     c:\windows\system32\drivers\null.sys
     1957/4/24 19:26
   nvdimm
     \SystemRoot\System32\drivers\nvdimm.sys
     Microsoft NVDIMM 设备驱动程序: NVDIMM 设备驱动程序
     Microsoft Corporation
     10.0.18362.1
     c:\windows\system32\drivers\nvdimm.sys
     1961/5/4 11:45
   nvlddmkm
     \SystemRoot\System32\DriverStore\FileRepository\nvlt.inf_amd64_d03cf07457eb2e04\nvlddmkm.sys
     nvlddmkm: NVIDIA Windows Kernel Mode Driver, Version 391.25
     NVIDIA Corporation
     23.21.13.9125
     c:\windows\system32\driverstore\filerepository\nvlt.inf_amd64_d03cf07457eb2e04\nvlddmkm.sys
     2018/3/16 15:39
   nvraid
     System32\drivers\nvraid.sys
     nvraid: NVIDIA® nForce(TM) RAID Driver
     NVIDIA Corporation
     10.6.0.23
     c:\windows\system32\drivers\nvraid.sys
     2014/4/22 2:28
   nvstor
     System32\drivers\nvstor.sys
     nvstor: NVIDIA® nForce(TM) Sata Performance Driver
     NVIDIA Corporation
     10.6.0.23
     c:\windows\system32\drivers\nvstor.sys
     2014/4/22 2:34
   Parport
     \SystemRoot\System32\drivers\parport.sys
     Parallel port driver: 并行端口驱动程序
     Microsoft Corporation
     10.0.18362.1
     c:\windows\system32\drivers\parport.sys
     1973/5/15 11:44
   partmgr
     System32\drivers\partmgr.sys
     Partition driver: 用于管理分区并向卷管理器拍卖分区的磁盘类筛选器驱动程序。
     Microsoft Corporation
     10.0.18362.752
     c:\windows\system32\drivers\partmgr.sys
     1903/12/11 16:58
   pci
     System32\drivers\pci.sys
     PCI 总线驱动程序: NT 即插即用 PCI 仿真程序
     Microsoft Corporation
     10.0.18362.752
     c:\windows\system32\drivers\pci.sys
     1985/8/13 1:17
   pciide
     System32\drivers\pciide.sys
     pciide: Generic PCI IDE Bus Driver
     Microsoft Corporation
     10.0.18362.693
     c:\windows\system32\drivers\pciide.sys
     2002/8/10 0:44
   pcmcia
     System32\drivers\pcmcia.sys
     pcmcia: PCMCIA 总线驱动程序
     Microsoft Corporation
     10.0.18362.1
     c:\windows\system32\drivers\pcmcia.sys
     2010/9/22 2:01
   pcw
     System32\drivers\pcw.sys
     Performance Counters for Windows Driver: Performance Counters for Windows Driver
     Microsoft Corporation
     10.0.18362.1
     c:\windows\system32\drivers\pcw.sys
     2027/2/15 23:09
   pdc
     system32\drivers\pdc.sys
     pdc: 电源相关性协调器驱动程序
     Microsoft Corporation
     10.0.18362.693
     c:\windows\system32\drivers\pdc.sys
     1999/7/7 13:35
   PEAUTH
     system32\drivers\peauth.sys
     PEAUTH: Protected Environment Authentication and Authorization Export Driver
     Microsoft Corporation
     10.0.18362.295
     c:\windows\system32\drivers\peauth.sys
     2015/1/12 9:52
   percsas2i
     System32\drivers\percsas2i.sys
     percsas2i: MEGASAS RAID Controller Driver for Windows
     Avago Technologies
     6.805.3.0
     c:\windows\system32\drivers\percsas2i.sys
     2016/3/15 8:50
   percsas3i
     System32\drivers\percsas3i.sys
     percsas3i: MEGASAS RAID Controller Driver for Windows
     Avago Technologies
     6.604.6.0
     c:\windows\system32\drivers\percsas3i.sys
     2018/6/2 5:47
   PktMon
     system32\drivers\PktMon.sys
     Packet Monitor Driver: 数据包监视驱动程序
     Microsoft Corporation
     10.0.18362.1
     c:\windows\system32\drivers\pktmon.sys
     1990/5/23 0:54
   pmem
     \SystemRoot\System32\drivers\pmem.sys
     Microsoft 持久性内存磁盘驱动程序: 持久性内存驱动程序
     Microsoft Corporation
     10.0.18362.1
     c:\windows\system32\drivers\pmem.sys
     2023/9/22 13:03
   PNPMEM
     \SystemRoot\System32\drivers\pnpmem.sys
     Microsoft Memory Module Driver: 即插即用内存驱动程序
     Microsoft Corporation
     10.0.18362.1
     c:\windows\system32\drivers\pnpmem.sys
     1912/2/14 1:46
   portcfg
     \SystemRoot\System32\drivers\portcfg.sys
     portcfg: Port Device Class Configuration Filter Driver
     Microsoft Corporation
     10.0.18362.1
     c:\windows\system32\drivers\portcfg.sys
     1932/9/10 8:06
   PptpMiniport
     \SystemRoot\System32\drivers\raspptp.sys
     WAN 微型端口(PPTP): WAN 微型端口(PPTP)
     Microsoft Corporation
     10.0.18362.1
     c:\windows\system32\drivers\raspptp.sys
     2014/12/11 14:11
   Processor
     \SystemRoot\System32\drivers\processr.sys
     处理器驱动程序: Processor Device Driver
     Microsoft Corporation
     10.0.18362.693
     c:\windows\system32\drivers\processr.sys
     1903/12/6 9:47
   Psched
     System32\drivers\pacer.sys
     QoS 数据包计划程序: QoS 数据包计划程序
     Microsoft Corporation
     10.0.18362.1
     c:\windows\system32\drivers\pacer.sys
     1956/10/16 17:11
   QWAVEdrv
     \SystemRoot\system32\drivers\qwavedrv.sys
     QWAVE driver: 质量 Windows 音频/视频体验组件驱动程序
     Microsoft Corporation
     10.0.18362.1
     c:\windows\system32\drivers\qwavedrv.sys
     2018/4/2 11:14
   Ramdisk
     system32\DRIVERS\ramdisk.sys
     Windows RAM Disk Driver: RAM Disk Driver
     Microsoft Corporation
     10.0.18362.1
     c:\windows\system32\drivers\ramdisk.sys
     1953/4/28 11:06
   RasAcd
     System32\DRIVERS\rasacd.sys
     Remote Access Auto Connection Driver: Remote Access Auto Connection Driver
     Microsoft Corporation
     10.0.18362.1
     c:\windows\system32\drivers\rasacd.sys
     1913/7/12 9:34
   RasAgileVpn
     \SystemRoot\System32\drivers\AgileVpn.sys
     WAN 微型端口(IKEv2): WAN 微型端口(IKEv2)
     Microsoft Corporation
     10.0.18362.719
     c:\windows\system32\drivers\agilevpn.sys
     1925/3/9 8:30
   Rasl2tp
     \SystemRoot\System32\drivers\rasl2tp.sys
     WAN 微型端口(L2TP): WAN 微型端口(L2TP)
     Microsoft Corporation
     10.0.18362.1
     c:\windows\system32\drivers\rasl2tp.sys
     1923/1/15 9:15
   RasPppoe
     System32\DRIVERS\raspppoe.sys
     远程访问 PPPOE 驱动程序: 远程访问 PPPOE 驱动程序
     Microsoft Corporation
     10.0.18362.1
     c:\windows\system32\drivers\raspppoe.sys
     1972/10/12 14:28
   RasSstp
     \SystemRoot\System32\drivers\rassstp.sys
     WAN 微型端口(SSTP): WAN 微型端口(SSTP)
     Microsoft Corporation
     10.0.18362.1
     c:\windows\system32\drivers\rassstp.sys
     2028/11/22 21:08
   rdbss
     system32\DRIVERS\rdbss.sys
     Redirected Buffering Sub System: 为网络微型重定向程序提供框架
     Microsoft Corporation
     10.0.18362.752
     c:\windows\system32\drivers\rdbss.sys
     1931/8/20 4:09
   rdpbus
     \SystemRoot\System32\drivers\rdpbus.sys
     远程桌面设备重定向程序总线驱动程序: Microsoft RDP Bus Device driver
     Microsoft Corporation
     10.0.18362.1
     c:\windows\system32\drivers\rdpbus.sys
     2011/10/15 4:22
   RDPDR
     System32\drivers\rdpdr.sys
     Remote Desktop Device Redirector Driver: 远程桌面设备重定向程序驱动程序
     Microsoft Corporation
     10.0.18362.267
     c:\windows\system32\drivers\rdpdr.sys
     2026/3/15 13:51
   RdpVideoMiniport
     System32\drivers\rdpvideominiport.sys
     Remote Desktop Video Miniport Driver: Microsoft RDP Video Miniport driver
     Microsoft Corporation
     10.0.18362.693
     c:\windows\system32\drivers\rdpvideominiport.sys
     1949/4/10 19:09
   rdyboost
     System32\drivers\rdyboost.sys
     ReadyBoost: ReadyBoost
     Microsoft Corporation
     10.0.18362.1
     c:\windows\system32\drivers\rdyboost.sys
     1963/10/16 11:00
   ReFS
     ReFS
     ReFS: NT ReFS FS 驱动程序
     Microsoft Corporation
     10.0.18362.693
     c:\windows\system32\drivers\refs.sys
     1905/1/23 8:17
   ReFSv1
     ReFSv1
     ReFSv1: NT ReFS FS 驱动程序
     Microsoft Corporation
     10.0.18362.535
     c:\windows\system32\drivers\refsv1.sys
     1907/3/4 11:11
   RFCOMM
     \SystemRoot\System32\drivers\rfcomm.sys
     Bluetooth Device (RFCOMM Protocol TDI): Bluetooth Device (RFCOMM Protocol TDI)
     Microsoft Corporation
     10.0.18362.1
     c:\windows\system32\drivers\rfcomm.sys
     1936/10/14 20:26
   rhproxy
     \SystemRoot\System32\drivers\rhproxy.sys
     资源中心代理驱动程序: ResourceHub Proxy Driver
     Microsoft Corporation
     10.0.18362.1
     c:\windows\system32\drivers\rhproxy.sys
     1936/7/18 21:05
   rspndr
     system32\drivers\rspndr.sys
     链路层拓扑发现响应程序: 链路层拓扑发现响应程序
     Microsoft Corporation
     10.0.18362.1
     c:\windows\system32\drivers\rspndr.sys
     1960/3/20 19:35
   rt640x64
     \SystemRoot\System32\drivers\rt640x64.sys
     Realtek RT640 NT 驱动程序: Realtek 8125/8136/8168/8169 NDIS 6.40 64-bit Driver
     Realtek
     9.1.409.2015
     c:\windows\system32\drivers\rt640x64.sys
     2018/10/22 22:34
   RtkBtFilter
     \SystemRoot\System32\drivers\RtkBtfilter.sys
     Realtek Bluetooth Filter Driver: Realtek Bluetooth Filter Driver
     Realtek Semiconductor Corporation
     1.5.1012.3
     c:\windows\system32\drivers\rtkbtfilter.sys
     2018/4/3 10:29
   rtsuvc
     \SystemRoot\system32\DRIVERS\rtsuvc.sys
     EasyCamera: Realtek UVC Driver for Win7/Win8/Win8.1/Win10
     Realtek Semiconductor Corp.
     10.0.15063.11299
     c:\windows\system32\drivers\rtsuvc.sys
     2017/10/11 17:13
   RTWlanE01
     \SystemRoot\System32\drivers\rtwlane01.sys
     Realtek 无线 LAN 802.11n PCI-E 网络适配器: Realtek PCIE NDIS Driver 69342 29887
     Realtek Semiconductor Corporation
     2023.70.109.2018
     c:\windows\system32\drivers\rtwlane01.sys
     2018/10/18 14:19
   s3cap
     \SystemRoot\System32\drivers\vms3cap.sys
     s3cap: Microsoft S3 Emulated Device Cap Driver
     Microsoft Corporation
     10.0.18362.1
     c:\windows\system32\drivers\vms3cap.sys
     1962/1/22 9:49
   SangforDnsDrv_7,5,0,1
     \??\C:\Program Files (x86)\Sangfor\SSL\DnsDriver\SangforDnsDrv.sys
     SangforDnsDrv_7,5,0,1: Sangfor DnsDriver
     Sangfor Technologies Inc.
     7.5.0.1
     c:\program files (x86)\sangfor\ssl\dnsdriver\sangfordnsdrv.sys
     2017/1/16 19:47
   SangforTcpDrv_7,5,0,1
     \??\C:\Program Files (x86)\Sangfor\SSL\TcpDriver\SangforTcpDrv.sys
     SangforTcpDrv_7,5,0,1: Sangfor WfpDriver
     Sangfor Technologies Inc.
     7.5.0.1
     c:\program files (x86)\sangfor\ssl\tcpdriver\sangfortcpdrv.sys
     2017/5/14 15:29
   SangforVnic
     \SystemRoot\System32\drivers\SangforVnic.sys
     Sangfor SSL VPN CS Support System VNIC: Sangfor SSL VPN CS Support System VNIC
     SANGFOR
     5.9.0.0
     c:\windows\system32\drivers\sangforvnic.sys
     2012/11/20 20:31
   sbp2port
     System32\drivers\sbp2port.sys
     SBP-2 传输/协议总线驱动程序: SBP-2 Protocol Driver
     Microsoft Corporation
     10.0.18362.1
     c:\windows\system32\drivers\sbp2port.sys
     2018/11/2 9:45
   scfilter
     System32\DRIVERS\scfilter.sys
     Smart card PnP Class Filter Driver: 启用智能卡 PnP 的智能卡读卡器筛选驱动程序。
     Microsoft Corporation
     10.0.18362.1
     c:\windows\system32\drivers\scfilter.sys
     1907/9/23 0:22
   scmbus
     System32\drivers\scmbus.sys
     Microsoft 存储类内存总线驱动程序: 存储类内存总线驱动程序
     Microsoft Corporation
     10.0.18362.752
     c:\windows\system32\drivers\scmbus.sys
     2003/6/15 13:28
   sdbus
     \SystemRoot\System32\drivers\sdbus.sys
     sdbus: SecureDigital 总线驱动程序
     Microsoft Corporation
     10.0.18362.752
     c:\windows\system32\drivers\sdbus.sys
     2024/3/6 1:35
   SDFRd
     \SystemRoot\System32\drivers\SDFRd.sys
     SDF 反射器: SDF Reflector
     Microsoft Corporation
     10.0.18362.1
     c:\windows\system32\drivers\sdfrd.sys
     1956/3/19 21:32
   sdstor
     \SystemRoot\System32\drivers\sdstor.sys
     SD 存储端口驱动程序: SD 存储类驱动程序
     Microsoft Corporation
     10.0.18362.1
     c:\windows\system32\drivers\sdstor.sys
     2028/6/25 21:03
   SerCx
     system32\drivers\SerCx.sys
     Serial UART Support Library: Serial Class Extension
     Microsoft Corporation
     10.0.18362.1
     c:\windows\system32\drivers\sercx.sys
     2019/5/27 19:15
   SerCx2
     system32\drivers\SerCx2.sys
     Serial UART Support Library: Serial Class Extension V2
     Microsoft Corporation
     10.0.18362.1
     c:\windows\system32\drivers\sercx2.sys
     1995/3/16 21:25
   Serenum
     \SystemRoot\System32\drivers\serenum.sys
     Serenum Filter Driver: Serial Port Enumerator
     Microsoft Corporation
     10.0.18362.1
     c:\windows\system32\drivers\serenum.sys
     1976/2/20 20:14
   Serial
     \SystemRoot\System32\drivers\serial.sys
     串行端口驱动程序: 串行设备驱动程序
     Microsoft Corporation
     10.0.18362.1
     c:\windows\system32\drivers\serial.sys
     1930/11/2 3:12
   sermouse
     \SystemRoot\System32\drivers\sermouse.sys
     串行鼠标驱动程序: 串行鼠标筛选器驱动程序
     Microsoft Corporation
     10.0.18362.1
     c:\windows\system32\drivers\sermouse.sys
     1983/5/18 11:46
   sfloppy
     \SystemRoot\System32\drivers\sfloppy.sys
     大容量软盘驱动器: SCSI Floppy Driver
     Microsoft Corporation
     10.0.18362.752
     c:\windows\system32\drivers\sfloppy.sys
     1932/5/16 2:19
   SgrmAgent
     system32\drivers\SgrmAgent.sys
     System Guard Runtime Monitor Agent: System Guard Runtime Monitor Agent Driver
     Microsoft Corporation
     10.0.18362.1
     c:\windows\system32\drivers\sgrmagent.sys
     1965/12/1 19:20
   SiSRaid2
     System32\drivers\SiSRaid2.sys
     SiSRaid2: SiS RAID Stor Miniport Driver
     Silicon Integrated Systems Corp.
     5.1.1039.2600
     c:\windows\system32\drivers\sisraid2.sys
     2008/9/25 2:28
   SiSRaid4
     System32\drivers\sisraid4.sys
     SiSRaid4: SiS AHCI Stor-Miniport Driver
     Silicon Integrated Systems
     5.1.1039.3600
     c:\windows\system32\drivers\sisraid4.sys
     2008/10/2 5:56
   SmartSAMD
     System32\drivers\SmartSAMD.sys
     SmartSAMD: Storport Miniport Driver for SmartRAID/SmartHBA Controllers
     Microsemi Corportation
     1.50.0.0
     c:\windows\system32\drivers\smartsamd.sys
     2018/4/17 23:29
   smbdirect
     System32\DRIVERS\smbdirect.sys
     smbdirect: SMB 网络直通驱动程序
     Microsoft Corporation
     10.0.18362.1
     c:\windows\system32\drivers\smbdirect.sys
     1986/4/29 17:06
   SmbDrvI
     \SystemRoot\system32\DRIVERS\Smb_driver_Intel.sys
     SmbDrvI: Synaptics SMBus Driver
     Synaptics Incorporated
     19.4.18.30
     c:\windows\system32\drivers\smb_driver_intel.sys
     2018/1/6 6:53
   spaceport
     System32\drivers\spaceport.sys
     存储空间驱动程序: Storage Spaces Driver
     Microsoft Corporation
     10.0.18362.449
     c:\windows\system32\drivers\spaceport.sys
     1922/9/19 15:48
   SpatialGraphFilter
     System32\drivers\SpatialGraphFilter.sys
     Holographic Spatial Graph Filter: Holographic Spatial Graph Filter
     Microsoft Corporation
     10.0.18362.1
     c:\windows\system32\drivers\spatialgraphfilter.sys
     2000/3/26 3:44
   SpbCx
     system32\drivers\SpbCx.sys
     Simple Peripheral Bus Support Library: SPB Class Extension
     Microsoft Corporation
     10.0.18362.1
     c:\windows\system32\drivers\spbcx.sys
     1988/1/30 21:05
   srv2
     System32\DRIVERS\srv2.sys
     Server SMB 2.xxx Driver: 支持与 Windows Vista 以及更高版本的客户端的连接
     Microsoft Corporation
     10.0.18362.753
     c:\windows\system32\drivers\srv2.sys
     1956/8/8 12:55
   srvnet
     System32\DRIVERS\srvnet.sys
     srvnet: Server Network driver
     Microsoft Corporation
     10.0.18362.693
     c:\windows\system32\drivers\srvnet.sys
     1994/11/5 12:13
   stexstor
     System32\drivers\stexstor.sys
     stexstor: Promise SuperTrak EX Series Driver for Windows x64
     Promise Technology, Inc.
     5.1.0.10
     c:\windows\system32\drivers\stexstor.sys
     2012/11/27 8:02
   storahci
     System32\drivers\storahci.sys
     Microsoft 标准 SATA AHCI 驱动程序: MS AHCI Storport Miniport Driver
     Microsoft Corporation
     10.0.18362.693
     c:\windows\system32\drivers\storahci.sys
     1979/8/28 14:45
   storflt
     System32\drivers\vmstorfl.sys
     Microsoft Hyper-V 存储加速器: 虚拟存储筛选器驱动程序
     Microsoft Corporation
     10.0.18362.387
     c:\windows\system32\drivers\vmstorfl.sys
     1977/6/23 21:32
   stornvme
     System32\drivers\stornvme.sys
     Microsoft Standard NVM Express Driver: Microsoft NVM Express Storport Miniport Driver
     Microsoft Corporation
     10.0.18362.693
     c:\windows\system32\drivers\stornvme.sys
     1963/5/5 6:30
   storqosflt
     system32\drivers\storqosflt.sys
     Storage QoS Filter Driver: 为存储 I/O 通信提供服务质量。
     Microsoft Corporation
     10.0.18362.1
     c:\windows\system32\drivers\storqosflt.sys
     1948/6/18 7:01
   storufs
     System32\drivers\storufs.sys
     Microsoft 通用闪存(UFS)驱动程序: MS UFS Storport Miniport Driver
     Microsoft Corporation
     10.0.18362.752
     c:\windows\system32\drivers\storufs.sys
     1968/8/12 5:06
   storvsc
     System32\drivers\storvsc.sys
     storvsc: Storage VSC Driver
     Microsoft Corporation
     10.0.18362.387
     c:\windows\system32\drivers\storvsc.sys
     1989/3/29 14:01
   swenum
     \SystemRoot\System32\DriverStore\FileRepository\swenum.inf_amd64_1c567926e5b29133\swenum.sys
     软件总线驱动程序: Plug and Play Software Device Enumerator
     Microsoft Corporation
     10.0.18362.329
     c:\windows\system32\driverstore\filerepository\swenum.inf_amd64_1c567926e5b29133\swenum.sys
     1938/7/20 17:28
   Synth3dVsc
     \SystemRoot\System32\drivers\Synth3dVsc.sys
     Synth3dVsc: Microsoft RemoteFX Synth3D Video VSC
     Microsoft Corporation
     10.0.18362.1
     c:\windows\system32\drivers\synth3dvsc.sys
     2014/4/16 20:35
   SynTP
     \SystemRoot\system32\DRIVERS\SynTP.sys
     Synaptics TouchPad Driver: Synaptics Touchpad Win64 Driver
     Synaptics Incorporated
     19.4.18.30
     c:\windows\system32\drivers\syntp.sys
     2018/1/6 6:52
   Tcpip
     System32\drivers\tcpip.sys
     TCP/IP Protocol Driver: TCP/IP 协议驱动程序
     Microsoft Corporation
     10.0.18362.752
     c:\windows\system32\drivers\tcpip.sys
     2003/11/15 21:34
   Tcpip6
     System32\drivers\tcpip.sys
     @todo.dll,-100;Microsoft IPv6 Protocol Driver: @todo.dll,-100;Microsoft IPv6 Protocol Driver
     Microsoft Corporation
     10.0.18362.752
     c:\windows\system32\drivers\tcpip.sys
     2003/11/15 21:34
   tcpipreg
     System32\drivers\tcpipreg.sys
     TCP/IP Registry Compatibility: Provides compatibility for legacy applications which interact with TCP/IP through the registry. If this service is stopped, certain applications may have impaired functionality.
     Microsoft Corporation
     10.0.18362.1
     c:\windows\system32\drivers\tcpipreg.sys
     1997/10/25 17:04
   tdx
     \SystemRoot\system32\DRIVERS\tdx.sys
     NetIO 旧 TDI 支持驱动程序: NetIO 旧 TDI 支持驱动程序
     Microsoft Corporation
     10.0.18362.1
     c:\windows\system32\drivers\tdx.sys
     1975/5/20 20:06
   terminpt
     \SystemRoot\System32\drivers\terminpt.sys
     Microsoft 远程桌面输入驱动程序: Terminal Server Input Driver
     Microsoft Corporation
     10.0.18362.1
     c:\windows\system32\drivers\terminpt.sys
     2032/5/16 5:18
   TPM
     \SystemRoot\System32\drivers\tpm.sys
     TPM: TPM 驱动程序
     Microsoft Corporation
     10.0.18362.693
     c:\windows\system32\drivers\tpm.sys
     1935/5/14 11:02
   TsUsbFlt
     system32\drivers\tsusbflt.sys
     Remote Desktop USB Hub Class Filter Driver: Remote Desktop USB Hub Class Filter Driver
     Microsoft Corporation
     10.0.18362.1
     c:\windows\system32\drivers\tsusbflt.sys
     1906/3/14 12:47
   TsUsbGD
     \SystemRoot\System32\drivers\TsUsbGD.sys
     远程桌面通用 USB 设备: Remote Desktop Generic USB Driver
     Microsoft Corporation
     10.0.18362.1
     c:\windows\system32\drivers\tsusbgd.sys
     2010/3/26 10:12
   tsusbhub
     \SystemRoot\System32\drivers\tsusbhub.sys
     Remote Desktop USB Hub: 远程桌面 USB 集线器
     Microsoft Corporation
     10.0.18362.592
     c:\windows\system32\drivers\tsusbhub.sys
     1984/8/31 11:23
   tunnel
     System32\drivers\tunnel.sys
     Microsoft Tunnel Miniport 适配器驱动程序: Microsoft 隧道接口驱动程序
     Microsoft Corporation
     10.0.18362.476
     c:\windows\system32\drivers\tunnel.sys
     1915/12/29 8:31
   UASPStor
     \SystemRoot\System32\drivers\uaspstor.sys
     USB Attached SCSI (UAS) 驱动程序: Microsoft Uasp Driver
     Microsoft Corporation
     10.0.18362.387
     c:\windows\system32\drivers\uaspstor.sys
     1931/10/30 7:01
   UcmCx0101
     System32\Drivers\UcmCx.sys
     USB Connector Manager KMDF Class Extension: USB Connector Manager KMDF Class Extension
     Microsoft Corporation
     10.0.18362.1
     c:\windows\system32\drivers\ucmcx.sys
     1957/8/5 19:03
   UcmTcpciCx0101
     System32\Drivers\UcmTcpciCx.sys
     UCM-TCPCI KMDF Class Extension: UCM-TCPCI KMDF Class Extension
     Microsoft Corporation
     10.0.18362.1
     c:\windows\system32\drivers\ucmtcpcicx.sys
     1955/5/27 18:52
   UcmUcsiAcpiClient
     \SystemRoot\System32\drivers\UcmUcsiAcpiClient.sys
     UCM-UCSI ACPI 客户端: UCM-UCSI ACPI Client Driver
     Microsoft Corporation
     10.0.18362.1
     c:\windows\system32\drivers\ucmucsiacpiclient.sys
     1954/2/27 20:25
   UcmUcsiCx0101
     System32\Drivers\UcmUcsiCx.sys
     UCM-UCSI KMDF Class Extension: UCM-UCSI KMDF Class Extension
     Microsoft Corporation
     10.0.18362.1
     c:\windows\system32\drivers\ucmucsicx.sys
     1988/1/17 22:35
   Ucx01000
     system32\drivers\ucx01000.sys
     USB Host Support Library: USB Controller Extension
     Microsoft Corporation
     10.0.18362.1
     c:\windows\system32\drivers\ucx01000.sys
     1972/3/17 6:35
   UdeCx
     system32\drivers\udecx.sys
     USB Device Emulation Support Library: "udecx.DRIVER"
     Microsoft Corporation
     10.0.18362.1
     c:\windows\system32\drivers\udecx.sys
     2003/4/19 10:26
   UEFI
     \SystemRoot\System32\DriverStore\FileRepository\uefi.inf_amd64_4fcaf0fc6eaf7533\UEFI.sys
     Microsoft UEFI 驱动程序: UEFI Driver for NT
     Microsoft Corporation
     10.0.18362.329
     c:\windows\system32\driverstore\filerepository\uefi.inf_amd64_4fcaf0fc6eaf7533\uefi.sys
     2021/6/5 11:01
   Ufx01000
     system32\drivers\ufx01000.sys
     USB Function Class Extension: USB Function Driver Class Extension
     Microsoft Corporation
     10.0.18362.1
     c:\windows\system32\drivers\ufx01000.sys
     1937/1/18 10:02
   UfxChipidea
     \SystemRoot\System32\DriverStore\FileRepository\ufxchipidea.inf_amd64_624eef84faf426d6\UfxChipidea.sys
     USB Chipidea 控制器: UFX Chipidea Client Driver
     Microsoft Corporation
     10.0.18362.329
     c:\windows\system32\driverstore\filerepository\ufxchipidea.inf_amd64_624eef84faf426d6\ufxchipidea.sys
     2019/4/27 22:01
   ufxsynopsys
     \SystemRoot\System32\drivers\ufxsynopsys.sys
     USB Synopsys 控制器: UFX Synopsys Client Driver
     Microsoft Corporation
     10.0.18362.1
     c:\windows\system32\drivers\ufxsynopsys.sys
     2030/8/17 15:08
   umbus
     \SystemRoot\System32\DriverStore\FileRepository\umbus.inf_amd64_e566af5dd9858a0e\umbus.sys
     UMBus Enumerator Driver: User-Mode Bus Enumerator
     Microsoft Corporation
     10.0.18362.329
     c:\windows\system32\driverstore\filerepository\umbus.inf_amd64_e566af5dd9858a0e\umbus.sys
     1996/1/23 17:04
   UmPass
     \SystemRoot\System32\drivers\umpass.sys
     Microsoft UMPass 驱动程序: Generic pass-through driver
     Microsoft Corporation
     10.0.18362.1
     c:\windows\system32\drivers\umpass.sys
     2010/5/12 15:53
   UrsChipidea
     \SystemRoot\System32\DriverStore\FileRepository\urschipidea.inf_amd64_86da23c455846f41\urschipidea.sys
     Chipidea USB 角色切换驱动程序: USB Role-Switch Driver for Chipidea Core
     Microsoft Corporation
     10.0.18362.329
     c:\windows\system32\driverstore\filerepository\urschipidea.inf_amd64_86da23c455846f41\urschipidea.sys
     1923/10/3 22:17
   UrsCx01000
     system32\drivers\urscx01000.sys
     USB Role-Switch Support Library: USB Role-Switch Class Extension
     Microsoft Corporation
     10.0.18362.1
     c:\windows\system32\drivers\urscx01000.sys
     1954/4/5 16:23
   UrsSynopsys
     \SystemRoot\System32\DriverStore\FileRepository\urssynopsys.inf_amd64_7302ce5d1420ed71\urssynopsys.sys
     Synopsys USB 角色切换驱动程序: USB Role-Switch Driver for Synopsys Core
     Microsoft Corporation
     10.0.18362.329
     c:\windows\system32\driverstore\filerepository\urssynopsys.inf_amd64_7302ce5d1420ed71\urssynopsys.sys
     1908/4/10 20:12
   usbaudio
     \SystemRoot\system32\drivers\usbaudio.sys
     USB Audio Driver (WDM): USB Audio Class Driver
     Microsoft Corporation
     10.0.18362.1
     c:\windows\system32\drivers\usbaudio.sys
     2019/6/23 2:37
   usbaudio2
     \SystemRoot\System32\drivers\usbaudio2.sys
     USB 音频 2.0 服务: Microsoft USB Audio Class 2.0 Driver
     Microsoft Corporation
     10.0.18362.207
     c:\windows\system32\drivers\usbaudio2.sys
     1944/6/13 4:07
   usbccgp
     \SystemRoot\System32\drivers\usbccgp.sys
     Microsoft USB 通用父驱动程序: USB Common Class Generic Parent Driver
     Microsoft Corporation
     10.0.18362.693
     c:\windows\system32\drivers\usbccgp.sys
     2000/1/2 7:21
   usbcir
     \SystemRoot\System32\drivers\usbcir.sys
     eHome Infrared Receiver (USBCIR): USB Consumer IR Driver for eHome
     Microsoft Corporation
     10.0.18362.1
     c:\windows\system32\drivers\usbcir.sys
     2034/2/20 11:15
   usbehci
     \SystemRoot\System32\drivers\usbehci.sys
     Microsoft USB 2.0 Enhanced Host Controller Miniport Driver: EHCI eUSB Miniport Driver
     Microsoft Corporation
     10.0.18362.1
     c:\windows\system32\drivers\usbehci.sys
     2036/2/17 1:09
   usbhub
     \SystemRoot\System32\drivers\usbhub.sys
     Microsoft USB 标准集线器驱动程序: USB 的默认集线器驱动程序
     Microsoft Corporation
     10.0.18362.1
     c:\windows\system32\drivers\usbhub.sys
     1902/8/10 5:29
   USBHUB3
     \SystemRoot\System32\drivers\UsbHub3.sys
     SuperSpeed 集线器: USB3 集线器驱动程序
     Microsoft Corporation
     10.0.18362.1
     c:\windows\system32\drivers\usbhub3.sys
     1946/9/9 13:49
   usbohci
     \SystemRoot\System32\drivers\usbohci.sys
     Microsoft USB Open Host Controller Miniport Driver: OHCI USB Miniport Driver
     Microsoft Corporation
     10.0.18362.1
     c:\windows\system32\drivers\usbohci.sys
     1996/4/11 1:48
   usbprint
     \SystemRoot\System32\drivers\usbprint.sys
     Microsoft USB PRINTER Class: USB Printer driver
     Microsoft Corporation
     10.0.18362.1
     c:\windows\system32\drivers\usbprint.sys
     1926/1/26 8:54
   usbser
     \SystemRoot\System32\drivers\usbser.sys
     Microsoft USB 串行驱动程序: USB Serial Driver
     Microsoft Corporation
     10.0.18362.1
     c:\windows\system32\drivers\usbser.sys
     2004/12/7 1:10
   USBSTOR
     \SystemRoot\System32\drivers\USBSTOR.SYS
     USB 大容量存储驱动程序: USB 大容量存储类驱动程序
     Microsoft Corporation
     10.0.18362.1
     c:\windows\system32\drivers\usbstor.sys
     1917/5/10 21:52
   usbuhci
     \SystemRoot\System32\drivers\usbuhci.sys
     Microsoft USB Universal Host Controller Miniport Driver: UHCI USB Miniport Driver
     Microsoft Corporation
     10.0.18362.1
     c:\windows\system32\drivers\usbuhci.sys
     1946/3/20 2:10
   usbvideo
     \SystemRoot\System32\Drivers\usbvideo.sys
     USB 视频设备(WDM): USB Video Class Driver
     Microsoft Corporation
     10.0.18362.693
     c:\windows\system32\drivers\usbvideo.sys
     1996/11/19 23:41
   USBXHCI
     \SystemRoot\System32\drivers\USBXHCI.SYS
     符合 USB xHCI 的主机控制器: USB XHCI 驱动程序
     Microsoft Corporation
     10.0.18362.693
     c:\windows\system32\drivers\usbxhci.sys
     1902/6/5 8:17
   vdrvroot
     System32\drivers\vdrvroot.sys
     Microsoft 虚拟驱动器枚举器: Virtual Drive Root Enumerator
     Microsoft Corporation
     10.0.18362.1
     c:\windows\system32\drivers\vdrvroot.sys
     1970/7/15 19:57
   vhdmp
     \SystemRoot\System32\drivers\vhdmp.sys
     vhdmp: VHD Miniport Driver
     Microsoft Corporation
     10.0.18362.657
     c:\windows\system32\drivers\vhdmp.sys
     2017/1/29 5:20
   vhf
     \SystemRoot\System32\drivers\vhf.sys
     虚拟 HID 框架(VHF)驱动程序: 实现虚拟 HID 框架(VHF)的内核模式驱动程序
     Microsoft Corporation
     10.0.18362.1
     c:\windows\system32\drivers\vhf.sys
     1927/4/11 9:42
   Vid
     \SystemRoot\System32\drivers\Vid.sys
     Vid: Microsoft Hyper-V Virtualization Infrastructure Driver
     Microsoft Corporation
     10.0.18362.476
     c:\windows\system32\drivers\vid.sys
     2015/12/31 15:26
   vmbus
     System32\drivers\vmbus.sys
     虚拟机总线: Microsoft Hyper-V 虚拟机总线子驱动程序
     Microsoft Corporation
     10.0.18362.693
     c:\windows\system32\drivers\vmbus.sys
     1980/1/4 0:34
   VMBusHID
     \SystemRoot\System32\drivers\VMBusHID.sys
     VMBusHID: Microsoft VMBus HID Miniport
     Microsoft Corporation
     10.0.18362.1
     c:\windows\system32\drivers\vmbushid.sys
     2030/12/9 20:55
   vmci
     System32\drivers\vmci.sys
     VMware VMCI Bus Driver: VMware PCI VMCI Bus Device
     VMware, Inc.
     9.8.16.0
     c:\windows\system32\drivers\vmci.sys
     2019/7/16 13:03
   vmgid
     \SystemRoot\System32\drivers\vmgid.sys
     Microsoft Hyper-V 来宾基础结构驱动程序: Virtual Machine Guest Infrastructure Driver
     Microsoft Corporation
     10.0.18362.1
     c:\windows\system32\drivers\vmgid.sys
     1919/7/2 22:23
   VMnetAdapter
     \SystemRoot\system32\DRIVERS\vmnetadapter.sys
     VMware Virtual Ethernet Adapter Driver: Driver for VMware's Virtual Ethernet Adapters Ver. 2
     VMware, Inc.
     14.0.0.3
     c:\windows\system32\drivers\vmnetadapter.sys
     2019/8/9 19:14
   VMnetBridge
     \SystemRoot\system32\DRIVERS\vmnetbridge.sys
     VMware Bridge Protocol: VMware Bridge Protocol
     VMware, Inc.
     14.0.0.3
     c:\windows\system32\drivers\vmnetbridge.sys
     2019/8/9 19:14
   VMnetuserif
     \SystemRoot\system32\DRIVERS\vmnetuserif.sys
     VMware Virtual Ethernet Userif for VMnet: VMware Virtual Ethernet Userif for VMnet
     VMware, Inc.
     14.0.0.3
     c:\windows\system32\drivers\vmnetuserif.sys
     2019/8/9 19:14
   vmx86
     \SystemRoot\system32\DRIVERS\vmx86.sys
     VMware vmx86: VMware vmx86 driver
     VMware, Inc.
     15.0.0.84
     c:\windows\system32\drivers\vmx86.sys
     2019/8/6 16:38
   volmgr
     System32\drivers\volmgr.sys
     卷管理器驱动程序: 卷管理器驱动程序
     Microsoft Corporation
     10.0.18362.752
     c:\windows\system32\drivers\volmgr.sys
     2016/5/6 4:14
   volmgrx
     System32\drivers\volmgrx.sys
     Dynamic Volume Manager: 管理动态磁盘上软件 RAID 卷(跨区卷、带区卷、镜像卷、RAID-5)的卷管理器驱动程序扩展
     Microsoft Corporation
     10.0.18362.1
     c:\windows\system32\drivers\volmgrx.sys
     1948/3/6 8:47
   volsnap
     System32\drivers\volsnap.sys
     卷映像复制驱动程序: 用于撷取和管理快照的卷类别筛选器驱动程序。
     Microsoft Corporation
     10.0.18362.693
     c:\windows\system32\drivers\volsnap.sys
     1913/4/16 22:52
   volume
     System32\drivers\volume.sys
     卷驱动程序: Volume driver
     Microsoft Corporation
     10.0.18362.1
     c:\windows\system32\drivers\volume.sys
     1921/7/30 4:37
   vpci
     \SystemRoot\System32\drivers\vpci.sys
     Microsoft Hyper-V 虚拟 PCI 总线: Virtual PCI Bus
     Microsoft Corporation
     10.0.18362.1
     c:\windows\system32\drivers\vpci.sys
     1947/4/11 15:09
   vsmraid
     System32\drivers\vsmraid.sys
     vsmraid: VIA RAID DRIVER FOR AMD-X86-64
     VIA Technologies Inc.,Ltd
     7.0.9600.6352
     c:\windows\system32\drivers\vsmraid.sys
     2014/4/23 3:21
   vsock
     system32\DRIVERS\vsock.sys
     vSockets Virtual Machine Communication Interface Sockets driver: vSockets Driver
     VMware, Inc.
     9.8.16.0
     c:\windows\system32\drivers\vsock.sys
     2019/7/16 13:04
   vstor2-mntapi20-shared
     SysWOW64\drivers\vstor2-x64.sys
     Vstor2 MntApi 2.0 Driver (shared): VMware Virtual Storage Volume Driver
     VMware, Inc.
     6.1.2.439
     c:\windows\syswow64\drivers\vstor2-x64.sys
     2017/8/15 15:45
   VSTXRAID
     System32\drivers\vstxraid.sys
     VIA StorX Storage RAID Controller Windows Driver: VIA StorX RAID Controller Driver
     VIA Corporation
     8.0.9200.8110
     c:\windows\system32\drivers\vstxraid.sys
     2013/1/22 3:00
   vwifibus
     \SystemRoot\System32\drivers\vwifibus.sys
     Virtual Wireless Bus Driver: Implements bus functionality for Virtual Wireless
     Microsoft Corporation
     10.0.18362.1
     c:\windows\system32\drivers\vwifibus.sys
     2012/2/15 10:47
   vwififlt
     System32\drivers\vwififlt.sys
     Virtual WiFi Filter Driver: Virtual WiFi Filter Driver
     Microsoft Corporation
     10.0.18362.1
     c:\windows\system32\drivers\vwififlt.sys
     2000/6/4 3:54
   vwifimp
     \SystemRoot\System32\drivers\vwifimp.sys
     Virtual WiFi Miniport Service: Virtual WiFi Miniport Driver
     Microsoft Corporation
     10.0.18362.1
     c:\windows\system32\drivers\vwifimp.sys
     2001/4/27 4:43
   WacomPen
     \SystemRoot\System32\drivers\wacompen.sys
     Wacom Serial Pen HID Driver: Wacom 串行笔平板电脑 HID 驱动器
     Microsoft Corporation
     10.0.18362.1
     c:\windows\system32\drivers\wacompen.sys
     1944/7/22 19:53
   wanarp
     System32\DRIVERS\wanarp.sys
     远程访问 IP ARP 驱动程序: 远程访问 IP ARP 驱动程序
     Microsoft Corporation
     10.0.18362.387
     c:\windows\system32\drivers\wanarp.sys
     1982/6/11 11:50
   wanarpv6
     System32\DRIVERS\wanarp.sys
     远程访问 IPv6 ARP 驱动程序: 远程访问 IPv6 ARP 驱动程序
     Microsoft Corporation
     10.0.18362.387
     c:\windows\system32\drivers\wanarp.sys
     1982/6/11 11:50
   wcifs
     \SystemRoot\system32\drivers\wcifs.sys
     Windows Container Isolation: Provides a virtual filesystem view for processes running within Windows Containers
     Microsoft Corporation
     10.0.18362.693
     c:\windows\system32\drivers\wcifs.sys
     2011/8/26 6:27
   wcnfs
     \SystemRoot\system32\drivers\wcnfs.sys
     Windows Container Name Virtualization: Virtualizes file system names for processes running within Windows Containers
     Microsoft Corporation
     10.0.18362.1
     c:\windows\system32\drivers\wcnfs.sys
     1985/2/10 21:51
   WdBoot
     system32\drivers\wd\WdBoot.sys
     Windows Defender Antivirus Boot Driver: Windows Defender 防病毒启动驱动程序
     Microsoft Corporation
     4.18.2004.6
     c:\windows\system32\drivers\wd\wdboot.sys
     1960/1/2 15:51
   Wdf01000
     system32\drivers\Wdf01000.sys
     Kernel Mode Driver Frameworks service: 内核模式驱动程序框架运行时
     Microsoft Corporation
     1.29.18362.1
     c:\windows\system32\drivers\wdf01000.sys
     1979/4/6 2:38
   WdFilter
     system32\drivers\wd\WdFilter.sys
     Windows Defender Antivirus Mini-Filter Driver: Windows Defender 防病毒访问恶意软件防护微筛选器驱动程序
     Microsoft Corporation
     4.18.2004.6
     c:\windows\system32\drivers\wd\wdfilter.sys
     1904/11/21 1:04
   wdiwifi
     system32\DRIVERS\wdiwifi.sys
     WDI Driver Framework: WDI Driver Framework Driver
     Microsoft Corporation
     10.0.18362.387
     c:\windows\system32\drivers\wdiwifi.sys
     1966/12/3 0:26
   WdmCompanionFilter
     system32\drivers\WdmCompanionFilter.sys
     WdmCompanionFilter: WDM Companion Filter
     Microsoft Corporation
     10.0.18362.1
     c:\windows\system32\drivers\wdmcompanionfilter.sys
     1906/4/9 9:11
   WdNisDrv
     system32\drivers\wd\WdNisDrv.sys
     Windows Defender Antivirus Network Inspection System Driver: 帮助防止针对网络协议中的已知和新发现的漏洞发起的入侵 企图
     Microsoft Corporation
     4.18.2004.6
     c:\windows\system32\drivers\wd\wdnisdrv.sys
     1918/2/13 0:21
   WFPLWFS
     System32\drivers\wfplwfs.sys
     Microsoft Windows 筛选平台: Microsoft Windows 筛选平台
     Microsoft Corporation
     10.0.18362.207
     c:\windows\system32\drivers\wfplwfs.sys
     2021/5/4 1:02
   WIMMount
     system32\drivers\wimmount.sys
     WIMMount: WIM Image mount service driver
     Microsoft Corporation
     10.0.18362.657
     c:\windows\system32\drivers\wimmount.sys
     2011/9/7 0:41
   WindowsTrustedRT
     system32\drivers\WindowsTrustedRT.sys
     Windows Trusted Execution Environment Class Extension: Windows Trusted Runtime Interface Driver
     Microsoft Corporation
     10.0.18362.1
     c:\windows\system32\drivers\windowstrustedrt.sys
     1942/2/19 9:13
   WindowsTrustedRTProxy
     System32\drivers\WindowsTrustedRTProxy.sys
     Microsoft Windows 可信运行时安全服务: Windows Trusted Runtime Service Proxy Driver
     Microsoft Corporation
     10.0.18362.1
     c:\windows\system32\drivers\windowstrustedrtproxy.sys
     2013/3/24 6:43
   WinMad
     \SystemRoot\System32\drivers\winmad.sys
     WinMad 服务: Kernel WinMad
     Mellanox
     5.50.14643.0
     c:\windows\system32\drivers\winmad.sys
     2018/4/26 0:27
   WinNat
     system32\drivers\winnat.sys
     Windows NAT Driver: 此服务提供网络地址转换功能
     Microsoft Corporation
     10.0.18362.752
     c:\windows\system32\drivers\winnat.sys
     2011/12/5 19:06
   WinQuic
     system32\drivers\winquic.sys
     WinQuic: Windows QUIC Driver
     Microsoft Corporation
     10.0.18362.145
     c:\windows\system32\drivers\winquic.sys
     1947/9/15 11:26
   WINUSB
     \SystemRoot\System32\drivers\WinUSB.SYS
     WinUsb 驱动程序: USB 设备的通用驱动程序
     Microsoft Corporation
     10.0.18362.1
     c:\windows\system32\drivers\winusb.sys
     1918/11/10 11:53
   WinVerbs
     \SystemRoot\System32\drivers\winverbs.sys
     WinVerbs 服务: Kernel WinVerbs
     Mellanox
     5.50.14643.0
     c:\windows\system32\drivers\winverbs.sys
     2018/4/26 0:28
   WmiAcpi
     \SystemRoot\System32\drivers\wmiacpi.sys
     Microsoft Windows Management Interface for ACPI: Windows Management Interface for ACPI
     Microsoft Corporation
     10.0.18362.1
     c:\windows\system32\drivers\wmiacpi.sys
     1927/3/16 0:23
   Wof
     Wof
     Windows Overlay File System Filter Driver: Windows 覆盖筛选器
     Microsoft Corporation
     10.0.18362.418
     c:\windows\system32\drivers\wof.sys
     1960/9/21 14:56
   WpdUpFltr
     System32\drivers\WpdUpFltr.sys
     WPD Upper Class Filter Driver: WPD Upper Class Filter Driver
     Microsoft Corporation
     10.0.18362.1
     c:\windows\system32\drivers\wpdupfltr.sys
     1918/9/3 9:12
   ws2ifsl
     \SystemRoot\system32\drivers\ws2ifsl.sys
     Windows 套接字 2.0 Non-IFS 服务提供程序支持环境: Winsock IFS Driver
     Microsoft Corporation
     10.0.18362.356
     c:\windows\system32\drivers\ws2ifsl.sys
     2037/1/31 21:36
   WudfPf
     system32\drivers\WudfPf.sys
     User Mode Driver Frameworks Platform Driver: A kernel mode driver that uses message-based interprocess communication mechanism to communicate with the driver manager and secure host process to facilitate secure companions
     Microsoft Corporation
     10.0.18362.1
     c:\windows\system32\drivers\wudfpf.sys
     1953/7/5 18:05
   WUDFRd
     \SystemRoot\System32\drivers\WUDFRd.sys
     Windows Driver Foundation - User-mode Driver Framework Reflector: A kernel mode driver that uses message-based interprocess communication mechanism to communicate with the driver manager and host process to facilitate UMDF drivers
     Microsoft Corporation
     10.0.18362.1
     c:\windows\system32\drivers\wudfrd.sys
     1992/6/19 4:42
   WUDFWpdFs
     \SystemRoot\system32\DRIVERS\WUDFRd.sys
     WPD 文件系统驱动程序: 允许通过 WPD 接口与可移动存储设备通信的用户模式驱动程序
     Microsoft Corporation
     10.0.18362.1
     c:\windows\system32\drivers\wudfrd.sys
     1992/6/19 4:42
   xboxgip
     \SystemRoot\System32\drivers\xboxgip.sys
     Xbox 游戏输入协议驱动程序: Xbox 游戏输入协议驱动程序
     Microsoft Corporation
     10.0.18362.267
     c:\windows\system32\drivers\xboxgip.sys
     2016/2/9 11:09
   xinputhid
     \SystemRoot\System32\drivers\xinputhid.sys
     XINPUT HID 筛选器驱动程序: XINPUT filter driver for HID
     Microsoft Corporation
     10.0.18362.1
     c:\windows\system32\drivers\xinputhid.sys
     1930/12/12 10:08

HKLM\SOFTWARE\Microsoft\Windows NT\CurrentVersion\Font Drivers
   Adobe Type Manager
     atmfd.dll
     File not found: atmfd.dll
